=== [ibookg37/g3/1.0] check-test-coverage ===
ok: 502 files in test/ accounted for
    520 wired via scripts/test-list-*.txt
    4 in the intentional-skip allowlist
=== [ibookg37/g3/1.0] check-demo-deps ===
ok: 51 test/vendor/ files transitively reached by demos, all in install rule (55 shipped at root)
=== [ibookg37/g3/1.0] rsync source ===
Transfer starting: 6121 files
deleting docs/sessions/048-node-10-parity-pass-14/{build-logs/survey-wave-2-logs}/
deleting docs/sessions/048-node-10-parity-pass-14/{build-logs/
deleting test/fib-report.txt
./
docs/sessions/
Makefile
docs/sessions/048-node-10-parity-pass-14/
docs/sessions/048-node-10-parity-pass-14/build-logs/
docs/sessions/048-node-10-parity-pass-14/build-logs/survey-wave-2-logs/
docs/sessions/048-node-10-parity-pass-14/build-logs/g3-build.log
docs/sessions/048-node-10-parity-pass-14/build-logs/progress.tsv
docs/sessions/048-node-10-parity-pass-14/build-logs/run-wave2.log
docs/sessions/048-node-10-parity-pass-14/build-logs/summary.tsv
docs/sessions/048-node-10-parity-pass-14/release-notes/
docs/sessions/049-node-10-parity-pass-15/
docs/sessions/049-node-10-parity-pass-15/build-logs/
docs/sessions/049-node-10-parity-pass-15/release-notes/
src/
docs/sessions/048-node-10-parity-pass-14/build-logs/survey-wave-2-logs/JSONStream.log
docs/sessions/048-node-10-parity-pass-14/build-logs/survey-wave-2-logs/ajv.log
docs/sessions/048-node-10-parity-pass-14/build-logs/survey-wave-2-logs/async.log
docs/sessions/048-node-10-parity-pass-14/build-logs/survey-wave-2-logs/chokidar.log
docs/sessions/048-node-10-parity-pass-14/build-logs/survey-wave-2-logs/cli-progress.log
docs/sessions/048-node-10-parity-pass-14/build-logs/survey-wave-2-logs/date-fns.log
docs/sessions/048-node-10-parity-pass-14/build-logs/survey-wave-2-logs/dayjs.log
docs/sessions/048-node-10-parity-pass-14/build-logs/survey-wave-2-logs/ejs.log
docs/sessions/048-node-10-parity-pass-14/build-logs/survey-wave-2-logs/fs-extra.log
docs/sessions/048-node-10-parity-pass-14/build-logs/survey-wave-2-logs/glob.log
docs/sessions/048-node-10-parity-pass-14/build-logs/survey-wave-2-logs/got.log
docs/sessions/048-node-10-parity-pass-14/build-logs/survey-wave-2-logs/inquirer.log
docs/sessions/048-node-10-parity-pass-14/build-logs/survey-wave-2-logs/luxon.log
docs/sessions/048-node-10-parity-pass-14/build-logs/survey-wave-2-logs/make-fetch-happen.log
docs/sessions/048-node-10-parity-pass-14/build-logs/survey-wave-2-logs/meow.log
docs/sessions/048-node-10-parity-pass-14/build-logs/survey-wave-2-logs/minimatch.log
docs/sessions/048-node-10-parity-pass-14/build-logs/survey-wave-2-logs/multistream.log
docs/sessions/048-node-10-parity-pass-14/build-logs/survey-wave-2-logs/nanoid.log
docs/sessions/048-node-10-parity-pass-14/build-logs/survey-wave-2-logs/ora.log
docs/sessions/048-node-10-parity-pass-14/build-logs/survey-wave-2-logs/p-limit.log
docs/sessions/048-node-10-parity-pass-14/build-logs/survey-wave-2-logs/p-queue.log
docs/sessions/048-node-10-parity-pass-14/build-logs/survey-wave-2-logs/p-retry.log
docs/sessions/048-node-10-parity-pass-14/build-logs/survey-wave-2-logs/phin.log
docs/sessions/048-node-10-parity-pass-14/build-logs/survey-wave-2-logs/pino.log
docs/sessions/048-node-10-parity-pass-14/build-logs/survey-wave-2-logs/pug.log
docs/sessions/048-node-10-parity-pass-14/build-logs/survey-wave-2-logs/pumpify.log
docs/sessions/048-node-10-parity-pass-14/build-logs/survey-wave-2-logs/request-promise-native.log
docs/sessions/048-node-10-parity-pass-14/build-logs/survey-wave-2-logs/superagent.log
docs/sessions/048-node-10-parity-pass-14/build-logs/survey-wave-2-logs/through2.log
docs/sessions/048-node-10-parity-pass-14/build-logs/survey-wave-2-logs/uuid.log
docs/sessions/048-node-10-parity-pass-14/build-logs/survey-wave-2-logs/validator.log
docs/sessions/048-node-10-parity-pass-14/build-logs/survey-wave-2-logs/yargs.log
docs/sessions/048-node-10-parity-pass-14/build-logs/survey-wave-2-logs/yup.log
docs/sessions/048-node-10-parity-pass-14/handoff-pass-15.md
docs/sessions/048-node-10-parity-pass-14/notes.md
docs/sessions/048-node-10-parity-pass-14/release-notes/v1.0.md
docs/sessions/049-node-10-parity-pass-15/build-logs/g3-build.log
docs/sessions/049-node-10-parity-pass-15/notes.md
src/node_compat/
src/main.cpp
src/node_compat/buffer.cpp
test/
src/node_compat/globals.cpp
src/node_compat/net.cpp
src/node_compat/process.cpp
src/node_compat/tls.cpp

sent 628888 bytes  received 6648 bytes  493007 bytes/sec
total size is 105710476  speedup is 166.33
=== [ibookg37/g3/1.0] scp Makefile + process.cpp + globals.cpp + main.cpp + net.cpp + tls.cpp (gremlin workaround) ===
=== [ibookg37/g3/1.0] clean + build  (MOZJS=/opt/mozjs-45-ionpower-g3 CPU='-mcpu=750 -mtune=750') ===
rm -f src/main.o src/node_compat/console.o src/node_compat/process.o src/node_compat/fs.o src/node_compat/path.o src/node_compat/buffer.o src/node_compat/require.o src/node_compat/timers.o src/node_compat/crypto.o src/node_compat/http.o src/node_compat/child_process.o src/node_compat/event_loop.o src/node_compat/net.o src/node_compat/tls.o src/node_compat/zlib.o src/node_compat/globals.o node
ld: warning: mozilla::Vector<JS::Value, 8ul, js::TempAllocPolicy>::growStorageBy(unsigned long) has different visibility (hidden) in /opt/mozjs-45-ionpower-g3/lib/libjs_static.a(Unified_cpp_js_src10.o) and (default) in src/node_compat/timers.o
ld: warning: mozilla::Vector<JS::Value, 8ul, js::TempAllocPolicy>::growStorageBy(unsigned long) has different visibility (hidden) in /opt/mozjs-45-ionpower-g3/lib/libjs_static.a(Unified_cpp_js_src26.o) and (default) in src/node_compat/timers.o
ld: warning: mozilla::Vector<JS::Value, 8ul, js::TempAllocPolicy>::growStorageBy(unsigned long) has different visibility (hidden) in /opt/mozjs-45-ionpower-g3/lib/libjs_static.a(Unified_cpp_js_src16.o) and (default) in src/node_compat/timers.o
ld: warning: mozilla::Vector<JS::Value, 8ul, js::TempAllocPolicy>::growStorageBy(unsigned long) has different visibility (hidden) in /opt/mozjs-45-ionpower-g3/lib/libjs_static.a(Unified_cpp_js_src31.o) and (default) in src/node_compat/timers.o
ld: warning: JS::CompileOptions::element() const has different visibility (hidden) in /opt/mozjs-45-ionpower-g3/lib/libjs_static.a(Unified_cpp_js_src1.o) and (default) in src/node_compat/process.o
ld: warning: JS::CompileOptions::elementAttributeName() const has different visibility (hidden) in /opt/mozjs-45-ionpower-g3/lib/libjs_static.a(Unified_cpp_js_src1.o) and (default) in src/node_compat/process.o
ld: warning: JS::CompileOptions::introductionScript() const has different visibility (hidden) in /opt/mozjs-45-ionpower-g3/lib/libjs_static.a(Unified_cpp_js_src1.o) and (default) in src/node_compat/process.o
ld: warning: mozilla::Vector<JS::Value, 8ul, js::TempAllocPolicy>::growStorageBy(unsigned long) has different visibility (hidden) in /opt/mozjs-45-ionpower-g3/lib/libjs_static.a(Unified_cpp_js_src1.o) and (default) in src/node_compat/timers.o
ld: warning: JS::CompileOptions::element() const has different visibility (hidden) in /opt/mozjs-45-ionpower-g3/lib/libjs_static.a(Unified_cpp_js_src3.o) and (default) in src/node_compat/process.o
ld: warning: JS::CompileOptions::elementAttributeName() const has different visibility (hidden) in /opt/mozjs-45-ionpower-g3/lib/libjs_static.a(Unified_cpp_js_src3.o) and (default) in src/node_compat/process.o
ld: warning: JS::CompileOptions::introductionScript() const has different visibility (hidden) in /opt/mozjs-45-ionpower-g3/lib/libjs_static.a(Unified_cpp_js_src3.o) and (default) in src/node_compat/process.o
ld: warning: js::TraceableVector<jsid, 0ul, js::TempAllocPolicy, js::DefaultGCPolicy<jsid> >::trace(js::TraceableVector<jsid, 0ul, js::TempAllocPolicy, js::DefaultGCPolicy<jsid> >*, JSTracer*) has different visibility (hidden) in /opt/mozjs-45-ionpower-g3/lib/libjs_static.a(Unified_cpp_js_src3.o) and (default) in src/node_compat/http.o
ld: warning: mozilla::Vector<JS::Value, 8ul, js::TempAllocPolicy>::growStorageBy(unsigned long) has different visibility (hidden) in /opt/mozjs-45-ionpower-g3/lib/libjs_static.a(Unified_cpp_js_src3.o) and (default) in src/node_compat/timers.o
ld: warning: JS::CompileOptions::element() const has different visibility (hidden) in /opt/mozjs-45-ionpower-g3/lib/libjs_static.a(Unified_cpp_js_src4.o) and (default) in src/node_compat/process.o
ld: warning: JS::CompileOptions::elementAttributeName() const has different visibility (hidden) in /opt/mozjs-45-ionpower-g3/lib/libjs_static.a(Unified_cpp_js_src4.o) and (default) in src/node_compat/process.o
ld: warning: JS::CompileOptions::introductionScript() const has different visibility (hidden) in /opt/mozjs-45-ionpower-g3/lib/libjs_static.a(Unified_cpp_js_src4.o) and (default) in src/node_compat/process.o
ld: warning: mozilla::Vector<JS::Value, 8ul, js::TempAllocPolicy>::growStorageBy(unsigned long) has different visibility (hidden) in /opt/mozjs-45-ionpower-g3/lib/libjs_static.a(Unified_cpp_js_src4.o) and (default) in src/node_compat/timers.o
ld: warning: mozilla::Vector<JS::Value, 8ul, js::TempAllocPolicy>::growStorageBy(unsigned long) has different visibility (hidden) in /opt/mozjs-45-ionpower-g3/lib/libjs_static.a(jsarray.o) and (default) in src/node_compat/timers.o
ld: warning: mozilla::Vector<JS::Value, 8ul, js::TempAllocPolicy>::growStorageBy(unsigned long) has different visibility (hidden) in /opt/mozjs-45-ionpower-g3/lib/libjs_static.a(Unified_cpp_js_src12.o) and (default) in src/node_compat/timers.o
ld: warning: JS::CompileOptions::element() const has different visibility (hidden) in /opt/mozjs-45-ionpower-g3/lib/libjs_static.a(RegExp.o) and (default) in src/node_compat/process.o
ld: warning: JS::CompileOptions::elementAttributeName() const has different visibility (hidden) in /opt/mozjs-45-ionpower-g3/lib/libjs_static.a(RegExp.o) and (default) in src/node_compat/process.o
ld: warning: JS::CompileOptions::introductionScript() const has different visibility (hidden) in /opt/mozjs-45-ionpower-g3/lib/libjs_static.a(RegExp.o) and (default) in src/node_compat/process.o
ld: warning: mozilla::Vector<JS::Value, 8ul, js::TempAllocPolicy>::growStorageBy(unsigned long) has different visibility (hidden) in /opt/mozjs-45-ionpower-g3/lib/libjs_static.a(Unified_cpp_js_src18.o) and (default) in src/node_compat/timers.o
ld: warning: JS::CompileOptions::element() const has different visibility (hidden) in /opt/mozjs-45-ionpower-g3/lib/libjs_static.a(Unified_cpp_js_src2.o) and (default) in src/node_compat/process.o
ld: warning: JS::CompileOptions::elementAttributeName() const has different visibility (hidden) in /opt/mozjs-45-ionpower-g3/lib/libjs_static.a(Unified_cpp_js_src2.o) and (default) in src/node_compat/process.o
ld: warning: JS::CompileOptions::introductionScript() const has different visibility (hidden) in /opt/mozjs-45-ionpower-g3/lib/libjs_static.a(Unified_cpp_js_src2.o) and (default) in src/node_compat/process.o
ld: warning: mozilla::Vector<JS::Value, 8ul, js::TempAllocPolicy>::growStorageBy(unsigned long) has different visibility (hidden) in /opt/mozjs-45-ionpower-g3/lib/libjs_static.a(Unified_cpp_js_src2.o) and (default) in src/node_compat/timers.o
ld: warning: mozilla::Vector<JS::Value, 8ul, js::TempAllocPolicy>::growStorageBy(unsigned long) has different visibility (hidden) in /opt/mozjs-45-ionpower-g3/lib/libjs_static.a(Unified_cpp_js_src9.o) and (default) in src/node_compat/timers.o
ld: warning: mozilla::Vector<JS::Value, 8ul, js::TempAllocPolicy>::growStorageBy(unsigned long) has different visibility (hidden) in /opt/mozjs-45-ionpower-g3/lib/libjs_static.a(Promise.o) and (default) in src/node_compat/timers.o
  [install_name_tool] @executable_path -> /opt/mozjs-45-ionpower-g3/lib
=== [ibookg37/g3/1.0] test-all ===
Testing test/node10-streams/test-stream-pipe-cleanup-pause.js PASS
Testing test/node10-streams/test-stream-pipe-multiple-pipes.js PASS
Testing test/node10-streams/test-stream-end-paused.js PASS
Testing test/node10-streams/test-stream-events-prepend.js PASS
Testing test/node10-streams/test-stream-readable-event.js PASS
Testing test/node10-streams/test-stream-pipe-flow.js PASS
Testing test/node10-streams/test-stream-pipe-manual-resume.js PASS
Testing test/node10-streams/test-stream-pipe-without-listenerCount.js PASS
Testing test/node10-streams/test-stream-objectmode-undefined.js PASS
Testing test/node10-streams/test-stream-transform-flush-data.js PASS
Testing test/node10-streams/test-stream-pipe-same-destination-twice.js PASS
Testing test/node10-streams/test-stream-unpipe-event.js PASS
Testing test/node10-streams/test-stream-readable-emittedReadable.js PASS
Testing test/node10-streams/test-stream-decoder-objectmode.js PASS
Testing test/node10-streams/test-stream-push-order.js PASS
Testing test/node10-streams/test-stream-readable-resumeScheduled.js PASS
Testing test/node10-streams/test-stream-pipe-cleanup.js PASS

495 passing tests
0 failing tests
=== [ibookg37/g3/1.0] install ===
cp -r test/vendor/elliptic   /opt/ionpower-node-1.0/share/ionpower-node/vendor/
cp README.md LICENSE   /opt/ionpower-node-1.0/share/ionpower-node/ 2>/dev/null || true
cp -r demos /opt/ionpower-node-1.0/share/ionpower-node/demos
mkdir -p /opt/ionpower-node-1.0/share/ionpower-node/test/vendor/nm/node_modules

installed ionpower-node 1.0 to /opt/ionpower-node-1.0
  binary:   /opt/ionpower-node-1.0/bin/node (-> ionpower-node)
  babel:    /opt/ionpower-node-1.0/share/ionpower-node/vendor/babel.js
  demos:    /opt/ionpower-node-1.0/share/ionpower-node/demos/
  mozjs:    expected at /opt/mozjs-45-ionpower-g3/

Run:  /opt/ionpower-node-1.0/bin/node <script.js>
=== [ibookg37/g3/1.0] tarball ===
-rw-r--r--   1 macuser  wheel  7616383 May 15 19:28 /tmp/ionpower-node-1.0-g3-ppc.tar.gz
=== [ibookg37/g3/1.0] DONE ===
