=== [emac/g4/1.0] check-test-coverage ===
ok: 503 files in test/ accounted for
    521 wired via scripts/test-list-*.txt
    4 in the intentional-skip allowlist
=== [emac/g4/1.0] check-demo-deps ===
ok: 51 test/vendor/ files transitively reached by demos, all in install rule (55 shipped at root)
=== [emac/g4/1.0] rsync source ===
Transfer starting: 6131 files
./
docs/sessions/049-node-10-parity-pass-15/build-logs/
Makefile
scripts/
src/
docs/sessions/049-node-10-parity-pass-15/build-logs/g3-build-attempt1.log
docs/sessions/049-node-10-parity-pass-15/build-logs/g3-build-attempt2-failed.log
docs/sessions/049-node-10-parity-pass-15/build-logs/g3-build.log
docs/sessions/049-node-10-parity-pass-15/build-logs/g3-tests-attempt1.log
docs/sessions/049-node-10-parity-pass-15/build-logs/g4-build-attempt1.log
docs/sessions/049-node-10-parity-pass-15/build-logs/g4-build.log
docs/sessions/049-node-10-parity-pass-15/build-logs/g5-build-attempt1.log
docs/sessions/049-node-10-parity-pass-15/build-logs/g5-build.log
docs/sessions/049-node-10-parity-pass-15/build-logs/g5-tests-attempt1-retry.log
scripts/test-list-core.txt
src/node_compat/
src/main.cpp
src/node_compat/buffer.cpp
test/
src/node_compat/globals.cpp
src/node_compat/net.cpp
src/node_compat/process.cpp
src/node_compat/require.cpp
src/node_compat/tls.cpp
test/require_cache_smoke.js

sent 634903 bytes  received 6414 bytes  2009768 bytes/sec
total size is 105805926  speedup is 164.98
=== [emac/g4/1.0] scp Makefile + process.cpp + globals.cpp + main.cpp + net.cpp + tls.cpp (gremlin workaround) ===
=== [emac/g4/1.0] clean + build  (MOZJS=/opt/mozjs-45-ionpower-g4 CPU='-mcpu=7450 -mtune=7450') ===
rm -f src/main.o src/node_compat/console.o src/node_compat/process.o src/node_compat/fs.o src/node_compat/path.o src/node_compat/buffer.o src/node_compat/require.o src/node_compat/timers.o src/node_compat/crypto.o src/node_compat/http.o src/node_compat/child_process.o src/node_compat/event_loop.o src/node_compat/net.o src/node_compat/tls.o src/node_compat/zlib.o src/node_compat/globals.o node
ld: warning: can't find atom for N_GSYM stabs _ZN9__gnu_cxx24__numeric_traits_integerIiE5__maxE:G(0,972) in src/node_compat/child_process.o
ld: warning: can't find atom for N_GSYM stabs _ZN9__gnu_cxx25__numeric_traits_floatingIfE16__max_exponent10E:G(0,972) in src/node_compat/child_process.o
ld: warning: can't find atom for N_GSYM stabs _ZN9__gnu_cxx25__numeric_traits_floatingIdE16__max_exponent10E:G(0,972) in src/node_compat/child_process.o
ld: warning: can't find atom for N_GSYM stabs _ZN9__gnu_cxx25__numeric_traits_floatingIeE16__max_exponent10E:G(0,972) in src/node_compat/child_process.o
ld: warning: can't find atom for N_GSYM stabs _ZNSt17integral_constantIbLb0EE5valueE:G(0,417) in src/node_compat/event_loop.o
ld: warning: can't find atom for N_GSYM stabs _ZNSt17integral_constantIbLb1EE5valueE:G(0,417) in src/node_compat/event_loop.o
ld: warning: can't find atom for N_GSYM stabs _ZN9__gnu_cxx24__numeric_traits_integerIiE5__minE:G(0,190) in src/node_compat/event_loop.o
ld: warning: can't find atom for N_GSYM stabs _ZN9__gnu_cxx24__numeric_traits_integerIiE5__maxE:G(0,190) in src/node_compat/event_loop.o
ld: warning: can't find atom for N_GSYM stabs _ZN9__gnu_cxx25__numeric_traits_floatingIfE16__max_exponent10E:G(0,190) in src/node_compat/event_loop.o
ld: warning: can't find atom for N_GSYM stabs _ZN9__gnu_cxx25__numeric_traits_floatingIdE16__max_exponent10E:G(0,190) in src/node_compat/event_loop.o
ld: warning: can't find atom for N_GSYM stabs _ZN9__gnu_cxx25__numeric_traits_floatingIeE16__max_exponent10E:G(0,190) in src/node_compat/event_loop.o
ld: warning: can't find atom for N_GSYM stabs _ZN9__gnu_cxx24__numeric_traits_integerIiE5__minE:G(0,1206)=k(0,46) in src/node_compat/net.o
ld: warning: can't find atom for N_GSYM stabs _ZN9__gnu_cxx24__numeric_traits_integerIiE5__maxE:G(0,1206) in src/node_compat/net.o
ld: warning: can't find atom for N_GSYM stabs _ZN9__gnu_cxx25__numeric_traits_floatingIfE16__max_exponent10E:G(0,1206) in src/node_compat/net.o
ld: warning: can't find atom for N_GSYM stabs _ZN9__gnu_cxx25__numeric_traits_floatingIdE16__max_exponent10E:G(0,1206) in src/node_compat/net.o
ld: warning: can't find atom for N_GSYM stabs _ZN9__gnu_cxx25__numeric_traits_floatingIeE16__max_exponent10E:G(0,1206) in src/node_compat/net.o
ld: warning: can't find atom for N_GSYM stabs _ZNSt17integral_constantIbLb0EE5valueE:G(0,814) in src/node_compat/tls.o
ld: warning: can't find atom for N_GSYM stabs _ZNSt17integral_constantIbLb1EE5valueE:G(0,814) in src/node_compat/tls.o
ld: warning: can't find atom for N_GSYM stabs _ZN9__gnu_cxx24__numeric_traits_integerIiE5__minE:G(0,1144) in src/node_compat/tls.o
ld: warning: can't find atom for N_GSYM stabs _ZN9__gnu_cxx24__numeric_traits_integerIiE5__maxE:G(0,1144) in src/node_compat/tls.o
ld: warning: can't find atom for N_GSYM stabs _ZN9__gnu_cxx25__numeric_traits_floatingIfE16__max_exponent10E:G(0,1144) in src/node_compat/tls.o
ld: warning: can't find atom for N_GSYM stabs _ZN9__gnu_cxx25__numeric_traits_floatingIdE16__max_exponent10E:G(0,1144) in src/node_compat/tls.o
ld: warning: can't find atom for N_GSYM stabs _ZN9__gnu_cxx25__numeric_traits_floatingIeE16__max_exponent10E:G(0,1144) in src/node_compat/tls.o
ld: warning: can't find atom for N_GSYM stabs _ZNSt17integral_constantImLm4EE5valueE:G(0,2064)=k(0,82) in src/node_compat/tls.o
ld: warning: JS::CompileOptions::element() const has different visibility (hidden) in /opt/mozjs-45-ionpower-g4/lib/libjs_static.a(Unified_cpp_js_src19.o) and (default) in src/node_compat/process.o
ld: warning: JS::CompileOptions::elementAttributeName() const has different visibility (hidden) in /opt/mozjs-45-ionpower-g4/lib/libjs_static.a(Unified_cpp_js_src19.o) and (default) in src/node_compat/process.o
ld: warning: JS::CompileOptions::introductionScript() const has different visibility (hidden) in /opt/mozjs-45-ionpower-g4/lib/libjs_static.a(Unified_cpp_js_src19.o) and (default) in src/node_compat/process.o
ld: warning: mozilla::Vector<JS::Value, 8ul, js::TempAllocPolicy>::growStorageBy(unsigned long) has different visibility (hidden) in /opt/mozjs-45-ionpower-g4/lib/libjs_static.a(Unified_cpp_js_src19.o) and (default) in src/node_compat/timers.o
ld: warning: js::TraceableVector<jsid, 0ul, js::TempAllocPolicy, js::DefaultGCPolicy<jsid> >::trace(js::TraceableVector<jsid, 0ul, js::TempAllocPolicy, js::DefaultGCPolicy<jsid> >*, JSTracer*) has different visibility (hidden) in /opt/mozjs-45-ionpower-g4/lib/libjs_static.a(Unified_cpp_js_src3.o) and (default) in src/node_compat/http.o
  [install_name_tool] @executable_path -> /opt/mozjs-45-ionpower-g4/lib
=== [emac/g4/1.0] test-all ===
Testing test/node10-streams/test-stream-pipe-cleanup-pause.js PASS
Testing test/node10-streams/test-stream-pipe-multiple-pipes.js PASS
Testing test/node10-streams/test-stream-end-paused.js PASS
Testing test/node10-streams/test-stream-events-prepend.js PASS
Testing test/node10-streams/test-stream-readable-event.js PASS
Testing test/node10-streams/test-stream-pipe-flow.js PASS
Testing test/node10-streams/test-stream-pipe-manual-resume.js PASS
Testing test/node10-streams/test-stream-pipe-without-listenerCount.js PASS
Testing test/node10-streams/test-stream-objectmode-undefined.js PASS
Testing test/node10-streams/test-stream-transform-flush-data.js PASS
Testing test/node10-streams/test-stream-pipe-same-destination-twice.js PASS
Testing test/node10-streams/test-stream-unpipe-event.js PASS
Testing test/node10-streams/test-stream-readable-emittedReadable.js PASS
Testing test/node10-streams/test-stream-decoder-objectmode.js PASS
Testing test/node10-streams/test-stream-push-order.js PASS
Testing test/node10-streams/test-stream-readable-resumeScheduled.js PASS
Testing test/node10-streams/test-stream-pipe-cleanup.js PASS

495 passing tests
0 failing tests
=== [emac/g4/1.0] install ===
cp -r test/vendor/elliptic   /opt/ionpower-node-1.0/share/ionpower-node/vendor/
cp README.md LICENSE   /opt/ionpower-node-1.0/share/ionpower-node/ 2>/dev/null || true
cp -r demos /opt/ionpower-node-1.0/share/ionpower-node/demos
mkdir -p /opt/ionpower-node-1.0/share/ionpower-node/test/vendor/nm/node_modules

installed ionpower-node 1.0 to /opt/ionpower-node-1.0
  binary:   /opt/ionpower-node-1.0/bin/node (-> ionpower-node)
  babel:    /opt/ionpower-node-1.0/share/ionpower-node/vendor/babel.js
  demos:    /opt/ionpower-node-1.0/share/ionpower-node/demos/
  mozjs:    expected at /opt/mozjs-45-ionpower-g4/

Run:  /opt/ionpower-node-1.0/bin/node <script.js>
=== [emac/g4/1.0] tarball ===
-rw-r--r--   1 macuser  wheel  7864568 May 15 20:37 /tmp/ionpower-node-1.0-g4-ppc.tar.gz
=== [emac/g4/1.0] DONE ===
