=== [imacg3/g3/0.60] rsync source ===
Transfer starting: 1859 files
deleting test/fib-report.txt
./
src/
src/node_compat/
Makefile
README.md
src/main.cpp
test/
src/node_compat/buffer.cpp
src/node_compat/globals.cpp
src/node_compat/net.cpp
src/node_compat/process.cpp
test/process_report_smoke.js

sent 122625 bytes  received 4442 bytes  308340 bytes/sec
total size is 36127753  speedup is 284.32
=== [imacg3/g3/0.60] scp Makefile + process.cpp + globals.cpp + main.cpp + net.cpp (gremlin workaround) ===
=== [imacg3/g3/0.60] clean + build  (MOZJS=/opt/mozjs-45-ionpower-g3 CPU='-mcpu=750 -mtune=750') ===
rm -f src/main.o src/node_compat/console.o src/node_compat/process.o src/node_compat/fs.o src/node_compat/path.o src/node_compat/buffer.o src/node_compat/require.o src/node_compat/timers.o src/node_compat/crypto.o src/node_compat/http.o src/node_compat/child_process.o src/node_compat/event_loop.o src/node_compat/net.o src/node_compat/zlib.o src/node_compat/globals.o node
ld: warning: mozilla::Vector<JS::Value, 8ul, js::TempAllocPolicy>::growStorageBy(unsigned long) has different visibility (hidden) in /opt/mozjs-45-ionpower-g3/lib/libjs_static.a(Unified_cpp_js_src31.o) and (default) in src/node_compat/timers.o
ld: warning: mozilla::Vector<JS::Value, 8ul, js::TempAllocPolicy>::growStorageBy(unsigned long) has different visibility (hidden) in /opt/mozjs-45-ionpower-g3/lib/libjs_static.a(Unified_cpp_js_src26.o) and (default) in src/node_compat/timers.o
ld: warning: JS::CompileOptions::element() const has different visibility (hidden) in /opt/mozjs-45-ionpower-g3/lib/libjs_static.a(Unified_cpp_js_src1.o) and (default) in src/node_compat/buffer.o
ld: warning: JS::CompileOptions::elementAttributeName() const has different visibility (hidden) in /opt/mozjs-45-ionpower-g3/lib/libjs_static.a(Unified_cpp_js_src1.o) and (default) in src/node_compat/buffer.o
ld: warning: JS::CompileOptions::introductionScript() const has different visibility (hidden) in /opt/mozjs-45-ionpower-g3/lib/libjs_static.a(Unified_cpp_js_src1.o) and (default) in src/node_compat/buffer.o
ld: warning: mozilla::Vector<JS::Value, 8ul, js::TempAllocPolicy>::growStorageBy(unsigned long) has different visibility (hidden) in /opt/mozjs-45-ionpower-g3/lib/libjs_static.a(Unified_cpp_js_src1.o) and (default) in src/node_compat/timers.o
ld: warning: mozilla::Vector<JS::Value, 8ul, js::TempAllocPolicy>::growStorageBy(unsigned long) has different visibility (hidden) in /opt/mozjs-45-ionpower-g3/lib/libjs_static.a(Unified_cpp_js_src24.o) and (default) in src/node_compat/timers.o
ld: warning: JS::CompileOptions::element() const has different visibility (hidden) in /opt/mozjs-45-ionpower-g3/lib/libjs_static.a(Unified_cpp_js_src3.o) and (default) in src/node_compat/buffer.o
ld: warning: JS::CompileOptions::elementAttributeName() const has different visibility (hidden) in /opt/mozjs-45-ionpower-g3/lib/libjs_static.a(Unified_cpp_js_src3.o) and (default) in src/node_compat/buffer.o
ld: warning: JS::CompileOptions::introductionScript() const has different visibility (hidden) in /opt/mozjs-45-ionpower-g3/lib/libjs_static.a(Unified_cpp_js_src3.o) and (default) in src/node_compat/buffer.o
ld: warning: js::TraceableVector<jsid, 0ul, js::TempAllocPolicy, js::DefaultGCPolicy<jsid> >::trace(js::TraceableVector<jsid, 0ul, js::TempAllocPolicy, js::DefaultGCPolicy<jsid> >*, JSTracer*) has different visibility (hidden) in /opt/mozjs-45-ionpower-g3/lib/libjs_static.a(Unified_cpp_js_src3.o) and (default) in src/node_compat/http.o
ld: warning: mozilla::Vector<JS::Value, 8ul, js::TempAllocPolicy>::growStorageBy(unsigned long) has different visibility (hidden) in /opt/mozjs-45-ionpower-g3/lib/libjs_static.a(Unified_cpp_js_src3.o) and (default) in src/node_compat/timers.o
ld: warning: JS::CompileOptions::element() const has different visibility (hidden) in /opt/mozjs-45-ionpower-g3/lib/libjs_static.a(Unified_cpp_js_src4.o) and (default) in src/node_compat/buffer.o
ld: warning: JS::CompileOptions::elementAttributeName() const has different visibility (hidden) in /opt/mozjs-45-ionpower-g3/lib/libjs_static.a(Unified_cpp_js_src4.o) and (default) in src/node_compat/buffer.o
ld: warning: JS::CompileOptions::introductionScript() const has different visibility (hidden) in /opt/mozjs-45-ionpower-g3/lib/libjs_static.a(Unified_cpp_js_src4.o) and (default) in src/node_compat/buffer.o
ld: warning: mozilla::Vector<JS::Value, 8ul, js::TempAllocPolicy>::growStorageBy(unsigned long) has different visibility (hidden) in /opt/mozjs-45-ionpower-g3/lib/libjs_static.a(Unified_cpp_js_src4.o) and (default) in src/node_compat/timers.o
ld: warning: mozilla::Vector<JS::Value, 8ul, js::TempAllocPolicy>::growStorageBy(unsigned long) has different visibility (hidden) in /opt/mozjs-45-ionpower-g3/lib/libjs_static.a(jsarray.o) and (default) in src/node_compat/timers.o
ld: warning: mozilla::Vector<JS::Value, 8ul, js::TempAllocPolicy>::growStorageBy(unsigned long) has different visibility (hidden) in /opt/mozjs-45-ionpower-g3/lib/libjs_static.a(Unified_cpp_js_src12.o) and (default) in src/node_compat/timers.o
ld: warning: mozilla::Vector<JS::Value, 8ul, js::TempAllocPolicy>::growStorageBy(unsigned long) has different visibility (hidden) in /opt/mozjs-45-ionpower-g3/lib/libjs_static.a(Unified_cpp_js_src23.o) and (default) in src/node_compat/timers.o
ld: warning: JS::CompileOptions::element() const has different visibility (hidden) in /opt/mozjs-45-ionpower-g3/lib/libjs_static.a(RegExp.o) and (default) in src/node_compat/buffer.o
ld: warning: JS::CompileOptions::elementAttributeName() const has different visibility (hidden) in /opt/mozjs-45-ionpower-g3/lib/libjs_static.a(RegExp.o) and (default) in src/node_compat/buffer.o
ld: warning: JS::CompileOptions::introductionScript() const has different visibility (hidden) in /opt/mozjs-45-ionpower-g3/lib/libjs_static.a(RegExp.o) and (default) in src/node_compat/buffer.o
ld: warning: JS::CompileOptions::element() const has different visibility (hidden) in /opt/mozjs-45-ionpower-g3/lib/libjs_static.a(Unified_cpp_js_src2.o) and (default) in src/node_compat/buffer.o
ld: warning: JS::CompileOptions::elementAttributeName() const has different visibility (hidden) in /opt/mozjs-45-ionpower-g3/lib/libjs_static.a(Unified_cpp_js_src2.o) and (default) in src/node_compat/buffer.o
ld: warning: JS::CompileOptions::introductionScript() const has different visibility (hidden) in /opt/mozjs-45-ionpower-g3/lib/libjs_static.a(Unified_cpp_js_src2.o) and (default) in src/node_compat/buffer.o
ld: warning: mozilla::Vector<JS::Value, 8ul, js::TempAllocPolicy>::growStorageBy(unsigned long) has different visibility (hidden) in /opt/mozjs-45-ionpower-g3/lib/libjs_static.a(Unified_cpp_js_src2.o) and (default) in src/node_compat/timers.o
ld: warning: mozilla::Vector<JS::Value, 8ul, js::TempAllocPolicy>::growStorageBy(unsigned long) has different visibility (hidden) in /opt/mozjs-45-ionpower-g3/lib/libjs_static.a(Unified_cpp_js_src18.o) and (default) in src/node_compat/timers.o
ld: warning: mozilla::Vector<JS::Value, 8ul, js::TempAllocPolicy>::growStorageBy(unsigned long) has different visibility (hidden) in /opt/mozjs-45-ionpower-g3/lib/libjs_static.a(Unified_cpp_js_src9.o) and (default) in src/node_compat/timers.o
ld: warning: mozilla::Vector<JS::Value, 8ul, js::TempAllocPolicy>::growStorageBy(unsigned long) has different visibility (hidden) in /opt/mozjs-45-ionpower-g3/lib/libjs_static.a(Promise.o) and (default) in src/node_compat/timers.o
  [install_name_tool] @executable_path -> /opt/mozjs-45-ionpower-g3/lib
=== [imacg3/g3/0.60] test-all ===
ok: ALS propagates across setImmediate
ok: ALS propagates across setTimeout
ok: ALS parallel contexts don't bleed
./node test/diag_channel_smoke.js
ok: channel publish/subscribe
ok: channel unsubscribe
ok: channel cached by name
ok: dc.subscribe
ok: TracingChannel.traceSync
skip: strip-comments (require: cannot find module './lib/compile' from '/Users/macuser/tmp/ionpower-node/test/vendor')
skip: cli-truncate (require: cannot find module 'slice-ansi' from '/Users/macuser/tmp/ionpower-node/test/vendor')

diag_channel smoke: all assertions passed
./node test/process_report_smoke.js
ok: process.report.getReport
ok: process.report.writeReport
ok: process.kill(self, 0)
ok: process.kill nonexistent throws ESRCH

process_report smoke: all assertions passed
=== [imacg3/g3/0.60] install ===
cp node /opt/ionpower-node-0.60/bin/ionpower-node
ln -sf ionpower-node /opt/ionpower-node-0.60/bin/node
cp test/vendor/babel.js      /opt/ionpower-node-0.60/share/ionpower-node/vendor/
cp test/vendor/tweetnacl.js  /opt/ionpower-node-0.60/share/ionpower-node/vendor/
cp README.md LICENSE   /opt/ionpower-node-0.60/share/ionpower-node/ 2>/dev/null || true

installed ionpower-node 0.60 to /opt/ionpower-node-0.60
  binary:   /opt/ionpower-node-0.60/bin/node (-> ionpower-node)
  babel:    /opt/ionpower-node-0.60/share/ionpower-node/vendor/babel.js
  mozjs:    expected at /opt/mozjs-45-ionpower-g3/

Run:  /opt/ionpower-node-0.60/bin/node <script.js>
=== [imacg3/g3/0.60] tarball ===
-rw-r--r--   1 macuser  wheel  4564581 Apr 24 23:31 /tmp/ionpower-node-0.60-g3-ppc.tar.gz
=== [imacg3/g3/0.60] DONE ===
