=== [emac/g4/0.74] rsync source ===
Transfer starting: 2295 files
./
demos/
demos/chat/
demos/npm-fetch/
docs/sessions/2026-04-25-session-1-v0.66-thru-v0.71-rsa-x509-zlib-jwt-mocks-ibookg37/build-logs/
src/
src/node_compat/
Makefile
README.md
demos/chat/README.md
demos/chat/index.html
demos/chat/server.js
demos/npm-fetch/README.md
demos/npm-fetch/install.js
docs/sessions/2026-04-25-session-1-v0.66-thru-v0.71-rsa-x509-zlib-jwt-mocks-ibookg37/build-logs/v0.73-g3.log
docs/sessions/2026-04-25-session-1-v0.66-thru-v0.71-rsa-x509-zlib-jwt-mocks-ibookg37/build-logs/v0.73-g4.log
docs/sessions/2026-04-25-session-1-v0.66-thru-v0.71-rsa-x509-zlib-jwt-mocks-ibookg37/build-logs/v0.73-g5.log
docs/sessions/2026-04-25-session-1-v0.66-thru-v0.71-rsa-x509-zlib-jwt-mocks-ibookg37/build-logs/v0.74-g3.log
docs/sessions/2026-04-25-session-1-v0.66-thru-v0.71-rsa-x509-zlib-jwt-mocks-ibookg37/build-logs/v0.74-g4.log
src/main.cpp
test/
src/node_compat/buffer.cpp
src/node_compat/globals.cpp
src/node_compat/net.cpp
src/node_compat/process.cpp
test/buffer_from_ab_smoke.js

sent 212917 bytes  received 5206 bytes  162040 bytes/sec
total size is 39525131  speedup is 181.21
=== [emac/g4/0.74] scp Makefile + process.cpp + globals.cpp + main.cpp + net.cpp (gremlin workaround) ===
=== [emac/g4/0.74] clean + build  (MOZJS=/opt/mozjs-45-ionpower-g4 CPU='-mcpu=7450 -mtune=7450') ===
rm -f src/main.o src/node_compat/console.o src/node_compat/process.o src/node_compat/fs.o src/node_compat/path.o src/node_compat/buffer.o src/node_compat/require.o src/node_compat/timers.o src/node_compat/crypto.o src/node_compat/http.o src/node_compat/child_process.o src/node_compat/event_loop.o src/node_compat/net.o src/node_compat/zlib.o src/node_compat/globals.o node
                                                                          ^
/opt/mozjs-45-ionpower-g4/include/mozjs-45/jspubtd.h:474:74: warning: (perhaps the 'offsetof' macro was used incorrectly) [-Winvalid-offsetof]
/opt/gcc-4.9.4/bin/g++-4.9 -m32 -mmacosx-version-min=10.4 -isysroot /Developer/SDKs/MacOSX10.4u.sdk -mcpu=7450 -mtune=7450 -force_cpusubtype_ALL -std=gnu++0x -fpermissive -fno-exceptions -fno-rtti -O2 -g -I src -I /opt/mozjs-45-ionpower-g4/include/mozjs-45 src/main.o src/node_compat/console.o src/node_compat/process.o src/node_compat/fs.o src/node_compat/path.o src/node_compat/buffer.o src/node_compat/require.o src/node_compat/timers.o src/node_compat/crypto.o src/node_compat/http.o src/node_compat/child_process.o src/node_compat/event_loop.o src/node_compat/net.o src/node_compat/zlib.o src/node_compat/globals.o -o node -L /opt/mozjs-45-ionpower-g4/lib -m32 -mmacosx-version-min=10.4 -isysroot /Developer/SDKs/MacOSX10.4u.sdk -force_cpusubtype_ALL -B /opt/ld64-97.17-tigerbrew/bin/ -ljs_static -lmozglue -lpthread -lm -lz -framework Carbon -framework ExceptionHandling -lobjc -Wl,-stack_size,0x10000000
ld: warning: object file compiled with -mlong-branch which is no longer needed. To remove this warning, recompile without -mlong-branch: /Developer/SDKs/MacOSX10.4u.sdk/usr/lib/crt1.o
ld: warning: object file compiled with -mlong-branch which is no longer needed. To remove this warning, recompile without -mlong-branch: /opt/gcc-libs-4.9.4/bin/../lib/gcc/powerpc-apple-darwin8.11.0/4.9.4/crt3.o
ld: warning: can't find atom for N_GSYM stabs _ZNSt17integral_constantIbLb0EE5valueE:G(0,575) in src/node_compat/child_process.o
ld: warning: can't find atom for N_GSYM stabs _ZNSt17integral_constantIbLb1EE5valueE:G(0,575) in src/node_compat/child_process.o
ld: warning: can't find atom for N_GSYM stabs _ZN9__gnu_cxx24__numeric_traits_integerIiE5__minE:G(0,972) in src/node_compat/child_process.o
ld: warning: can't find atom for N_GSYM stabs _ZN9__gnu_cxx24__numeric_traits_integerIiE5__maxE:G(0,972) in src/node_compat/child_process.o
ld: warning: can't find atom for N_GSYM stabs _ZN9__gnu_cxx25__numeric_traits_floatingIfE16__max_exponent10E:G(0,972) in src/node_compat/child_process.o
ld: warning: can't find atom for N_GSYM stabs _ZN9__gnu_cxx25__numeric_traits_floatingIdE16__max_exponent10E:G(0,972) in src/node_compat/child_process.o
ld: warning: can't find atom for N_GSYM stabs _ZN9__gnu_cxx25__numeric_traits_floatingIeE16__max_exponent10E:G(0,972) in src/node_compat/child_process.o
ld: warning: can't find atom for N_GSYM stabs _ZNSt17integral_constantIbLb0EE5valueE:G(0,417) in src/node_compat/event_loop.o
ld: warning: can't find atom for N_GSYM stabs _ZNSt17integral_constantIbLb1EE5valueE:G(0,417) in src/node_compat/event_loop.o
ld: warning: can't find atom for N_GSYM stabs _ZN9__gnu_cxx24__numeric_traits_integerIiE5__minE:G(0,190) in src/node_compat/event_loop.o
ld: warning: can't find atom for N_GSYM stabs _ZN9__gnu_cxx24__numeric_traits_integerIiE5__maxE:G(0,190) in src/node_compat/event_loop.o
ld: warning: can't find atom for N_GSYM stabs _ZN9__gnu_cxx25__numeric_traits_floatingIfE16__max_exponent10E:G(0,190) in src/node_compat/event_loop.o
ld: warning: can't find atom for N_GSYM stabs _ZN9__gnu_cxx25__numeric_traits_floatingIdE16__max_exponent10E:G(0,190) in src/node_compat/event_loop.o
ld: warning: can't find atom for N_GSYM stabs _ZN9__gnu_cxx25__numeric_traits_floatingIeE16__max_exponent10E:G(0,190) in src/node_compat/event_loop.o
ld: warning: can't find atom for N_GSYM stabs _ZN9__gnu_cxx24__numeric_traits_integerIiE5__minE:G(0,1206)=k(0,46) in src/node_compat/net.o
ld: warning: can't find atom for N_GSYM stabs _ZN9__gnu_cxx24__numeric_traits_integerIiE5__maxE:G(0,1206) in src/node_compat/net.o
ld: warning: can't find atom for N_GSYM stabs _ZN9__gnu_cxx25__numeric_traits_floatingIfE16__max_exponent10E:G(0,1206) in src/node_compat/net.o
ld: warning: can't find atom for N_GSYM stabs _ZN9__gnu_cxx25__numeric_traits_floatingIdE16__max_exponent10E:G(0,1206) in src/node_compat/net.o
ld: warning: can't find atom for N_GSYM stabs _ZN9__gnu_cxx25__numeric_traits_floatingIeE16__max_exponent10E:G(0,1206) in src/node_compat/net.o
ld: warning: JS::CompileOptions::element() const has different visibility (hidden) in /opt/mozjs-45-ionpower-g4/lib/libjs_static.a(Unified_cpp_js_src19.o) and (default) in src/node_compat/buffer.o
ld: warning: JS::CompileOptions::elementAttributeName() const has different visibility (hidden) in /opt/mozjs-45-ionpower-g4/lib/libjs_static.a(Unified_cpp_js_src19.o) and (default) in src/node_compat/buffer.o
ld: warning: JS::CompileOptions::introductionScript() const has different visibility (hidden) in /opt/mozjs-45-ionpower-g4/lib/libjs_static.a(Unified_cpp_js_src19.o) and (default) in src/node_compat/buffer.o
ld: warning: mozilla::Vector<JS::Value, 8ul, js::TempAllocPolicy>::growStorageBy(unsigned long) has different visibility (hidden) in /opt/mozjs-45-ionpower-g4/lib/libjs_static.a(Unified_cpp_js_src19.o) and (default) in src/node_compat/timers.o
ld: warning: js::TraceableVector<jsid, 0ul, js::TempAllocPolicy, js::DefaultGCPolicy<jsid> >::trace(js::TraceableVector<jsid, 0ul, js::TempAllocPolicy, js::DefaultGCPolicy<jsid> >*, JSTracer*) has different visibility (hidden) in /opt/mozjs-45-ionpower-g4/lib/libjs_static.a(Unified_cpp_js_src3.o) and (default) in src/node_compat/http.o
  [install_name_tool] @executable_path -> /opt/mozjs-45-ionpower-g4/lib
=== [emac/g4/0.74] test-all ===
ok: os.totalmem() = 1073741824 bytes (1024 MB)
ok: os.freemem() = 369340416 bytes (352 MB)
ok: caching of expensive probes

os_real smoke: all assertions passed
./node test/fetch_binary_smoke.js
fetching https://registry.npmjs.org/mri/-/mri-1.2.0.tgz
ok: fetched 4448 bytes; gzip header intact
ok: gunzipped 18432 bytes, first entry: package/package.json

fetch_binary smoke: all assertions passed
./node test/buffer_from_ab_smoke.js
ok: Buffer.from(ArrayBuffer)
ok: Buffer.from(empty ArrayBuffer)
ok: Buffer.from(Uint8Array)
ok: Buffer.from(Buffer) is a copy
ok: Buffer.from(typed array view at byteOffset)
ok: simulated fetch().arrayBuffer() -> Buffer.from(ab) round-trip

buffer_from_ab smoke: all assertions passed
=== [emac/g4/0.74] install ===
ln -sf ionpower-node /opt/ionpower-node-0.74/bin/node
cp test/vendor/babel.js      /opt/ionpower-node-0.74/share/ionpower-node/vendor/
cp test/vendor/tweetnacl.js  /opt/ionpower-node-0.74/share/ionpower-node/vendor/
cp -r test/vendor/node-forge /opt/ionpower-node-0.74/share/ionpower-node/vendor/
cp README.md LICENSE   /opt/ionpower-node-0.74/share/ionpower-node/ 2>/dev/null || true

installed ionpower-node 0.74 to /opt/ionpower-node-0.74
  binary:   /opt/ionpower-node-0.74/bin/node (-> ionpower-node)
  babel:    /opt/ionpower-node-0.74/share/ionpower-node/vendor/babel.js
  mozjs:    expected at /opt/mozjs-45-ionpower-g4/

Run:  /opt/ionpower-node-0.74/bin/node <script.js>
=== [emac/g4/0.74] tarball ===
-rw-r--r--   1 macuser  wheel  5040916 Apr 25 05:48 /tmp/ionpower-node-0.74-g4-ppc.tar.gz
=== [emac/g4/0.74] DONE ===
