=== survey-one.sh PKG=boxen REQUIRE=boxen ===
Fri May 15 22:30:02 CDT 2026

--- npm install boxen ---
/Users/macuser/tmp/npm-6.14.18/node_modules/bluebird/js/release/util.js:205: unreachable code after return statement
npm notice This endpoint is being retired. Use the bulk advisory endpoint instead. See the following docs for more info: https://api-docs.npmjs.com/#tag/Audit
npm WARN saveError fs.fsync is not a function
npm WARN saveError fs.fsync is not a function
npm WARN notsup Unsupported engine for boxen@8.0.1: wanted: {"node":">=18"} (current: {"node":"10.24.1","npm":"6.14.18"})
npm WARN notsup Not compatible with your version of node/npm: boxen@8.0.1
npm WARN notsup Unsupported engine for camelcase@8.0.0: wanted: {"node":">=16"} (current: {"node":"10.24.1","npm":"6.14.18"})
npm WARN notsup Not compatible with your version of node/npm: camelcase@8.0.0
npm WARN notsup Unsupported engine for chalk@5.6.2: wanted: {"node":"^12.17.0 || ^14.13 || >=16.0.0"} (current: {"node":"10.24.1","npm":"6.14.18"})
npm WARN notsup Not compatible with your version of node/npm: chalk@5.6.2
npm WARN notsup Unsupported engine for string-width@7.2.0: wanted: {"node":">=18"} (current: {"node":"10.24.1","npm":"6.14.18"})
npm WARN notsup Not compatible with your version of node/npm: string-width@7.2.0
npm WARN notsup Unsupported engine for type-fest@4.41.0: wanted: {"node":">=16"} (current: {"node":"10.24.1","npm":"6.14.18"})
npm WARN notsup Not compatible with your version of node/npm: type-fest@4.41.0
npm WARN notsup Unsupported engine for widest-line@5.0.0: wanted: {"node":">=18"} (current: {"node":"10.24.1","npm":"6.14.18"})
npm WARN notsup Not compatible with your version of node/npm: widest-line@5.0.0
npm WARN notsup Unsupported engine for wrap-ansi@9.0.2: wanted: {"node":">=18"} (current: {"node":"10.24.1","npm":"6.14.18"})
npm WARN notsup Not compatible with your version of node/npm: wrap-ansi@9.0.2
npm WARN notsup Unsupported engine for strip-ansi@7.2.0: wanted: {"node":">=12"} (current: {"node":"10.24.1","npm":"6.14.18"})
npm WARN notsup Not compatible with your version of node/npm: strip-ansi@7.2.0
npm WARN notsup Unsupported engine for get-east-asian-width@1.6.0: wanted: {"node":">=18"} (current: {"node":"10.24.1","npm":"6.14.18"})
npm WARN notsup Not compatible with your version of node/npm: get-east-asian-width@1.6.0
npm WARN notsup Unsupported engine for ansi-regex@6.2.2: wanted: {"node":">=12"} (current: {"node":"10.24.1","npm":"6.14.18"})
npm WARN notsup Not compatible with your version of node/npm: ansi-regex@6.2.2
npm WARN notsup Unsupported engine for strip-ansi@7.2.0: wanted: {"node":">=12"} (current: {"node":"10.24.1","npm":"6.14.18"})
npm WARN notsup Not compatible with your version of node/npm: strip-ansi@7.2.0
npm WARN notsup Unsupported engine for ansi-styles@6.2.3: wanted: {"node":">=12"} (current: {"node":"10.24.1","npm":"6.14.18"})
npm WARN notsup Not compatible with your version of node/npm: ansi-styles@6.2.3
npm WARN notsup Unsupported engine for ansi-regex@6.2.2: wanted: {"node":">=12"} (current: {"node":"10.24.1","npm":"6.14.18"})
npm WARN notsup Not compatible with your version of node/npm: ansi-regex@6.2.2

+ boxen@8.0.1
added 21 packages from 3 contributors in 60.31s

12 packages are looking for funding
  run `npm fund` for details



--- install exit=0 dt=66s ---

--- require('boxen') ---
REQUIRE_FAIL Intl is not defined
@/Users/macuser/tmp/survey-050/pkgs/boxen/node_modules/string-width/index.js:14:5
__make_require__/f@<ionpower-node internal>:2:36
__make_require__/wrapped@<ionpower-node bootstrap>:9129:20
@/Users/macuser/tmp/survey-050/pkgs/boxen/node_modules/boxen/index.js:14:43
__make_require__/f@<ionpower-node internal>:2:36
--- require exit=2 dt=38s ---
