=== survey-one.sh PKG=chalk@5 REQUIRE=chalk ===
Fri May 15 22:31:47 CDT 2026

--- npm install chalk@5 ---
/Users/macuser/tmp/npm-6.14.18/node_modules/bluebird/js/release/util.js:205: unreachable code after return statement
npm notice This endpoint is being retired. Use the bulk advisory endpoint instead. See the following docs for more info: https://api-docs.npmjs.com/#tag/Audit
npm WARN saveError fs.fsync is not a function
npm WARN saveError fs.fsync is not a function
npm WARN notsup Unsupported engine for chalk@5.6.2: wanted: {"node":"^12.17.0 || ^14.13 || >=16.0.0"} (current: {"node":"10.24.1","npm":"6.14.18"})
npm WARN notsup Not compatible with your version of node/npm: chalk@5.6.2

+ chalk@5.6.2
added 1 package in 15.371s

1 package is looking for funding
  run `npm fund` for details



--- install exit=0 dt=20s ---

--- require('chalk') ---
REQUIRE_FAIL require: cannot find module '#ansi-styles' from '/Users/macuser/tmp/survey-050/pkgs/chalk/node_modules/chalk/source'
__make_require__/f@<ionpower-node internal>:2:36
__make_require__/wrapped@<ionpower-node bootstrap>:9129:20
@/Users/macuser/tmp/survey-050/pkgs/chalk/node_modules/chalk/source/index.js:59:42
__make_require__/f@<ionpower-node internal>:2:36
__make_require__/wrapped@<ionpower-node bootstrap>:9129:20
--- require exit=2 dt=46s ---
