=== survey-one.sh PKG=jose REQUIRE=jose ===
Fri May 15 23:28:32 CDT 2026

--- npm install jose ---
/Users/macuser/tmp/npm-6.14.18/node_modules/bluebird/js/release/util.js:205: unreachable code after return statement
npm notice This endpoint is being retired. Use the bulk advisory endpoint instead. See the following docs for more info: https://api-docs.npmjs.com/#tag/Audit
npm WARN saveError fs.fsync is not a function
npm WARN saveError fs.fsync is not a function
+ jose@6.2.3
added 1 package from 1 contributor in 31.517s

1 package is looking for funding
  run `npm fund` for details



--- install exit=0 dt=36s ---

--- require('jose') ---
REQUIRE_FAIL import declarations may only appear at top level of a module
__make_require__/f@<ionpower-node internal>:2:36
__make_require__/wrapped@<ionpower-node bootstrap>:9129:20
@/Users/macuser/tmp/survey-050/pkgs/jose/node_modules/jose/dist/webapi/jwe/flattened/decrypt.js:12:23
__make_require__/f@<ionpower-node internal>:2:36
__make_require__/wrapped@<ionpower-node bootstrap>:9129:20
--- require exit=2 dt=108s ---
