=== survey-one.sh PKG=pg REQUIRE=pg ===
Fri May 15 22:51:45 CDT 2026

--- npm install pg ---
/Users/macuser/tmp/npm-6.14.18/node_modules/bluebird/js/release/util.js:205: unreachable code after return statement
npm notice This endpoint is being retired. Use the bulk advisory endpoint instead. See the following docs for more info: https://api-docs.npmjs.com/#tag/Audit
npm WARN saveError fs.fsync is not a function
npm WARN saveError fs.fsync is not a function
npm WARN notsup Unsupported engine for pg@8.20.0: wanted: {"node":">= 16.0.0"} (current: {"node":"10.24.1","npm":"6.14.18"})
npm WARN notsup Not compatible with your version of node/npm: pg@8.20.0

+ pg@8.20.0
added 14 packages from 9 contributors in 116.325s


--- install exit=0 dt=127s ---

--- require('pg') ---
REQUIRE_FAIL this.buffer.write is not a function
addCString@/Users/macuser/tmp/survey-050/pkgs/pg/node_modules/pg-protocol/dist/buffer-writer.js:44:13
@/Users/macuser/tmp/survey-050/pkgs/pg/node_modules/pg-protocol/dist/serializer.js:144:29
__make_require__/f@<ionpower-node internal>:2:36
__make_require__/wrapped@<ionpower-node bootstrap>:9129:20
@/Users/macuser/tmp/survey-050/pkgs/pg/node_modules/pg-protocol/dist/index.js:6:22
--- require exit=2 dt=138s ---
