=== survey-one.sh PKG=redis@4 REQUIRE=redis ===
Fri May 15 22:56:10 CDT 2026

--- npm install redis@4 ---
/Users/macuser/tmp/npm-6.14.18/node_modules/bluebird/js/release/util.js:205: unreachable code after return statement
npm notice This endpoint is being retired. Use the bulk advisory endpoint instead. See the following docs for more info: https://api-docs.npmjs.com/#tag/Audit
npm WARN saveError fs.fsync is not a function
npm WARN saveError fs.fsync is not a function
npm WARN notsup Unsupported engine for @redis/client@1.6.1: wanted: {"node":">=14"} (current: {"node":"10.24.1","npm":"6.14.18"})
npm WARN notsup Not compatible with your version of node/npm: @redis/client@1.6.1

+ redis@4.7.1
added 10 packages from 65 contributors in 224.503s


--- install exit=0 dt=235s ---

--- require('redis') ---
REQUIRE_FAIL require: cannot find module '.' from '/Users/macuser/tmp/survey-050/pkgs/redis/node_modules/@redis/client/dist/lib/cluster'
__make_require__/f@<ionpower-node internal>:2:36
__make_require__/wrapped@<ionpower-node bootstrap>:9129:20
@/Users/macuser/tmp/survey-050/pkgs/redis/node_modules/@redis/client/dist/lib/cluster/multi-command.js:36:10
__make_require__/f@<ionpower-node internal>:2:36
__make_require__/wrapped@<ionpower-node bootstrap>:9129:20
--- require exit=2 dt=505s ---
