=== [emac/g4/0.66] rsync source ===
Transfer starting: 1919 files
./
src/
Makefile
README.md
src/node_compat/
test/
src/main.cpp
src/node_compat/buffer.cpp
src/node_compat/globals.cpp
src/node_compat/net.cpp
src/node_compat/process.cpp
test/rsa_encrypt_smoke.js

sent 135870 bytes  received 4664 bytes  727778 bytes/sec
total size is 36847035  speedup is 262.19
=== [emac/g4/0.66] scp Makefile + process.cpp + globals.cpp + main.cpp + net.cpp (gremlin workaround) ===
=== [emac/g4/0.66] clean + build  (MOZJS=/opt/mozjs-45-ionpower-g4 CPU='-mcpu=7450 -mtune=7450') ===
rm -f src/main.o src/node_compat/console.o src/node_compat/process.o src/node_compat/fs.o src/node_compat/path.o src/node_compat/buffer.o src/node_compat/require.o src/node_compat/timers.o src/node_compat/crypto.o src/node_compat/http.o src/node_compat/child_process.o src/node_compat/event_loop.o src/node_compat/net.o src/node_compat/zlib.o src/node_compat/globals.o node
                                                                          ^
/opt/mozjs-45-ionpower-g4/include/mozjs-45/jspubtd.h:474:74: warning: (perhaps the 'offsetof' macro was used incorrectly) [-Winvalid-offsetof]
/opt/gcc-4.9.4/bin/g++-4.9 -m32 -mmacosx-version-min=10.4 -isysroot /Developer/SDKs/MacOSX10.4u.sdk -mcpu=7450 -mtune=7450 -force_cpusubtype_ALL -std=gnu++0x -fpermissive -fno-exceptions -fno-rtti -O2 -g -I src -I /opt/mozjs-45-ionpower-g4/include/mozjs-45 src/main.o src/node_compat/console.o src/node_compat/process.o src/node_compat/fs.o src/node_compat/path.o src/node_compat/buffer.o src/node_compat/require.o src/node_compat/timers.o src/node_compat/crypto.o src/node_compat/http.o src/node_compat/child_process.o src/node_compat/event_loop.o src/node_compat/net.o src/node_compat/zlib.o src/node_compat/globals.o -o node -L /opt/mozjs-45-ionpower-g4/lib -m32 -mmacosx-version-min=10.4 -isysroot /Developer/SDKs/MacOSX10.4u.sdk -force_cpusubtype_ALL -B /opt/ld64-97.17-tigerbrew/bin/ -ljs_static -lmozglue -lpthread -lm -lz -framework Carbon -framework ExceptionHandling -lobjc -Wl,-stack_size,0x10000000
ld: warning: object file compiled with -mlong-branch which is no longer needed. To remove this warning, recompile without -mlong-branch: /Developer/SDKs/MacOSX10.4u.sdk/usr/lib/crt1.o
ld: warning: object file compiled with -mlong-branch which is no longer needed. To remove this warning, recompile without -mlong-branch: /opt/gcc-libs-4.9.4/bin/../lib/gcc/powerpc-apple-darwin8.11.0/4.9.4/crt3.o
ld: warning: can't find atom for N_GSYM stabs _ZNSt17integral_constantIbLb0EE5valueE:G(0,575) in src/node_compat/child_process.o
ld: warning: can't find atom for N_GSYM stabs _ZNSt17integral_constantIbLb1EE5valueE:G(0,575) in src/node_compat/child_process.o
ld: warning: can't find atom for N_GSYM stabs _ZN9__gnu_cxx24__numeric_traits_integerIiE5__minE:G(0,972) in src/node_compat/child_process.o
ld: warning: can't find atom for N_GSYM stabs _ZN9__gnu_cxx24__numeric_traits_integerIiE5__maxE:G(0,972) in src/node_compat/child_process.o
ld: warning: can't find atom for N_GSYM stabs _ZN9__gnu_cxx25__numeric_traits_floatingIfE16__max_exponent10E:G(0,972) in src/node_compat/child_process.o
ld: warning: can't find atom for N_GSYM stabs _ZN9__gnu_cxx25__numeric_traits_floatingIdE16__max_exponent10E:G(0,972) in src/node_compat/child_process.o
ld: warning: can't find atom for N_GSYM stabs _ZN9__gnu_cxx25__numeric_traits_floatingIeE16__max_exponent10E:G(0,972) in src/node_compat/child_process.o
ld: warning: can't find atom for N_GSYM stabs _ZNSt17integral_constantIbLb0EE5valueE:G(0,417) in src/node_compat/event_loop.o
ld: warning: can't find atom for N_GSYM stabs _ZNSt17integral_constantIbLb1EE5valueE:G(0,417) in src/node_compat/event_loop.o
ld: warning: can't find atom for N_GSYM stabs _ZN9__gnu_cxx24__numeric_traits_integerIiE5__minE:G(0,190) in src/node_compat/event_loop.o
ld: warning: can't find atom for N_GSYM stabs _ZN9__gnu_cxx24__numeric_traits_integerIiE5__maxE:G(0,190) in src/node_compat/event_loop.o
ld: warning: can't find atom for N_GSYM stabs _ZN9__gnu_cxx25__numeric_traits_floatingIfE16__max_exponent10E:G(0,190) in src/node_compat/event_loop.o
ld: warning: can't find atom for N_GSYM stabs _ZN9__gnu_cxx25__numeric_traits_floatingIdE16__max_exponent10E:G(0,190) in src/node_compat/event_loop.o
ld: warning: can't find atom for N_GSYM stabs _ZN9__gnu_cxx25__numeric_traits_floatingIeE16__max_exponent10E:G(0,190) in src/node_compat/event_loop.o
ld: warning: can't find atom for N_GSYM stabs _ZN9__gnu_cxx24__numeric_traits_integerIiE5__minE:G(0,1206)=k(0,46) in src/node_compat/net.o
ld: warning: can't find atom for N_GSYM stabs _ZN9__gnu_cxx24__numeric_traits_integerIiE5__maxE:G(0,1206) in src/node_compat/net.o
ld: warning: can't find atom for N_GSYM stabs _ZN9__gnu_cxx25__numeric_traits_floatingIfE16__max_exponent10E:G(0,1206) in src/node_compat/net.o
ld: warning: can't find atom for N_GSYM stabs _ZN9__gnu_cxx25__numeric_traits_floatingIdE16__max_exponent10E:G(0,1206) in src/node_compat/net.o
ld: warning: can't find atom for N_GSYM stabs _ZN9__gnu_cxx25__numeric_traits_floatingIeE16__max_exponent10E:G(0,1206) in src/node_compat/net.o
ld: warning: JS::CompileOptions::element() const has different visibility (hidden) in /opt/mozjs-45-ionpower-g4/lib/libjs_static.a(Unified_cpp_js_src19.o) and (default) in src/node_compat/buffer.o
ld: warning: JS::CompileOptions::elementAttributeName() const has different visibility (hidden) in /opt/mozjs-45-ionpower-g4/lib/libjs_static.a(Unified_cpp_js_src19.o) and (default) in src/node_compat/buffer.o
ld: warning: JS::CompileOptions::introductionScript() const has different visibility (hidden) in /opt/mozjs-45-ionpower-g4/lib/libjs_static.a(Unified_cpp_js_src19.o) and (default) in src/node_compat/buffer.o
ld: warning: mozilla::Vector<JS::Value, 8ul, js::TempAllocPolicy>::growStorageBy(unsigned long) has different visibility (hidden) in /opt/mozjs-45-ionpower-g4/lib/libjs_static.a(Unified_cpp_js_src19.o) and (default) in src/node_compat/timers.o
ld: warning: js::TraceableVector<jsid, 0ul, js::TempAllocPolicy, js::DefaultGCPolicy<jsid> >::trace(js::TraceableVector<jsid, 0ul, js::TempAllocPolicy, js::DefaultGCPolicy<jsid> >*, JSTracer*) has different visibility (hidden) in /opt/mozjs-45-ionpower-g4/lib/libjs_static.a(Unified_cpp_js_src3.o) and (default) in src/node_compat/http.o
  [install_name_tool] @executable_path -> /opt/mozjs-45-ionpower-g4/lib
=== [emac/g4/0.66] test-all ===
ok: crypto.sign / verify (sha256)
ok: tamper rejected
ok: PEM export
ok: DER export

rsa smoke: all assertions passed (keygen 1722 ms)
./node test/rsa_encrypt_smoke.js
Generating RSA-1024 (slow on PPC)...
keygen took 1914 ms
ok: publicEncrypt produced 128-byte ciphertext
ok: privateDecrypt round-trip
ok: OAEP randomization
ok: wrong-key decrypt rejected (threw)
ok: createPublicKey / createPrivateKey from PEM
ok: encrypt/decrypt round-trip with PEM-imported keys
ok: sign/verify with PEM-imported keys
ok: createPublicKey(privateKO) projects to public
ok: oaepHash override (sha256)

rsa_encrypt smoke: all assertions passed
=== [emac/g4/0.66] install ===
ln -sf ionpower-node /opt/ionpower-node-0.66/bin/node
cp test/vendor/babel.js      /opt/ionpower-node-0.66/share/ionpower-node/vendor/
cp test/vendor/tweetnacl.js  /opt/ionpower-node-0.66/share/ionpower-node/vendor/
cp -r test/vendor/node-forge /opt/ionpower-node-0.66/share/ionpower-node/vendor/
cp README.md LICENSE   /opt/ionpower-node-0.66/share/ionpower-node/ 2>/dev/null || true

installed ionpower-node 0.66 to /opt/ionpower-node-0.66
  binary:   /opt/ionpower-node-0.66/bin/node (-> ionpower-node)
  babel:    /opt/ionpower-node-0.66/share/ionpower-node/vendor/babel.js
  mozjs:    expected at /opt/mozjs-45-ionpower-g4/

Run:  /opt/ionpower-node-0.66/bin/node <script.js>
=== [emac/g4/0.66] tarball ===
-rw-r--r--   1 macuser  wheel  5031936 Apr 25 01:40 /tmp/ionpower-node-0.66-g4-ppc.tar.gz
=== [emac/g4/0.66] DONE ===
