=== [pmacg5/g5/0.99] check-test-coverage ===
ok: 498 files in test/ accounted for
    516 wired via scripts/test-list-*.txt
    4 in the intentional-skip allowlist
=== [pmacg5/g5/0.99] check-demo-deps ===
ok: 51 test/vendor/ files transitively reached by demos, all in install rule (55 shipped at root)
=== [pmacg5/g5/0.99] rsync source ===
Transfer starting: 6062 files
deleting test/fib-report.txt
./
scripts/
src/
Makefile
docs/sessions/047-node-10-parity-pass-13/survey-one.sh
scripts/test-list-core.txt
src/node_compat/
src/main.cpp
src/node_compat/buffer.cpp
test/
src/node_compat/globals.cpp
src/node_compat/net.cpp
src/node_compat/process.cpp
src/node_compat/tls.cpp
test/babel_spread_iterable_smoke.js

sent 534680 bytes  received 5802 bytes  714828 bytes/sec
total size is 105555812  speedup is 195.30
=== [pmacg5/g5/0.99] scp Makefile + process.cpp + globals.cpp + main.cpp + net.cpp + tls.cpp (gremlin workaround) ===
=== [pmacg5/g5/0.99] clean + build  (MOZJS=/opt/mozjs-45-ionpower-g5 CPU='-mcpu=G5 -D_PPC970_') ===
rm -f src/main.o src/node_compat/console.o src/node_compat/process.o src/node_compat/fs.o src/node_compat/path.o src/node_compat/buffer.o src/node_compat/require.o src/node_compat/timers.o src/node_compat/crypto.o src/node_compat/http.o src/node_compat/child_process.o src/node_compat/event_loop.o src/node_compat/net.o src/node_compat/tls.o src/node_compat/zlib.o src/node_compat/globals.o node
ld: warning: can't find atom for N_GSYM stabs _ZNSt17integral_constantIbLb1EE5valueE:G(0,417) in src/node_compat/event_loop.o
ld: warning: can't find atom for N_GSYM stabs _ZN9__gnu_cxx24__numeric_traits_integerIiE5__minE:G(0,190) in src/node_compat/event_loop.o
ld: warning: can't find atom for N_GSYM stabs _ZN9__gnu_cxx24__numeric_traits_integerIiE5__maxE:G(0,190) in src/node_compat/event_loop.o
ld: warning: can't find atom for N_GSYM stabs _ZN9__gnu_cxx25__numeric_traits_floatingIfE16__max_exponent10E:G(0,190) in src/node_compat/event_loop.o
ld: warning: can't find atom for N_GSYM stabs _ZN9__gnu_cxx25__numeric_traits_floatingIdE16__max_exponent10E:G(0,190) in src/node_compat/event_loop.o
ld: warning: can't find atom for N_GSYM stabs _ZN9__gnu_cxx25__numeric_traits_floatingIeE16__max_exponent10E:G(0,190) in src/node_compat/event_loop.o
ld: warning: can't find atom for N_GSYM stabs _ZN9__gnu_cxx24__numeric_traits_integerIiE5__minE:G(0,1206)=k(0,46) in src/node_compat/net.o
ld: warning: can't find atom for N_GSYM stabs _ZN9__gnu_cxx24__numeric_traits_integerIiE5__maxE:G(0,1206) in src/node_compat/net.o
ld: warning: can't find atom for N_GSYM stabs _ZN9__gnu_cxx25__numeric_traits_floatingIfE16__max_exponent10E:G(0,1206) in src/node_compat/net.o
ld: warning: can't find atom for N_GSYM stabs _ZN9__gnu_cxx25__numeric_traits_floatingIdE16__max_exponent10E:G(0,1206) in src/node_compat/net.o
ld: warning: can't find atom for N_GSYM stabs _ZN9__gnu_cxx25__numeric_traits_floatingIeE16__max_exponent10E:G(0,1206) in src/node_compat/net.o
ld: warning: can't find atom for N_GSYM stabs _ZNSt17integral_constantIbLb0EE5valueE:G(0,814) in src/node_compat/tls.o
ld: warning: can't find atom for N_GSYM stabs _ZNSt17integral_constantIbLb1EE5valueE:G(0,814) in src/node_compat/tls.o
ld: warning: can't find atom for N_GSYM stabs _ZN9__gnu_cxx24__numeric_traits_integerIiE5__minE:G(0,1144) in src/node_compat/tls.o
ld: warning: can't find atom for N_GSYM stabs _ZN9__gnu_cxx24__numeric_traits_integerIiE5__maxE:G(0,1144) in src/node_compat/tls.o
ld: warning: can't find atom for N_GSYM stabs _ZN9__gnu_cxx25__numeric_traits_floatingIfE16__max_exponent10E:G(0,1144) in src/node_compat/tls.o
ld: warning: can't find atom for N_GSYM stabs _ZN9__gnu_cxx25__numeric_traits_floatingIdE16__max_exponent10E:G(0,1144) in src/node_compat/tls.o
ld: warning: can't find atom for N_GSYM stabs _ZN9__gnu_cxx25__numeric_traits_floatingIeE16__max_exponent10E:G(0,1144) in src/node_compat/tls.o
ld: warning: can't find atom for N_GSYM stabs _ZNSt17integral_constantImLm4EE5valueE:G(0,2064)=k(0,82) in src/node_compat/tls.o
ld: warning: duplicate dylib /opt/gcc-4.9.4/lib/libstdc++.6.dylib
ld: warning: JS::CompileOptions::element() const has different visibility (hidden) in /opt/mozjs-45-ionpower-g5/lib/libjs_static.a(Unified_cpp_js_src19.o) and (default) in src/node_compat/process.o
ld: warning: JS::CompileOptions::elementAttributeName() const has different visibility (hidden) in /opt/mozjs-45-ionpower-g5/lib/libjs_static.a(Unified_cpp_js_src19.o) and (default) in src/node_compat/process.o
ld: warning: JS::CompileOptions::introductionScript() const has different visibility (hidden) in /opt/mozjs-45-ionpower-g5/lib/libjs_static.a(Unified_cpp_js_src19.o) and (default) in src/node_compat/process.o
ld: warning: mozilla::Vector<JS::Value, 8ul, js::TempAllocPolicy>::growStorageBy(unsigned long) has different visibility (hidden) in /opt/mozjs-45-ionpower-g5/lib/libjs_static.a(Unified_cpp_js_src19.o) and (default) in src/node_compat/timers.o
ld: warning: mozilla::Vector<JS::Value, 8ul, js::TempAllocPolicy>::growStorageBy(unsigned long) has different visibility (hidden) in /opt/mozjs-45-ionpower-g5/lib/libjs_static.a(Unified_cpp_js_src32.o) and (default) in src/node_compat/timers.o
ld: warning: JS::CompileOptions::element() const has different visibility (hidden) in /opt/mozjs-45-ionpower-g5/lib/libjs_static.a(Unified_cpp_js_src25.o) and (default) in src/node_compat/process.o
ld: warning: JS::CompileOptions::introductionScript() const has different visibility (hidden) in /opt/mozjs-45-ionpower-g5/lib/libjs_static.a(Unified_cpp_js_src25.o) and (default) in src/node_compat/process.o
ld: warning: mozilla::Vector<JS::Value, 8ul, js::TempAllocPolicy>::growStorageBy(unsigned long) has different visibility (hidden) in /opt/mozjs-45-ionpower-g5/lib/libjs_static.a(Unified_cpp_js_src25.o) and (default) in src/node_compat/timers.o
ld: warning: js::TraceableVector<jsid, 0ul, js::TempAllocPolicy, js::DefaultGCPolicy<jsid> >::trace(js::TraceableVector<jsid, 0ul, js::TempAllocPolicy, js::DefaultGCPolicy<jsid> >*, JSTracer*) has different visibility (hidden) in /opt/mozjs-45-ionpower-g5/lib/libjs_static.a(Unified_cpp_js_src3.o) and (default) in src/node_compat/http.o
  [install_name_tool] @executable_path -> /opt/mozjs-45-ionpower-g5/lib
=== [pmacg5/g5/0.99] test-all ===
Testing test/node10-streams/test-stream-pipe-cleanup-pause.js PASS
Testing test/node10-streams/test-stream-pipe-multiple-pipes.js PASS
Testing test/node10-streams/test-stream-end-paused.js PASS
Testing test/node10-streams/test-stream-events-prepend.js PASS
Testing test/node10-streams/test-stream-readable-event.js PASS
Testing test/node10-streams/test-stream-pipe-flow.js PASS
Testing test/node10-streams/test-stream-pipe-manual-resume.js PASS
Testing test/node10-streams/test-stream-pipe-without-listenerCount.js PASS
Testing test/node10-streams/test-stream-objectmode-undefined.js PASS
Testing test/node10-streams/test-stream-transform-flush-data.js PASS
Testing test/node10-streams/test-stream-pipe-same-destination-twice.js PASS
Testing test/node10-streams/test-stream-unpipe-event.js PASS
Testing test/node10-streams/test-stream-readable-emittedReadable.js PASS
Testing test/node10-streams/test-stream-decoder-objectmode.js PASS
Testing test/node10-streams/test-stream-push-order.js PASS
Testing test/node10-streams/test-stream-readable-resumeScheduled.js PASS
Testing test/node10-streams/test-stream-pipe-cleanup.js PASS

495 passing tests
0 failing tests
=== [pmacg5/g5/0.99] install ===
cp -r test/vendor/elliptic   /opt/ionpower-node-0.99/share/ionpower-node/vendor/
cp README.md LICENSE   /opt/ionpower-node-0.99/share/ionpower-node/ 2>/dev/null || true
cp -r demos /opt/ionpower-node-0.99/share/ionpower-node/demos
mkdir -p /opt/ionpower-node-0.99/share/ionpower-node/test/vendor/nm/node_modules

installed ionpower-node 0.99 to /opt/ionpower-node-0.99
  binary:   /opt/ionpower-node-0.99/bin/node (-> ionpower-node)
  babel:    /opt/ionpower-node-0.99/share/ionpower-node/vendor/babel.js
  demos:    /opt/ionpower-node-0.99/share/ionpower-node/demos/
  mozjs:    expected at /opt/mozjs-45-ionpower-g5/

Run:  /opt/ionpower-node-0.99/bin/node <script.js>
=== [pmacg5/g5/0.99] tarball ===
-rw-r--r--   1 macuser  wheel  7754859 May 15 04:37 /tmp/ionpower-node-0.99-g5-ppc.tar.gz
=== [pmacg5/g5/0.99] DONE ===
