=== [imacg3/g3/0.44] rsync source ===
Transfer starting: 1808 files
deleting test/fib-report.txt
./
src/
src/node_compat/
Makefile
README.md
src/main.cpp
test/
src/node_compat/buffer.cpp
src/node_compat/globals.cpp
src/node_compat/net.cpp
src/node_compat/process.cpp
test/vendor/
test/batch_wave_aa_smoke.js
test/fs_watch_smoke.js
test/vendor/chardet.js
test/vendor/detect-node.js
test/vendor/is-generator-fn.js
test/vendor/is-retry-allowed.js
test/vendor/json-parse-better-errors.js
test/vendor/run-parallel.js

sent 128577 bytes  received 4276 bytes  326339 bytes/sec
total size is 35879365  speedup is 270.07
=== [imacg3/g3/0.44] scp Makefile + process.cpp + globals.cpp + main.cpp + net.cpp (gremlin workaround) ===
=== [imacg3/g3/0.44] clean + build  (MOZJS=/opt/mozjs-45-ionpower-g3 CPU='-mcpu=750 -mtune=750') ===
rm -f src/main.o src/node_compat/console.o src/node_compat/process.o src/node_compat/fs.o src/node_compat/path.o src/node_compat/buffer.o src/node_compat/require.o src/node_compat/timers.o src/node_compat/crypto.o src/node_compat/http.o src/node_compat/child_process.o src/node_compat/event_loop.o src/node_compat/net.o src/node_compat/zlib.o src/node_compat/globals.o node
ld: warning: mozilla::Vector<JS::Value, 8ul, js::TempAllocPolicy>::growStorageBy(unsigned long) has different visibility (hidden) in /opt/mozjs-45-ionpower-g3/lib/libjs_static.a(Unified_cpp_js_src31.o) and (default) in src/node_compat/timers.o
ld: warning: mozilla::Vector<JS::Value, 8ul, js::TempAllocPolicy>::growStorageBy(unsigned long) has different visibility (hidden) in /opt/mozjs-45-ionpower-g3/lib/libjs_static.a(Unified_cpp_js_src26.o) and (default) in src/node_compat/timers.o
ld: warning: JS::CompileOptions::element() const has different visibility (hidden) in /opt/mozjs-45-ionpower-g3/lib/libjs_static.a(Unified_cpp_js_src1.o) and (default) in src/node_compat/buffer.o
ld: warning: JS::CompileOptions::elementAttributeName() const has different visibility (hidden) in /opt/mozjs-45-ionpower-g3/lib/libjs_static.a(Unified_cpp_js_src1.o) and (default) in src/node_compat/buffer.o
ld: warning: JS::CompileOptions::introductionScript() const has different visibility (hidden) in /opt/mozjs-45-ionpower-g3/lib/libjs_static.a(Unified_cpp_js_src1.o) and (default) in src/node_compat/buffer.o
ld: warning: mozilla::Vector<JS::Value, 8ul, js::TempAllocPolicy>::growStorageBy(unsigned long) has different visibility (hidden) in /opt/mozjs-45-ionpower-g3/lib/libjs_static.a(Unified_cpp_js_src1.o) and (default) in src/node_compat/timers.o
ld: warning: mozilla::Vector<JS::Value, 8ul, js::TempAllocPolicy>::growStorageBy(unsigned long) has different visibility (hidden) in /opt/mozjs-45-ionpower-g3/lib/libjs_static.a(Unified_cpp_js_src24.o) and (default) in src/node_compat/timers.o
ld: warning: JS::CompileOptions::element() const has different visibility (hidden) in /opt/mozjs-45-ionpower-g3/lib/libjs_static.a(Unified_cpp_js_src3.o) and (default) in src/node_compat/buffer.o
ld: warning: JS::CompileOptions::elementAttributeName() const has different visibility (hidden) in /opt/mozjs-45-ionpower-g3/lib/libjs_static.a(Unified_cpp_js_src3.o) and (default) in src/node_compat/buffer.o
ld: warning: JS::CompileOptions::introductionScript() const has different visibility (hidden) in /opt/mozjs-45-ionpower-g3/lib/libjs_static.a(Unified_cpp_js_src3.o) and (default) in src/node_compat/buffer.o
ld: warning: js::TraceableVector<jsid, 0ul, js::TempAllocPolicy, js::DefaultGCPolicy<jsid> >::trace(js::TraceableVector<jsid, 0ul, js::TempAllocPolicy, js::DefaultGCPolicy<jsid> >*, JSTracer*) has different visibility (hidden) in /opt/mozjs-45-ionpower-g3/lib/libjs_static.a(Unified_cpp_js_src3.o) and (default) in src/node_compat/http.o
ld: warning: mozilla::Vector<JS::Value, 8ul, js::TempAllocPolicy>::growStorageBy(unsigned long) has different visibility (hidden) in /opt/mozjs-45-ionpower-g3/lib/libjs_static.a(Unified_cpp_js_src3.o) and (default) in src/node_compat/timers.o
ld: warning: JS::CompileOptions::element() const has different visibility (hidden) in /opt/mozjs-45-ionpower-g3/lib/libjs_static.a(Unified_cpp_js_src4.o) and (default) in src/node_compat/buffer.o
ld: warning: JS::CompileOptions::elementAttributeName() const has different visibility (hidden) in /opt/mozjs-45-ionpower-g3/lib/libjs_static.a(Unified_cpp_js_src4.o) and (default) in src/node_compat/buffer.o
ld: warning: JS::CompileOptions::introductionScript() const has different visibility (hidden) in /opt/mozjs-45-ionpower-g3/lib/libjs_static.a(Unified_cpp_js_src4.o) and (default) in src/node_compat/buffer.o
ld: warning: mozilla::Vector<JS::Value, 8ul, js::TempAllocPolicy>::growStorageBy(unsigned long) has different visibility (hidden) in /opt/mozjs-45-ionpower-g3/lib/libjs_static.a(Unified_cpp_js_src4.o) and (default) in src/node_compat/timers.o
ld: warning: mozilla::Vector<JS::Value, 8ul, js::TempAllocPolicy>::growStorageBy(unsigned long) has different visibility (hidden) in /opt/mozjs-45-ionpower-g3/lib/libjs_static.a(jsarray.o) and (default) in src/node_compat/timers.o
ld: warning: mozilla::Vector<JS::Value, 8ul, js::TempAllocPolicy>::growStorageBy(unsigned long) has different visibility (hidden) in /opt/mozjs-45-ionpower-g3/lib/libjs_static.a(Unified_cpp_js_src12.o) and (default) in src/node_compat/timers.o
ld: warning: mozilla::Vector<JS::Value, 8ul, js::TempAllocPolicy>::growStorageBy(unsigned long) has different visibility (hidden) in /opt/mozjs-45-ionpower-g3/lib/libjs_static.a(Unified_cpp_js_src23.o) and (default) in src/node_compat/timers.o
ld: warning: JS::CompileOptions::element() const has different visibility (hidden) in /opt/mozjs-45-ionpower-g3/lib/libjs_static.a(RegExp.o) and (default) in src/node_compat/buffer.o
ld: warning: JS::CompileOptions::elementAttributeName() const has different visibility (hidden) in /opt/mozjs-45-ionpower-g3/lib/libjs_static.a(RegExp.o) and (default) in src/node_compat/buffer.o
ld: warning: JS::CompileOptions::introductionScript() const has different visibility (hidden) in /opt/mozjs-45-ionpower-g3/lib/libjs_static.a(RegExp.o) and (default) in src/node_compat/buffer.o
ld: warning: JS::CompileOptions::element() const has different visibility (hidden) in /opt/mozjs-45-ionpower-g3/lib/libjs_static.a(Unified_cpp_js_src2.o) and (default) in src/node_compat/buffer.o
ld: warning: JS::CompileOptions::elementAttributeName() const has different visibility (hidden) in /opt/mozjs-45-ionpower-g3/lib/libjs_static.a(Unified_cpp_js_src2.o) and (default) in src/node_compat/buffer.o
ld: warning: JS::CompileOptions::introductionScript() const has different visibility (hidden) in /opt/mozjs-45-ionpower-g3/lib/libjs_static.a(Unified_cpp_js_src2.o) and (default) in src/node_compat/buffer.o
ld: warning: mozilla::Vector<JS::Value, 8ul, js::TempAllocPolicy>::growStorageBy(unsigned long) has different visibility (hidden) in /opt/mozjs-45-ionpower-g3/lib/libjs_static.a(Unified_cpp_js_src2.o) and (default) in src/node_compat/timers.o
ld: warning: mozilla::Vector<JS::Value, 8ul, js::TempAllocPolicy>::growStorageBy(unsigned long) has different visibility (hidden) in /opt/mozjs-45-ionpower-g3/lib/libjs_static.a(Unified_cpp_js_src18.o) and (default) in src/node_compat/timers.o
ld: warning: mozilla::Vector<JS::Value, 8ul, js::TempAllocPolicy>::growStorageBy(unsigned long) has different visibility (hidden) in /opt/mozjs-45-ionpower-g3/lib/libjs_static.a(Unified_cpp_js_src9.o) and (default) in src/node_compat/timers.o
ld: warning: mozilla::Vector<JS::Value, 8ul, js::TempAllocPolicy>::growStorageBy(unsigned long) has different visibility (hidden) in /opt/mozjs-45-ionpower-g3/lib/libjs_static.a(Promise.o) and (default) in src/node_compat/timers.o
  [install_name_tool] @executable_path -> /opt/mozjs-45-ionpower-g3/lib
=== [imacg3/g3/0.44] test-all ===

stubs smoke: all inline assertions passed
./node test/fs_watch_smoke.js
ok: lowercase-keys
ok: string-natural-compare
ok: to-regex-range
ok: fill-range
ok: fs.watch change event (3 events observed)

fs_watch smoke: all assertions passed
./node test/batch_wave_aa_smoke.js
ok: detect-node (returned false)
/Users/macuser/tmp/ionpower-node/test/vendor/babel.js:1: mutating the [[Prototype]] of an object will cause your code to run very slowly; instead create the object with the correct initial [[Prototype]] value using Object.create
ok: is-generator-fn
ok: is-retry-allowed
ok: json-parse-better-errors
skip: chardet (require: cannot find module './fs/node' from '/Users/macuser/tmp/ionpower-node/test/vendor')

batch_wave_aa smoke: inline done
ok: run-parallel
=== [imacg3/g3/0.44] install ===
cp node /opt/ionpower-node-0.44/bin/ionpower-node
ln -sf ionpower-node /opt/ionpower-node-0.44/bin/node
cp test/vendor/babel.js      /opt/ionpower-node-0.44/share/ionpower-node/vendor/
cp test/vendor/tweetnacl.js  /opt/ionpower-node-0.44/share/ionpower-node/vendor/
cp README.md LICENSE   /opt/ionpower-node-0.44/share/ionpower-node/ 2>/dev/null || true

installed ionpower-node 0.44 to /opt/ionpower-node-0.44
  binary:   /opt/ionpower-node-0.44/bin/node (-> ionpower-node)
  babel:    /opt/ionpower-node-0.44/share/ionpower-node/vendor/babel.js
  mozjs:    expected at /opt/mozjs-45-ionpower-g3/

Run:  /opt/ionpower-node-0.44/bin/node <script.js>
=== [imacg3/g3/0.44] tarball ===
-rw-r--r--   1 macuser  wheel  4545946 Apr 24 19:14 /tmp/ionpower-node-0.44-g3-ppc.tar.gz
=== [imacg3/g3/0.44] DONE ===
