=== [ibookg37/g3/0.94] check-test-coverage ===
ok: 491 files in test/ accounted for
    504 wired via scripts/test-list-*.txt
    4 in the intentional-skip allowlist
=== [ibookg37/g3/0.94] check-demo-deps ===
ok: 51 test/vendor/ files transitively reached by demos, all in install rule (55 shipped at root)
=== [ibookg37/g3/0.94] rsync source ===
Transfer starting: 5963 files
deleting test/fib-report.txt
./
docs/sessions/2026-05-12-session-1-node-10-parity-pass-8/
docs/sessions/2026-05-12-session-1-node-10-parity-pass-8/build-logs/
docs/sessions/2026-05-12-session-1-node-10-parity-pass-8/release-notes/
src/node_compat/
docs/sessions/2026-05-12-session-1-node-10-parity-pass-8/build-logs/emac-g4-0.94.log
docs/sessions/2026-05-12-session-1-node-10-parity-pass-8/build-logs/ibookg37-g3-0.94.log
docs/sessions/2026-05-12-session-1-node-10-parity-pass-8/build-logs/pmacg5-g5-0.94.log
docs/sessions/2026-05-12-session-1-node-10-parity-pass-8/notes.md
docs/sessions/2026-05-12-session-1-node-10-parity-pass-8/release-notes/v0.94.md
test/
src/node_compat/globals.cpp

sent 544674 bytes  received 4666 bytes  529688 bytes/sec
total size is 104408537  speedup is 190.06
=== [ibookg37/g3/0.94] scp Makefile + process.cpp + globals.cpp + main.cpp + net.cpp + tls.cpp (gremlin workaround) ===
=== [ibookg37/g3/0.94] clean + build  (MOZJS=/opt/mozjs-45-ionpower-g3 CPU='-mcpu=750 -mtune=750') ===
rm -f src/main.o src/node_compat/console.o src/node_compat/process.o src/node_compat/fs.o src/node_compat/path.o src/node_compat/buffer.o src/node_compat/require.o src/node_compat/timers.o src/node_compat/crypto.o src/node_compat/http.o src/node_compat/child_process.o src/node_compat/event_loop.o src/node_compat/net.o src/node_compat/tls.o src/node_compat/zlib.o src/node_compat/globals.o node
ld: warning: mozilla::Vector<JS::Value, 8ul, js::TempAllocPolicy>::growStorageBy(unsigned long) has different visibility (hidden) in /opt/mozjs-45-ionpower-g3/lib/libjs_static.a(Unified_cpp_js_src10.o) and (default) in src/node_compat/timers.o
ld: warning: mozilla::Vector<JS::Value, 8ul, js::TempAllocPolicy>::growStorageBy(unsigned long) has different visibility (hidden) in /opt/mozjs-45-ionpower-g3/lib/libjs_static.a(Unified_cpp_js_src26.o) and (default) in src/node_compat/timers.o
ld: warning: mozilla::Vector<JS::Value, 8ul, js::TempAllocPolicy>::growStorageBy(unsigned long) has different visibility (hidden) in /opt/mozjs-45-ionpower-g3/lib/libjs_static.a(Unified_cpp_js_src16.o) and (default) in src/node_compat/timers.o
ld: warning: mozilla::Vector<JS::Value, 8ul, js::TempAllocPolicy>::growStorageBy(unsigned long) has different visibility (hidden) in /opt/mozjs-45-ionpower-g3/lib/libjs_static.a(Unified_cpp_js_src31.o) and (default) in src/node_compat/timers.o
ld: warning: JS::CompileOptions::element() const has different visibility (hidden) in /opt/mozjs-45-ionpower-g3/lib/libjs_static.a(Unified_cpp_js_src1.o) and (default) in src/node_compat/process.o
ld: warning: JS::CompileOptions::elementAttributeName() const has different visibility (hidden) in /opt/mozjs-45-ionpower-g3/lib/libjs_static.a(Unified_cpp_js_src1.o) and (default) in src/node_compat/process.o
ld: warning: JS::CompileOptions::introductionScript() const has different visibility (hidden) in /opt/mozjs-45-ionpower-g3/lib/libjs_static.a(Unified_cpp_js_src1.o) and (default) in src/node_compat/process.o
ld: warning: mozilla::Vector<JS::Value, 8ul, js::TempAllocPolicy>::growStorageBy(unsigned long) has different visibility (hidden) in /opt/mozjs-45-ionpower-g3/lib/libjs_static.a(Unified_cpp_js_src1.o) and (default) in src/node_compat/timers.o
ld: warning: JS::CompileOptions::element() const has different visibility (hidden) in /opt/mozjs-45-ionpower-g3/lib/libjs_static.a(Unified_cpp_js_src3.o) and (default) in src/node_compat/process.o
ld: warning: JS::CompileOptions::elementAttributeName() const has different visibility (hidden) in /opt/mozjs-45-ionpower-g3/lib/libjs_static.a(Unified_cpp_js_src3.o) and (default) in src/node_compat/process.o
ld: warning: JS::CompileOptions::introductionScript() const has different visibility (hidden) in /opt/mozjs-45-ionpower-g3/lib/libjs_static.a(Unified_cpp_js_src3.o) and (default) in src/node_compat/process.o
ld: warning: js::TraceableVector<jsid, 0ul, js::TempAllocPolicy, js::DefaultGCPolicy<jsid> >::trace(js::TraceableVector<jsid, 0ul, js::TempAllocPolicy, js::DefaultGCPolicy<jsid> >*, JSTracer*) has different visibility (hidden) in /opt/mozjs-45-ionpower-g3/lib/libjs_static.a(Unified_cpp_js_src3.o) and (default) in src/node_compat/http.o
ld: warning: mozilla::Vector<JS::Value, 8ul, js::TempAllocPolicy>::growStorageBy(unsigned long) has different visibility (hidden) in /opt/mozjs-45-ionpower-g3/lib/libjs_static.a(Unified_cpp_js_src3.o) and (default) in src/node_compat/timers.o
ld: warning: JS::CompileOptions::element() const has different visibility (hidden) in /opt/mozjs-45-ionpower-g3/lib/libjs_static.a(Unified_cpp_js_src4.o) and (default) in src/node_compat/process.o
ld: warning: JS::CompileOptions::elementAttributeName() const has different visibility (hidden) in /opt/mozjs-45-ionpower-g3/lib/libjs_static.a(Unified_cpp_js_src4.o) and (default) in src/node_compat/process.o
ld: warning: JS::CompileOptions::introductionScript() const has different visibility (hidden) in /opt/mozjs-45-ionpower-g3/lib/libjs_static.a(Unified_cpp_js_src4.o) and (default) in src/node_compat/process.o
ld: warning: mozilla::Vector<JS::Value, 8ul, js::TempAllocPolicy>::growStorageBy(unsigned long) has different visibility (hidden) in /opt/mozjs-45-ionpower-g3/lib/libjs_static.a(Unified_cpp_js_src4.o) and (default) in src/node_compat/timers.o
ld: warning: mozilla::Vector<JS::Value, 8ul, js::TempAllocPolicy>::growStorageBy(unsigned long) has different visibility (hidden) in /opt/mozjs-45-ionpower-g3/lib/libjs_static.a(jsarray.o) and (default) in src/node_compat/timers.o
ld: warning: mozilla::Vector<JS::Value, 8ul, js::TempAllocPolicy>::growStorageBy(unsigned long) has different visibility (hidden) in /opt/mozjs-45-ionpower-g3/lib/libjs_static.a(Unified_cpp_js_src12.o) and (default) in src/node_compat/timers.o
ld: warning: JS::CompileOptions::element() const has different visibility (hidden) in /opt/mozjs-45-ionpower-g3/lib/libjs_static.a(RegExp.o) and (default) in src/node_compat/process.o
ld: warning: JS::CompileOptions::elementAttributeName() const has different visibility (hidden) in /opt/mozjs-45-ionpower-g3/lib/libjs_static.a(RegExp.o) and (default) in src/node_compat/process.o
ld: warning: JS::CompileOptions::introductionScript() const has different visibility (hidden) in /opt/mozjs-45-ionpower-g3/lib/libjs_static.a(RegExp.o) and (default) in src/node_compat/process.o
ld: warning: mozilla::Vector<JS::Value, 8ul, js::TempAllocPolicy>::growStorageBy(unsigned long) has different visibility (hidden) in /opt/mozjs-45-ionpower-g3/lib/libjs_static.a(Unified_cpp_js_src18.o) and (default) in src/node_compat/timers.o
ld: warning: JS::CompileOptions::element() const has different visibility (hidden) in /opt/mozjs-45-ionpower-g3/lib/libjs_static.a(Unified_cpp_js_src2.o) and (default) in src/node_compat/process.o
ld: warning: JS::CompileOptions::elementAttributeName() const has different visibility (hidden) in /opt/mozjs-45-ionpower-g3/lib/libjs_static.a(Unified_cpp_js_src2.o) and (default) in src/node_compat/process.o
ld: warning: JS::CompileOptions::introductionScript() const has different visibility (hidden) in /opt/mozjs-45-ionpower-g3/lib/libjs_static.a(Unified_cpp_js_src2.o) and (default) in src/node_compat/process.o
ld: warning: mozilla::Vector<JS::Value, 8ul, js::TempAllocPolicy>::growStorageBy(unsigned long) has different visibility (hidden) in /opt/mozjs-45-ionpower-g3/lib/libjs_static.a(Unified_cpp_js_src2.o) and (default) in src/node_compat/timers.o
ld: warning: mozilla::Vector<JS::Value, 8ul, js::TempAllocPolicy>::growStorageBy(unsigned long) has different visibility (hidden) in /opt/mozjs-45-ionpower-g3/lib/libjs_static.a(Unified_cpp_js_src9.o) and (default) in src/node_compat/timers.o
ld: warning: mozilla::Vector<JS::Value, 8ul, js::TempAllocPolicy>::growStorageBy(unsigned long) has different visibility (hidden) in /opt/mozjs-45-ionpower-g3/lib/libjs_static.a(Promise.o) and (default) in src/node_compat/timers.o
  [install_name_tool] @executable_path -> /opt/mozjs-45-ionpower-g3/lib
=== [ibookg37/g3/0.94] test-all ===
Testing test/node10-streams/test-stream-ispaused.js PASS
Testing test/node10-streams/test-stream-pipe-event.js PASS
Testing test/node10-streams/test-stream-readable-flow-recursion.js PASS
Testing test/node10-streams/test-stream-push-strings.js PASS
Testing test/node10-streams/test-stream-pipe-error-handling.js PASS
Testing test/node10-streams/test-stream-pipe-cleanup-pause.js PASS
Testing test/node10-streams/test-stream-pipe-multiple-pipes.js PASS
Testing test/node10-streams/test-stream-end-paused.js PASS
Testing test/node10-streams/test-stream-events-prepend.js PASS
Testing test/node10-streams/test-stream-readable-event.js PASS
Testing test/node10-streams/test-stream-pipe-flow.js PASS
Testing test/node10-streams/test-stream-pipe-manual-resume.js PASS
Testing test/node10-streams/test-stream-pipe-without-listenerCount.js PASS
Testing test/node10-streams/test-stream-objectmode-undefined.js PASS
Testing test/node10-streams/test-stream-transform-flush-data.js PASS
Testing test/node10-streams/test-stream-pipe-same-destination-twice.js PASS
Testing test/node10-streams/test-stream-unpipe-event.js PASS

490 passing tests
0 failing tests
=== [ibookg37/g3/0.94] install ===
cp -r test/vendor/elliptic   /opt/ionpower-node-0.94/share/ionpower-node/vendor/
cp README.md LICENSE   /opt/ionpower-node-0.94/share/ionpower-node/ 2>/dev/null || true
cp -r demos /opt/ionpower-node-0.94/share/ionpower-node/demos
mkdir -p /opt/ionpower-node-0.94/share/ionpower-node/test/vendor/nm/node_modules

installed ionpower-node 0.94 to /opt/ionpower-node-0.94
  binary:   /opt/ionpower-node-0.94/bin/node (-> ionpower-node)
  babel:    /opt/ionpower-node-0.94/share/ionpower-node/vendor/babel.js
  demos:    /opt/ionpower-node-0.94/share/ionpower-node/demos/
  mozjs:    expected at /opt/mozjs-45-ionpower-g3/

Run:  /opt/ionpower-node-0.94/bin/node <script.js>
=== [ibookg37/g3/0.94] tarball ===
-rw-r--r--   1 macuser  wheel  7601182 May 13 00:06 /tmp/ionpower-node-0.94-g3-ppc.tar.gz
=== [ibookg37/g3/0.94] DONE ===
