=== survey-one.sh PKG=luxon REQUIRE=luxon ===
Fri May 15 12:22:03 CDT 2026

--- npm install luxon ---
/Users/macuser/tmp/npm-6.14.18/node_modules/graceful-fs/polyfills.js:145: mutating the [[Prototype]] of an object will cause your code to run very slowly; instead create the object with the correct initial [[Prototype]] value using Object.create
/Users/macuser/tmp/npm-6.14.18/node_modules/bluebird/js/release/util.js:205: unreachable code after return statement
/Users/macuser/tmp/npm-6.14.18/node_modules/bluebird/js/release/util.js:205: unreachable code after return statement
npm notice This endpoint is being retired. Use the bulk advisory endpoint instead. See the following docs for more info: https://api-docs.npmjs.com/#tag/Audit
npm WARN saveError fs.fsync is not a function
npm WARN saveError fs.fsync is not a function
npm WARN notsup Unsupported engine for luxon@3.7.2: wanted: {"node":">=12"} (current: {"node":"10.24.1","npm":"6.14.18"})
npm WARN notsup Not compatible with your version of node/npm: luxon@3.7.2

+ luxon@3.7.2
added 1 package from 1 contributor in 94.524s


--- install exit=0 dt=100s ---

--- require('luxon') ---
/Users/macuser/tmp/ionpower-node/test/vendor/babel.js:1: mutating the [[Prototype]] of an object will cause your code to run very slowly; instead create the object with the correct initial [[Prototype]] value using Object.create
REQUIRE_FAIL invalid property id
__make_require__/f@<ionpower-node internal>:2:36
__make_require__/wrapped@<ionpower-node bootstrap>:9099:20
@/Users/macuser/tmp/survey-048/pkgs/luxon/_require_test.js:2:13

--- require exit=2 dt=42s ---
