=== survey-one.sh PKG=make-fetch-happen REQUIRE=make-fetch-happen ===
Fri May 15 11:03:21 CDT 2026

--- npm install make-fetch-happen ---
/Users/macuser/tmp/npm-6.14.18/node_modules/graceful-fs/polyfills.js:145: mutating the [[Prototype]] of an object will cause your code to run very slowly; instead create the object with the correct initial [[Prototype]] value using Object.create
/Users/macuser/tmp/npm-6.14.18/node_modules/bluebird/js/release/util.js:205: unreachable code after return statement
/Users/macuser/tmp/npm-6.14.18/node_modules/bluebird/js/release/util.js:205: unreachable code after return statement
npm notice This endpoint is being retired. Use the bulk advisory endpoint instead. See the following docs for more info: https://api-docs.npmjs.com/#tag/Audit
npm WARN saveError fs.fsync is not a function
npm WARN saveError fs.fsync is not a function
npm WARN notsup Unsupported engine for make-fetch-happen@15.0.5: wanted: {"node":"^20.17.0 || >=22.9.0"} (current: {"node":"10.24.1","npm":"6.14.18"})
npm WARN notsup Not compatible with your version of node/npm: make-fetch-happen@15.0.5
npm WARN notsup Unsupported engine for ssri@13.0.1: wanted: {"node":"^20.17.0 || >=22.9.0"} (current: {"node":"10.24.1","npm":"6.14.18"})
npm WARN notsup Not compatible with your version of node/npm: ssri@13.0.1
npm WARN notsup Unsupported engine for cacache@20.0.4: wanted: {"node":"^20.17.0 || >=22.9.0"} (current: {"node":"10.24.1","npm":"6.14.18"})
npm WARN notsup Not compatible with your version of node/npm: cacache@20.0.4
npm WARN notsup Unsupported engine for minipass@7.1.3: wanted: {"node":">=16 || 14 >=14.17"} (current: {"node":"10.24.1","npm":"6.14.18"})
npm WARN notsup Not compatible with your version of node/npm: minipass@7.1.3
npm WARN notsup Unsupported engine for @npmcli/redact@4.0.0: wanted: {"node":"^20.17.0 || >=22.9.0"} (current: {"node":"10.24.1","npm":"6.14.18"})
npm WARN notsup Not compatible with your version of node/npm: @npmcli/redact@4.0.0
npm WARN notsup Unsupported engine for minipass-fetch@5.0.2: wanted: {"node":"^20.17.0 || >=22.9.0"} (current: {"node":"10.24.1","npm":"6.14.18"})
npm WARN notsup Not compatible with your version of node/npm: minipass-fetch@5.0.2
npm WARN notsup Unsupported engine for proc-log@6.1.0: wanted: {"node":"^20.17.0 || >=22.9.0"} (current: {"node":"10.24.1","npm":"6.14.18"})
npm WARN notsup Not compatible with your version of node/npm: proc-log@6.1.0
npm WARN notsup Unsupported engine for @npmcli/agent@4.0.0: wanted: {"node":"^20.17.0 || >=22.9.0"} (current: {"node":"10.24.1","npm":"6.14.18"})
npm WARN notsup Not compatible with your version of node/npm: @npmcli/agent@4.0.0
npm WARN notsup Unsupported engine for @gar/promise-retry@1.0.3: wanted: {"node":"^20.17.0 || >=22.9.0"} (current: {"node":"10.24.1","npm":"6.14.18"})
npm WARN notsup Not compatible with your version of node/npm: @gar/promise-retry@1.0.3
npm WARN notsup Unsupported engine for agent-base@7.1.4: wanted: {"node":">= 14"} (current: {"node":"10.24.1","npm":"6.14.18"})
npm WARN notsup Not compatible with your version of node/npm: agent-base@7.1.4
npm WARN notsup Unsupported engine for https-proxy-agent@7.0.6: wanted: {"node":">= 14"} (current: {"node":"10.24.1","npm":"6.14.18"})
npm WARN notsup Not compatible with your version of node/npm: https-proxy-agent@7.0.6
npm WARN notsup Unsupported engine for socks-proxy-agent@8.0.5: wanted: {"node":">= 14"} (current: {"node":"10.24.1","npm":"6.14.18"})
npm WARN notsup Not compatible with your version of node/npm: socks-proxy-agent@8.0.5
npm WARN notsup Unsupported engine for http-proxy-agent@7.0.2: wanted: {"node":">= 14"} (current: {"node":"10.24.1","npm":"6.14.18"})
npm WARN notsup Not compatible with your version of node/npm: http-proxy-agent@7.0.2
npm WARN notsup Unsupported engine for lru-cache@11.3.6: wanted: {"node":"20 || >=22"} (current: {"node":"10.24.1","npm":"6.14.18"})
npm WARN notsup Not compatible with your version of node/npm: lru-cache@11.3.6
npm WARN notsup Unsupported engine for ip-address@10.2.0: wanted: {"node":">= 12"} (current: {"node":"10.24.1","npm":"6.14.18"})
npm WARN notsup Not compatible with your version of node/npm: ip-address@10.2.0
npm WARN notsup Unsupported engine for p-map@7.0.4: wanted: {"node":">=18"} (current: {"node":"10.24.1","npm":"6.14.18"})
npm WARN notsup Not compatible with your version of node/npm: p-map@7.0.4
npm WARN notsup Unsupported engine for @npmcli/fs@5.0.0: wanted: {"node":"^20.17.0 || >=22.9.0"} (current: {"node":"10.24.1","npm":"6.14.18"})
npm WARN notsup Not compatible with your version of node/npm: @npmcli/fs@5.0.0
npm WARN notsup Unsupported engine for fs-minipass@3.0.3: wanted: {"node":"^14.17.0 || ^16.13.0 || >=18.0.0"} (current: {"node":"10.24.1","npm":"6.14.18"})
npm WARN notsup Not compatible with your version of node/npm: fs-minipass@3.0.3
npm WARN notsup Unsupported engine for minipass-collect@2.0.1: wanted: {"node":">=16 || 14 >=14.17"} (current: {"node":"10.24.1","npm":"6.14.18"})
npm WARN notsup Not compatible with your version of node/npm: minipass-collect@2.0.1
npm WARN notsup Unsupported engine for glob@13.0.6: wanted: {"node":"18 || 20 || >=22"} (current: {"node":"10.24.1","npm":"6.14.18"})
npm WARN notsup Not compatible with your version of node/npm: glob@13.0.6
npm WARN notsup Unsupported engine for path-scurry@2.0.2: wanted: {"node":"18 || 20 || >=22"} (current: {"node":"10.24.1","npm":"6.14.18"})
npm WARN notsup Not compatible with your version of node/npm: path-scurry@2.0.2
npm WARN notsup Unsupported engine for minimatch@10.2.5: wanted: {"node":"18 || 20 || >=22"} (current: {"node":"10.24.1","npm":"6.14.18"})
npm WARN notsup Not compatible with your version of node/npm: minimatch@10.2.5
npm WARN notsup Unsupported engine for brace-expansion@5.0.6: wanted: {"node":"18 || 20 || >=22"} (current: {"node":"10.24.1","npm":"6.14.18"})
npm WARN notsup Not compatible with your version of node/npm: brace-expansion@5.0.6
npm WARN notsup Unsupported engine for balanced-match@4.0.4: wanted: {"node":"18 || 20 || >=22"} (current: {"node":"10.24.1","npm":"6.14.18"})
npm WARN notsup Not compatible with your version of node/npm: balanced-match@4.0.4
npm WARN notsup Unsupported engine for minizlib@3.1.0: wanted: {"node":">= 18"} (current: {"node":"10.24.1","npm":"6.14.18"})
npm WARN notsup Not compatible with your version of node/npm: minizlib@3.1.0

+ make-fetch-happen@15.0.5
added 40 packages from 36 contributors in 267.297s

5 packages are looking for funding
  run `npm fund` for details



--- install exit=0 dt=273s ---

--- require('make-fetch-happen') ---
/Users/macuser/tmp/ionpower-node/test/vendor/babel.js:1: mutating the [[Prototype]] of an object will cause your code to run very slowly; instead create the object with the correct initial [[Prototype]] value using Object.create
REQUIRE_FAIL identifier starts immediately after numeric literal
__make_require__/f@<ionpower-node internal>:2:36
__make_require__/wrapped@<ionpower-node bootstrap>:9099:20
@/Users/macuser/tmp/survey-048/pkgs/make-fetch-happen/node_modules/ip-address/dist/ip-address.js:27:14
__make_require__/f@<ionpower-node internal>:2:36
__make_require__/wrapped@<ionpower-node bootstrap>:9099:20
--- require exit=2 dt=976s ---
