=== survey-one.sh PKG=meow@9 REQUIRE=meow ===
Fri May 15 11:40:44 CDT 2026

--- npm install meow@9 ---
/Users/macuser/tmp/npm-6.14.18/node_modules/graceful-fs/polyfills.js:145: mutating the [[Prototype]] of an object will cause your code to run very slowly; instead create the object with the correct initial [[Prototype]] value using Object.create
/Users/macuser/tmp/npm-6.14.18/node_modules/bluebird/js/release/util.js:205: unreachable code after return statement
/Users/macuser/tmp/npm-6.14.18/node_modules/bluebird/js/release/util.js:205: unreachable code after return statement
npm notice This endpoint is being retired. Use the bulk advisory endpoint instead. See the following docs for more info: https://api-docs.npmjs.com/#tag/Audit
npm WARN saveError fs.fsync is not a function
npm WARN saveError fs.fsync is not a function
+ meow@9.0.0
added 61 packages from 43 contributors in 195.54s

12 packages are looking for funding
  run `npm fund` for details



--- install exit=0 dt=201s ---

--- require('meow') ---
/Users/macuser/tmp/ionpower-node/test/vendor/babel.js:1: mutating the [[Prototype]] of an object will cause your code to run very slowly; instead create the object with the correct initial [[Prototype]] value using Object.create
REQUIRE_FAIL require: cannot find module 'spdx-license-ids/deprecated' from '/Users/macuser/tmp/survey-048/pkgs/meow/node_modules/spdx-expression-parse'
__make_require__/f@<ionpower-node internal>:2:36
__make_require__/wrapped@<ionpower-node bootstrap>:9099:20
@/Users/macuser/tmp/survey-048/pkgs/meow/node_modules/spdx-expression-parse/scan.js:5:1
__make_require__/f@<ionpower-node internal>:2:36
__make_require__/wrapped@<ionpower-node bootstrap>:9099:20
--- require exit=2 dt=98s ---
