=== survey-one.sh PKG=minimatch REQUIRE=minimatch ===
Fri May 15 11:33:17 CDT 2026

--- npm install minimatch ---
/Users/macuser/tmp/npm-6.14.18/node_modules/graceful-fs/polyfills.js:145: mutating the [[Prototype]] of an object will cause your code to run very slowly; instead create the object with the correct initial [[Prototype]] value using Object.create
/Users/macuser/tmp/npm-6.14.18/node_modules/bluebird/js/release/util.js:205: unreachable code after return statement
/Users/macuser/tmp/npm-6.14.18/node_modules/bluebird/js/release/util.js:205: unreachable code after return statement
npm notice This endpoint is being retired. Use the bulk advisory endpoint instead. See the following docs for more info: https://api-docs.npmjs.com/#tag/Audit
npm WARN saveError fs.fsync is not a function
npm WARN saveError fs.fsync is not a function
npm WARN notsup Unsupported engine for minimatch@10.2.5: wanted: {"node":"18 || 20 || >=22"} (current: {"node":"10.24.1","npm":"6.14.18"})
npm WARN notsup Not compatible with your version of node/npm: minimatch@10.2.5
npm WARN notsup Unsupported engine for brace-expansion@5.0.6: wanted: {"node":"18 || 20 || >=22"} (current: {"node":"10.24.1","npm":"6.14.18"})
npm WARN notsup Not compatible with your version of node/npm: brace-expansion@5.0.6
npm WARN notsup Unsupported engine for balanced-match@4.0.4: wanted: {"node":"18 || 20 || >=22"} (current: {"node":"10.24.1","npm":"6.14.18"})
npm WARN notsup Not compatible with your version of node/npm: balanced-match@4.0.4

+ minimatch@10.2.5
added 3 packages from 1 contributor in 31.497s

1 package is looking for funding
  run `npm fund` for details



--- install exit=0 dt=37s ---

--- require('minimatch') ---
/Users/macuser/tmp/ionpower-node/test/vendor/babel.js:1: mutating the [[Prototype]] of an object will cause your code to run very slowly; instead create the object with the correct initial [[Prototype]] value using Object.create
REQUIRE_OK typeof=object first_keys=["minimatch","sep","GLOBSTAR","filter","defaults","braceExpand","makeRe","match"]
--- require exit=0 dt=77s ---
