=== survey-one.sh PKG=yup REQUIRE=yup ===
Fri May 15 11:58:01 CDT 2026

--- npm install yup ---
/Users/macuser/tmp/npm-6.14.18/node_modules/graceful-fs/polyfills.js:145: mutating the [[Prototype]] of an object will cause your code to run very slowly; instead create the object with the correct initial [[Prototype]] value using Object.create
/Users/macuser/tmp/npm-6.14.18/node_modules/bluebird/js/release/util.js:205: unreachable code after return statement
/Users/macuser/tmp/npm-6.14.18/node_modules/bluebird/js/release/util.js:205: unreachable code after return statement
npm notice This endpoint is being retired. Use the bulk advisory endpoint instead. See the following docs for more info: https://api-docs.npmjs.com/#tag/Audit
npm WARN saveError fs.fsync is not a function
npm WARN saveError fs.fsync is not a function
npm WARN notsup Unsupported engine for type-fest@2.19.0: wanted: {"node":">=12.20"} (current: {"node":"10.24.1","npm":"6.14.18"})
npm WARN notsup Not compatible with your version of node/npm: type-fest@2.19.0

+ yup@1.7.1
added 5 packages from 4 contributors in 50.122s

1 package is looking for funding
  run `npm fund` for details



--- install exit=0 dt=55s ---

--- require('yup') ---
/Users/macuser/tmp/ionpower-node/test/vendor/babel.js:1: mutating the [[Prototype]] of an object will cause your code to run very slowly; instead create the object with the correct initial [[Prototype]] value using Object.create
REQUIRE_FAIL async functions are not enabled in the parser
__make_require__/f@<ionpower-node internal>:2:36
__make_require__/wrapped@<ionpower-node bootstrap>:9099:20
@/Users/macuser/tmp/survey-048/pkgs/yup/_require_test.js:2:13

--- require exit=2 dt=56s ---
