=== [emac/g4/0.92] check-test-coverage ===
ok: 490 files in test/ accounted for
    486 wired via scripts/test-list-*.txt
    4 in the intentional-skip allowlist
=== [emac/g4/0.92] check-demo-deps ===
ok: 51 test/vendor/ files transitively reached by demos, all in install rule (55 shipped at root)
=== [emac/g4/0.92] rsync source ===
Transfer starting: 5919 files
./
docs/sessions/2026-05-11-session-2-node-10-parity-pass-6/build-logs/
src/
src/node_compat/
Makefile
docs/sessions/2026-05-11-session-2-node-10-parity-pass-6/build-logs/g3-pass6-rev2.log
docs/sessions/2026-05-11-session-2-node-10-parity-pass-6/build-logs/g3-pass6.log
docs/sessions/2026-05-11-session-2-node-10-parity-pass-6/build-logs/g4-pass6-rev2.log
docs/sessions/2026-05-11-session-2-node-10-parity-pass-6/build-logs/g4-pass6.log
docs/sessions/2026-05-11-session-2-node-10-parity-pass-6/build-logs/g5-pass6-rev2.log
docs/sessions/2026-05-11-session-2-node-10-parity-pass-6/build-logs/g5-pass6.log
src/main.cpp
src/node_compat/buffer.cpp
src/node_compat/globals.cpp
src/node_compat/net.cpp
src/node_compat/process.cpp
src/node_compat/tls.cpp

sent 548671 bytes  received 5796 bytes  2052821 bytes/sec
total size is 103872769  speedup is 187.34
=== [emac/g4/0.92] scp Makefile + process.cpp + globals.cpp + main.cpp + net.cpp + tls.cpp (gremlin workaround) ===
=== [emac/g4/0.92] clean + build  (MOZJS=/opt/mozjs-45-ionpower-g4 CPU='-mcpu=7450 -mtune=7450') ===
rm -f src/main.o src/node_compat/console.o src/node_compat/process.o src/node_compat/fs.o src/node_compat/path.o src/node_compat/buffer.o src/node_compat/require.o src/node_compat/timers.o src/node_compat/crypto.o src/node_compat/http.o src/node_compat/child_process.o src/node_compat/event_loop.o src/node_compat/net.o src/node_compat/tls.o src/node_compat/zlib.o src/node_compat/globals.o node
ld: warning: can't find atom for N_GSYM stabs _ZN9__gnu_cxx24__numeric_traits_integerIiE5__maxE:G(0,972) in src/node_compat/child_process.o
ld: warning: can't find atom for N_GSYM stabs _ZN9__gnu_cxx25__numeric_traits_floatingIfE16__max_exponent10E:G(0,972) in src/node_compat/child_process.o
ld: warning: can't find atom for N_GSYM stabs _ZN9__gnu_cxx25__numeric_traits_floatingIdE16__max_exponent10E:G(0,972) in src/node_compat/child_process.o
ld: warning: can't find atom for N_GSYM stabs _ZN9__gnu_cxx25__numeric_traits_floatingIeE16__max_exponent10E:G(0,972) in src/node_compat/child_process.o
ld: warning: can't find atom for N_GSYM stabs _ZNSt17integral_constantIbLb0EE5valueE:G(0,417) in src/node_compat/event_loop.o
ld: warning: can't find atom for N_GSYM stabs _ZNSt17integral_constantIbLb1EE5valueE:G(0,417) in src/node_compat/event_loop.o
ld: warning: can't find atom for N_GSYM stabs _ZN9__gnu_cxx24__numeric_traits_integerIiE5__minE:G(0,190) in src/node_compat/event_loop.o
ld: warning: can't find atom for N_GSYM stabs _ZN9__gnu_cxx24__numeric_traits_integerIiE5__maxE:G(0,190) in src/node_compat/event_loop.o
ld: warning: can't find atom for N_GSYM stabs _ZN9__gnu_cxx25__numeric_traits_floatingIfE16__max_exponent10E:G(0,190) in src/node_compat/event_loop.o
ld: warning: can't find atom for N_GSYM stabs _ZN9__gnu_cxx25__numeric_traits_floatingIdE16__max_exponent10E:G(0,190) in src/node_compat/event_loop.o
ld: warning: can't find atom for N_GSYM stabs _ZN9__gnu_cxx25__numeric_traits_floatingIeE16__max_exponent10E:G(0,190) in src/node_compat/event_loop.o
ld: warning: can't find atom for N_GSYM stabs _ZN9__gnu_cxx24__numeric_traits_integerIiE5__minE:G(0,1206)=k(0,46) in src/node_compat/net.o
ld: warning: can't find atom for N_GSYM stabs _ZN9__gnu_cxx24__numeric_traits_integerIiE5__maxE:G(0,1206) in src/node_compat/net.o
ld: warning: can't find atom for N_GSYM stabs _ZN9__gnu_cxx25__numeric_traits_floatingIfE16__max_exponent10E:G(0,1206) in src/node_compat/net.o
ld: warning: can't find atom for N_GSYM stabs _ZN9__gnu_cxx25__numeric_traits_floatingIdE16__max_exponent10E:G(0,1206) in src/node_compat/net.o
ld: warning: can't find atom for N_GSYM stabs _ZN9__gnu_cxx25__numeric_traits_floatingIeE16__max_exponent10E:G(0,1206) in src/node_compat/net.o
ld: warning: can't find atom for N_GSYM stabs _ZNSt17integral_constantIbLb0EE5valueE:G(0,814) in src/node_compat/tls.o
ld: warning: can't find atom for N_GSYM stabs _ZNSt17integral_constantIbLb1EE5valueE:G(0,814) in src/node_compat/tls.o
ld: warning: can't find atom for N_GSYM stabs _ZN9__gnu_cxx24__numeric_traits_integerIiE5__minE:G(0,1144) in src/node_compat/tls.o
ld: warning: can't find atom for N_GSYM stabs _ZN9__gnu_cxx24__numeric_traits_integerIiE5__maxE:G(0,1144) in src/node_compat/tls.o
ld: warning: can't find atom for N_GSYM stabs _ZN9__gnu_cxx25__numeric_traits_floatingIfE16__max_exponent10E:G(0,1144) in src/node_compat/tls.o
ld: warning: can't find atom for N_GSYM stabs _ZN9__gnu_cxx25__numeric_traits_floatingIdE16__max_exponent10E:G(0,1144) in src/node_compat/tls.o
ld: warning: can't find atom for N_GSYM stabs _ZN9__gnu_cxx25__numeric_traits_floatingIeE16__max_exponent10E:G(0,1144) in src/node_compat/tls.o
ld: warning: can't find atom for N_GSYM stabs _ZNSt17integral_constantImLm4EE5valueE:G(0,2064)=k(0,82) in src/node_compat/tls.o
ld: warning: JS::CompileOptions::element() const has different visibility (hidden) in /opt/mozjs-45-ionpower-g4/lib/libjs_static.a(Unified_cpp_js_src19.o) and (default) in src/node_compat/process.o
ld: warning: JS::CompileOptions::elementAttributeName() const has different visibility (hidden) in /opt/mozjs-45-ionpower-g4/lib/libjs_static.a(Unified_cpp_js_src19.o) and (default) in src/node_compat/process.o
ld: warning: JS::CompileOptions::introductionScript() const has different visibility (hidden) in /opt/mozjs-45-ionpower-g4/lib/libjs_static.a(Unified_cpp_js_src19.o) and (default) in src/node_compat/process.o
ld: warning: mozilla::Vector<JS::Value, 8ul, js::TempAllocPolicy>::growStorageBy(unsigned long) has different visibility (hidden) in /opt/mozjs-45-ionpower-g4/lib/libjs_static.a(Unified_cpp_js_src19.o) and (default) in src/node_compat/timers.o
ld: warning: js::TraceableVector<jsid, 0ul, js::TempAllocPolicy, js::DefaultGCPolicy<jsid> >::trace(js::TraceableVector<jsid, 0ul, js::TempAllocPolicy, js::DefaultGCPolicy<jsid> >*, JSTracer*) has different visibility (hidden) in /opt/mozjs-45-ionpower-g4/lib/libjs_static.a(Unified_cpp_js_src3.o) and (default) in src/node_compat/http.o
  [install_name_tool] @executable_path -> /opt/mozjs-45-ionpower-g4/lib
=== [emac/g4/0.92] test-all ===
Testing test/top_level_await_smoke.js PASS
Testing test/import_meta_smoke.js PASS
Testing test/subtle_ecdsa_smoke.js PASS
Testing test/raw_mode_smoke.js PASS
Testing test/subtle_ec_jwk_smoke.js PASS
Testing test/tls_smoke.js PASS
Testing test/tls_cloudflare_smoke.js PASS
Testing test/https_get_smoke.js PASS
Testing test/https_server_smoke.js PASS
Testing test/wss_smoke.js PASS
Testing test/axios_smoke.js PASS
Testing test/node_fetch_smoke.js PASS
Testing test/dotenv_smoke.js PASS
Testing test/sprintf_smoke.js PASS
Testing test/repl_stub_smoke.js PASS
Testing test/v8_stub_smoke.js PASS
Testing test/babel_logical_assignment_smoke.js PASS

472 passing tests
0 failing tests
=== [emac/g4/0.92] install ===
cp -r test/vendor/elliptic   /opt/ionpower-node-0.92/share/ionpower-node/vendor/
cp README.md LICENSE   /opt/ionpower-node-0.92/share/ionpower-node/ 2>/dev/null || true
cp -r demos /opt/ionpower-node-0.92/share/ionpower-node/demos
mkdir -p /opt/ionpower-node-0.92/share/ionpower-node/test/vendor/nm/node_modules

installed ionpower-node 0.92 to /opt/ionpower-node-0.92
  binary:   /opt/ionpower-node-0.92/bin/node (-> ionpower-node)
  babel:    /opt/ionpower-node-0.92/share/ionpower-node/vendor/babel.js
  demos:    /opt/ionpower-node-0.92/share/ionpower-node/demos/
  mozjs:    expected at /opt/mozjs-45-ionpower-g4/

Run:  /opt/ionpower-node-0.92/bin/node <script.js>
=== [emac/g4/0.92] tarball ===
-rw-r--r--   1 macuser  wheel  7850137 May 11 22:50 /tmp/ionpower-node-0.92-g4-ppc.tar.gz
=== [emac/g4/0.92] DONE ===
