=== [imacg3/g3/0.24] rsync source ===
Transfer starting: 1751 files
deleting test/fib-report.txt
./
Makefile
docs/
README.md
docs/session-2026-04-24-u-summary.md
src/
src/node_compat/
test/
src/node_compat/globals.cpp
src/node_compat/process.cpp
test/webstreams_smoke.js

sent 133187 bytes  received 2806 bytes  388440 bytes/sec
total size is 36632249  speedup is 269.37
=== [imacg3/g3/0.24] scp Makefile + process.cpp + globals.cpp (gremlin workaround) ===
=== [imacg3/g3/0.24] clean + build  (MOZJS=/opt/mozjs-45-ionpower-g3 CPU='-mcpu=750 -mtune=750') ===
rm -f src/main.o src/node_compat/console.o src/node_compat/process.o src/node_compat/fs.o src/node_compat/path.o src/node_compat/buffer.o src/node_compat/require.o src/node_compat/timers.o src/node_compat/crypto.o src/node_compat/http.o src/node_compat/child_process.o src/node_compat/event_loop.o src/node_compat/net.o src/node_compat/zlib.o src/node_compat/globals.o node
ld: warning: mozilla::Vector<JS::Value, 8ul, js::TempAllocPolicy>::growStorageBy(unsigned long) has different visibility (hidden) in /opt/mozjs-45-ionpower-g3/lib/libjs_static.a(Unified_cpp_js_src31.o) and (default) in src/node_compat/timers.o
ld: warning: mozilla::Vector<JS::Value, 8ul, js::TempAllocPolicy>::growStorageBy(unsigned long) has different visibility (hidden) in /opt/mozjs-45-ionpower-g3/lib/libjs_static.a(Unified_cpp_js_src26.o) and (default) in src/node_compat/timers.o
ld: warning: JS::CompileOptions::element() const has different visibility (hidden) in /opt/mozjs-45-ionpower-g3/lib/libjs_static.a(Unified_cpp_js_src1.o) and (default) in src/node_compat/buffer.o
ld: warning: JS::CompileOptions::elementAttributeName() const has different visibility (hidden) in /opt/mozjs-45-ionpower-g3/lib/libjs_static.a(Unified_cpp_js_src1.o) and (default) in src/node_compat/buffer.o
ld: warning: JS::CompileOptions::introductionScript() const has different visibility (hidden) in /opt/mozjs-45-ionpower-g3/lib/libjs_static.a(Unified_cpp_js_src1.o) and (default) in src/node_compat/buffer.o
ld: warning: mozilla::Vector<JS::Value, 8ul, js::TempAllocPolicy>::growStorageBy(unsigned long) has different visibility (hidden) in /opt/mozjs-45-ionpower-g3/lib/libjs_static.a(Unified_cpp_js_src1.o) and (default) in src/node_compat/timers.o
ld: warning: mozilla::Vector<JS::Value, 8ul, js::TempAllocPolicy>::growStorageBy(unsigned long) has different visibility (hidden) in /opt/mozjs-45-ionpower-g3/lib/libjs_static.a(Unified_cpp_js_src24.o) and (default) in src/node_compat/timers.o
ld: warning: JS::CompileOptions::element() const has different visibility (hidden) in /opt/mozjs-45-ionpower-g3/lib/libjs_static.a(Unified_cpp_js_src3.o) and (default) in src/node_compat/buffer.o
ld: warning: JS::CompileOptions::elementAttributeName() const has different visibility (hidden) in /opt/mozjs-45-ionpower-g3/lib/libjs_static.a(Unified_cpp_js_src3.o) and (default) in src/node_compat/buffer.o
ld: warning: JS::CompileOptions::introductionScript() const has different visibility (hidden) in /opt/mozjs-45-ionpower-g3/lib/libjs_static.a(Unified_cpp_js_src3.o) and (default) in src/node_compat/buffer.o
ld: warning: js::TraceableVector<jsid, 0ul, js::TempAllocPolicy, js::DefaultGCPolicy<jsid> >::trace(js::TraceableVector<jsid, 0ul, js::TempAllocPolicy, js::DefaultGCPolicy<jsid> >*, JSTracer*) has different visibility (hidden) in /opt/mozjs-45-ionpower-g3/lib/libjs_static.a(Unified_cpp_js_src3.o) and (default) in src/node_compat/http.o
ld: warning: mozilla::Vector<JS::Value, 8ul, js::TempAllocPolicy>::growStorageBy(unsigned long) has different visibility (hidden) in /opt/mozjs-45-ionpower-g3/lib/libjs_static.a(Unified_cpp_js_src3.o) and (default) in src/node_compat/timers.o
ld: warning: JS::CompileOptions::element() const has different visibility (hidden) in /opt/mozjs-45-ionpower-g3/lib/libjs_static.a(Unified_cpp_js_src4.o) and (default) in src/node_compat/buffer.o
ld: warning: JS::CompileOptions::elementAttributeName() const has different visibility (hidden) in /opt/mozjs-45-ionpower-g3/lib/libjs_static.a(Unified_cpp_js_src4.o) and (default) in src/node_compat/buffer.o
ld: warning: JS::CompileOptions::introductionScript() const has different visibility (hidden) in /opt/mozjs-45-ionpower-g3/lib/libjs_static.a(Unified_cpp_js_src4.o) and (default) in src/node_compat/buffer.o
ld: warning: mozilla::Vector<JS::Value, 8ul, js::TempAllocPolicy>::growStorageBy(unsigned long) has different visibility (hidden) in /opt/mozjs-45-ionpower-g3/lib/libjs_static.a(Unified_cpp_js_src4.o) and (default) in src/node_compat/timers.o
ld: warning: mozilla::Vector<JS::Value, 8ul, js::TempAllocPolicy>::growStorageBy(unsigned long) has different visibility (hidden) in /opt/mozjs-45-ionpower-g3/lib/libjs_static.a(jsarray.o) and (default) in src/node_compat/timers.o
ld: warning: mozilla::Vector<JS::Value, 8ul, js::TempAllocPolicy>::growStorageBy(unsigned long) has different visibility (hidden) in /opt/mozjs-45-ionpower-g3/lib/libjs_static.a(Unified_cpp_js_src12.o) and (default) in src/node_compat/timers.o
ld: warning: mozilla::Vector<JS::Value, 8ul, js::TempAllocPolicy>::growStorageBy(unsigned long) has different visibility (hidden) in /opt/mozjs-45-ionpower-g3/lib/libjs_static.a(Unified_cpp_js_src23.o) and (default) in src/node_compat/timers.o
ld: warning: JS::CompileOptions::element() const has different visibility (hidden) in /opt/mozjs-45-ionpower-g3/lib/libjs_static.a(RegExp.o) and (default) in src/node_compat/buffer.o
ld: warning: JS::CompileOptions::elementAttributeName() const has different visibility (hidden) in /opt/mozjs-45-ionpower-g3/lib/libjs_static.a(RegExp.o) and (default) in src/node_compat/buffer.o
ld: warning: JS::CompileOptions::introductionScript() const has different visibility (hidden) in /opt/mozjs-45-ionpower-g3/lib/libjs_static.a(RegExp.o) and (default) in src/node_compat/buffer.o
ld: warning: JS::CompileOptions::element() const has different visibility (hidden) in /opt/mozjs-45-ionpower-g3/lib/libjs_static.a(Unified_cpp_js_src2.o) and (default) in src/node_compat/buffer.o
ld: warning: JS::CompileOptions::elementAttributeName() const has different visibility (hidden) in /opt/mozjs-45-ionpower-g3/lib/libjs_static.a(Unified_cpp_js_src2.o) and (default) in src/node_compat/buffer.o
ld: warning: JS::CompileOptions::introductionScript() const has different visibility (hidden) in /opt/mozjs-45-ionpower-g3/lib/libjs_static.a(Unified_cpp_js_src2.o) and (default) in src/node_compat/buffer.o
ld: warning: mozilla::Vector<JS::Value, 8ul, js::TempAllocPolicy>::growStorageBy(unsigned long) has different visibility (hidden) in /opt/mozjs-45-ionpower-g3/lib/libjs_static.a(Unified_cpp_js_src2.o) and (default) in src/node_compat/timers.o
ld: warning: mozilla::Vector<JS::Value, 8ul, js::TempAllocPolicy>::growStorageBy(unsigned long) has different visibility (hidden) in /opt/mozjs-45-ionpower-g3/lib/libjs_static.a(Unified_cpp_js_src18.o) and (default) in src/node_compat/timers.o
ld: warning: mozilla::Vector<JS::Value, 8ul, js::TempAllocPolicy>::growStorageBy(unsigned long) has different visibility (hidden) in /opt/mozjs-45-ionpower-g3/lib/libjs_static.a(Unified_cpp_js_src9.o) and (default) in src/node_compat/timers.o
ld: warning: mozilla::Vector<JS::Value, 8ul, js::TempAllocPolicy>::growStorageBy(unsigned long) has different visibility (hidden) in /opt/mozjs-45-ionpower-g3/lib/libjs_static.a(Promise.o) and (default) in src/node_compat/timers.o
  [install_name_tool] @executable_path -> /opt/mozjs-45-ionpower-g3/lib
=== [imacg3/g3/0.24] test-all ===
subtle_jwk_kw smoke: all assertions passed
./node test/batch_wave_v_smoke.js
ok: tweetnacl (surface)
ok: fast-json-stable-stringify
ok: stable-sort
ok: emoji-regex v10

batch_wave_v smoke: done
./node test/webstreams_smoke.js
ok: ReadableStream lock/unlock
ok: ReadableStream error propagation
ok: ReadableStream basic read
ok: TransformStream
ok: tee
ok: WritableStream write + close
ok: ReadableStream pull
ok: pipeTo
ok: pipeThrough

webstreams smoke: done
=== [imacg3/g3/0.24] install ===
mkdir -p /opt/ionpower-node-0.24/bin /opt/ionpower-node-0.24/share/ionpower-node/vendor
cp node /opt/ionpower-node-0.24/bin/ionpower-node
ln -sf ionpower-node /opt/ionpower-node-0.24/bin/node
cp test/vendor/babel.js /opt/ionpower-node-0.24/share/ionpower-node/vendor/
cp README.md LICENSE   /opt/ionpower-node-0.24/share/ionpower-node/ 2>/dev/null || true

installed ionpower-node 0.24 to /opt/ionpower-node-0.24
  binary:   /opt/ionpower-node-0.24/bin/node (-> ionpower-node)
  babel:    /opt/ionpower-node-0.24/share/ionpower-node/vendor/babel.js
  mozjs:    expected at /opt/mozjs-45-ionpower-g3/

Run:  /opt/ionpower-node-0.24/bin/node <script.js>
=== [imacg3/g3/0.24] tarball ===
-rw-r--r--   1 macuser  wheel  4511776 Apr 24 14:01 /tmp/ionpower-node-0.24-g3-ppc.tar.gz
=== [imacg3/g3/0.24] DONE ===
