=== [emac/g4/1.2] check-test-coverage ===
ok: 511 files in test/ accounted for
    529 wired via scripts/test-list-*.txt
    4 in the intentional-skip allowlist
=== [emac/g4/1.2] check-demo-deps ===
ok: 51 test/vendor/ files transitively reached by demos, all in install rule (55 shipped at root)
=== [emac/g4/1.2] rsync source ===
Transfer starting: 6222 files
./
docs/sessions/053-node-10-parity-pass-18/
docs/sessions/053-node-10-parity-pass-18/build-logs/
Makefile
src/
src/node_compat/
docs/sessions/053-node-10-parity-pass-18/build-logs/g3-round1.log
docs/sessions/053-node-10-parity-pass-18/build-logs/g3.log
docs/sessions/053-node-10-parity-pass-18/build-logs/g4-aborted.log
docs/sessions/053-node-10-parity-pass-18/build-logs/g4.log
docs/sessions/053-node-10-parity-pass-18/build-logs/g5-aborted.log
docs/sessions/053-node-10-parity-pass-18/notes.md
src/main.cpp
src/node_compat/buffer.cpp
test/
src/node_compat/globals.cpp
src/node_compat/net.cpp
src/node_compat/process.cpp
src/node_compat/require.cpp
src/node_compat/tls.cpp
test/buffer_write_smoke.js

sent 582083 bytes  received 6484 bytes  2883718 bytes/sec
total size is 107365026  speedup is 182.42
=== [emac/g4/1.2] scp Makefile + process.cpp + globals.cpp + main.cpp + net.cpp + tls.cpp (gremlin workaround) ===
=== [emac/g4/1.2] clean + build  (MOZJS=/opt/mozjs-45-ionpower-g4 CPU='-mcpu=7450 -mtune=7450') ===
rm -f src/main.o src/node_compat/console.o src/node_compat/process.o src/node_compat/fs.o src/node_compat/path.o src/node_compat/buffer.o src/node_compat/require.o src/node_compat/timers.o src/node_compat/crypto.o src/node_compat/http.o src/node_compat/child_process.o src/node_compat/event_loop.o src/node_compat/net.o src/node_compat/tls.o src/node_compat/zlib.o src/node_compat/globals.o node
ld: warning: can't find atom for N_GSYM stabs _ZN9__gnu_cxx24__numeric_traits_integerIiE5__maxE:G(0,972) in src/node_compat/child_process.o
ld: warning: can't find atom for N_GSYM stabs _ZN9__gnu_cxx25__numeric_traits_floatingIfE16__max_exponent10E:G(0,972) in src/node_compat/child_process.o
ld: warning: can't find atom for N_GSYM stabs _ZN9__gnu_cxx25__numeric_traits_floatingIdE16__max_exponent10E:G(0,972) in src/node_compat/child_process.o
ld: warning: can't find atom for N_GSYM stabs _ZN9__gnu_cxx25__numeric_traits_floatingIeE16__max_exponent10E:G(0,972) in src/node_compat/child_process.o
ld: warning: can't find atom for N_GSYM stabs _ZNSt17integral_constantIbLb0EE5valueE:G(0,417) in src/node_compat/event_loop.o
ld: warning: can't find atom for N_GSYM stabs _ZNSt17integral_constantIbLb1EE5valueE:G(0,417) in src/node_compat/event_loop.o
ld: warning: can't find atom for N_GSYM stabs _ZN9__gnu_cxx24__numeric_traits_integerIiE5__minE:G(0,190) in src/node_compat/event_loop.o
ld: warning: can't find atom for N_GSYM stabs _ZN9__gnu_cxx24__numeric_traits_integerIiE5__maxE:G(0,190) in src/node_compat/event_loop.o
ld: warning: can't find atom for N_GSYM stabs _ZN9__gnu_cxx25__numeric_traits_floatingIfE16__max_exponent10E:G(0,190) in src/node_compat/event_loop.o
ld: warning: can't find atom for N_GSYM stabs _ZN9__gnu_cxx25__numeric_traits_floatingIdE16__max_exponent10E:G(0,190) in src/node_compat/event_loop.o
ld: warning: can't find atom for N_GSYM stabs _ZN9__gnu_cxx25__numeric_traits_floatingIeE16__max_exponent10E:G(0,190) in src/node_compat/event_loop.o
ld: warning: can't find atom for N_GSYM stabs _ZN9__gnu_cxx24__numeric_traits_integerIiE5__minE:G(0,1206)=k(0,46) in src/node_compat/net.o
ld: warning: can't find atom for N_GSYM stabs _ZN9__gnu_cxx24__numeric_traits_integerIiE5__maxE:G(0,1206) in src/node_compat/net.o
ld: warning: can't find atom for N_GSYM stabs _ZN9__gnu_cxx25__numeric_traits_floatingIfE16__max_exponent10E:G(0,1206) in src/node_compat/net.o
ld: warning: can't find atom for N_GSYM stabs _ZN9__gnu_cxx25__numeric_traits_floatingIdE16__max_exponent10E:G(0,1206) in src/node_compat/net.o
ld: warning: can't find atom for N_GSYM stabs _ZN9__gnu_cxx25__numeric_traits_floatingIeE16__max_exponent10E:G(0,1206) in src/node_compat/net.o
ld: warning: can't find atom for N_GSYM stabs _ZNSt17integral_constantIbLb0EE5valueE:G(0,814) in src/node_compat/tls.o
ld: warning: can't find atom for N_GSYM stabs _ZNSt17integral_constantIbLb1EE5valueE:G(0,814) in src/node_compat/tls.o
ld: warning: can't find atom for N_GSYM stabs _ZN9__gnu_cxx24__numeric_traits_integerIiE5__minE:G(0,1144) in src/node_compat/tls.o
ld: warning: can't find atom for N_GSYM stabs _ZN9__gnu_cxx24__numeric_traits_integerIiE5__maxE:G(0,1144) in src/node_compat/tls.o
ld: warning: can't find atom for N_GSYM stabs _ZN9__gnu_cxx25__numeric_traits_floatingIfE16__max_exponent10E:G(0,1144) in src/node_compat/tls.o
ld: warning: can't find atom for N_GSYM stabs _ZN9__gnu_cxx25__numeric_traits_floatingIdE16__max_exponent10E:G(0,1144) in src/node_compat/tls.o
ld: warning: can't find atom for N_GSYM stabs _ZN9__gnu_cxx25__numeric_traits_floatingIeE16__max_exponent10E:G(0,1144) in src/node_compat/tls.o
ld: warning: can't find atom for N_GSYM stabs _ZNSt17integral_constantImLm4EE5valueE:G(0,2064)=k(0,82) in src/node_compat/tls.o
ld: warning: JS::CompileOptions::element() const has different visibility (hidden) in /opt/mozjs-45-ionpower-g4/lib/libjs_static.a(Unified_cpp_js_src19.o) and (default) in src/node_compat/process.o
ld: warning: JS::CompileOptions::elementAttributeName() const has different visibility (hidden) in /opt/mozjs-45-ionpower-g4/lib/libjs_static.a(Unified_cpp_js_src19.o) and (default) in src/node_compat/process.o
ld: warning: JS::CompileOptions::introductionScript() const has different visibility (hidden) in /opt/mozjs-45-ionpower-g4/lib/libjs_static.a(Unified_cpp_js_src19.o) and (default) in src/node_compat/process.o
ld: warning: mozilla::Vector<JS::Value, 8ul, js::TempAllocPolicy>::growStorageBy(unsigned long) has different visibility (hidden) in /opt/mozjs-45-ionpower-g4/lib/libjs_static.a(Unified_cpp_js_src19.o) and (default) in src/node_compat/timers.o
ld: warning: js::TraceableVector<jsid, 0ul, js::TempAllocPolicy, js::DefaultGCPolicy<jsid> >::trace(js::TraceableVector<jsid, 0ul, js::TempAllocPolicy, js::DefaultGCPolicy<jsid> >*, JSTracer*) has different visibility (hidden) in /opt/mozjs-45-ionpower-g4/lib/libjs_static.a(Unified_cpp_js_src3.o) and (default) in src/node_compat/http.o
  [install_name_tool] @executable_path -> /opt/mozjs-45-ionpower-g4/lib
=== [emac/g4/1.2] test-all ===
Testing test/node10-streams/test-stream-events-prepend.js PASS
Testing test/node10-streams/test-stream-readable-event.js PASS
Testing test/node10-streams/test-stream-pipe-flow.js PASS
Testing test/node10-streams/test-stream-pipe-manual-resume.js PASS
Testing test/node10-streams/test-stream-pipe-without-listenerCount.js PASS
Testing test/node10-streams/test-stream-objectmode-undefined.js PASS
Testing test/node10-streams/test-stream-transform-flush-data.js PASS
Testing test/node10-streams/test-stream-pipe-same-destination-twice.js PASS
Testing test/node10-streams/test-stream-unpipe-event.js PASS
Testing test/node10-streams/test-stream-readable-emittedReadable.js PASS
Testing test/node10-streams/test-stream-decoder-objectmode.js PASS
Testing test/node10-streams/test-stream-push-order.js PASS
Testing test/node10-streams/test-stream-readable-resumeScheduled.js PASS
Testing test/node10-streams/test-stream-pipe-cleanup.js PASS

494 passing tests
1 failing tests
Failures may be investigated in /tmp/nodesmoke-1778951961
Hint: cd /tmp/nodesmoke-1778951961 ; find . | grep '/FAIL$'
make: *** [test-libs] Error 1
=== [emac/g4/1.2] TEST-ALL FAILED, attempting one retry (flake?) ===
Testing test/node10-streams/test-stream-pipe-cleanup-pause.js PASS
Testing test/node10-streams/test-stream-pipe-multiple-pipes.js PASS
Testing test/node10-streams/test-stream-end-paused.js PASS
Testing test/node10-streams/test-stream-events-prepend.js PASS
Testing test/node10-streams/test-stream-readable-event.js PASS
Testing test/node10-streams/test-stream-pipe-flow.js PASS
Testing test/node10-streams/test-stream-pipe-manual-resume.js PASS
Testing test/node10-streams/test-stream-pipe-without-listenerCount.js PASS
Testing test/node10-streams/test-stream-objectmode-undefined.js PASS
Testing test/node10-streams/test-stream-transform-flush-data.js PASS
Testing test/node10-streams/test-stream-pipe-same-destination-twice.js PASS
Testing test/node10-streams/test-stream-unpipe-event.js PASS
Testing test/node10-streams/test-stream-readable-emittedReadable.js PASS
Testing test/node10-streams/test-stream-decoder-objectmode.js PASS
Testing test/node10-streams/test-stream-push-order.js PASS
Testing test/node10-streams/test-stream-readable-resumeScheduled.js PASS
Testing test/node10-streams/test-stream-pipe-cleanup.js PASS

495 passing tests
0 failing tests
=== [emac/g4/1.2] install ===
cp -r test/vendor/elliptic   /opt/ionpower-node-1.2/share/ionpower-node/vendor/
cp README.md LICENSE   /opt/ionpower-node-1.2/share/ionpower-node/ 2>/dev/null || true
cp -r demos /opt/ionpower-node-1.2/share/ionpower-node/demos
mkdir -p /opt/ionpower-node-1.2/share/ionpower-node/test/vendor/nm/node_modules

installed ionpower-node 1.2 to /opt/ionpower-node-1.2
  binary:   /opt/ionpower-node-1.2/bin/node (-> ionpower-node)
  babel:    /opt/ionpower-node-1.2/share/ionpower-node/vendor/babel.js
  demos:    /opt/ionpower-node-1.2/share/ionpower-node/demos/
  mozjs:    expected at /opt/mozjs-45-ionpower-g4/

Run:  /opt/ionpower-node-1.2/bin/node <script.js>
=== [emac/g4/1.2] tarball ===
-rw-r--r--   1 macuser  wheel  7869365 May 16 12:44 /tmp/ionpower-node-1.2-g4-ppc.tar.gz
=== [emac/g4/1.2] DONE ===
