=== [pmacg5/g5/0.73] rsync source ===
Transfer starting: 2293 files
deleting test/fib-report.txt
./
docs/sessions/2026-04-25-session-1-v0.66-thru-v0.71-rsa-x509-zlib-jwt-mocks-ibookg37/build-logs/
Makefile
README.md
examples/
docs/sessions/2026-04-25-session-1-v0.66-thru-v0.71-rsa-x509-zlib-jwt-mocks-ibookg37/build-logs/v0.72-g3.log
examples/npm-fetch/
src/
docs/sessions/2026-04-25-session-1-v0.66-thru-v0.71-rsa-x509-zlib-jwt-mocks-ibookg37/build-logs/v0.72-g4.log
docs/sessions/2026-04-25-session-1-v0.66-thru-v0.71-rsa-x509-zlib-jwt-mocks-ibookg37/build-logs/v0.72-g5.log
docs/sessions/2026-04-25-session-1-v0.66-thru-v0.71-rsa-x509-zlib-jwt-mocks-ibookg37/build-logs/v0.73-g3.log
docs/sessions/2026-04-25-session-1-v0.66-thru-v0.71-rsa-x509-zlib-jwt-mocks-ibookg37/build-logs/v0.73-g4.log
docs/sessions/2026-04-25-session-1-v0.66-thru-v0.71-rsa-x509-zlib-jwt-mocks-ibookg37/build-logs/v0.73-g5.log
examples/npm-fetch/README.md
examples/npm-fetch/install.js
src/node_compat/
src/main.cpp
test/
src/node_compat/buffer.cpp
src/node_compat/globals.cpp
src/node_compat/http.cpp
src/node_compat/net.cpp
src/node_compat/process.cpp
test/fetch_binary_smoke.js

sent 205901 bytes  received 5876 bytes  767030 bytes/sec
total size is 39493264  speedup is 186.49
=== [pmacg5/g5/0.73] scp Makefile + process.cpp + globals.cpp + main.cpp + net.cpp (gremlin workaround) ===
=== [pmacg5/g5/0.73] clean + build  (MOZJS=/opt/mozjs-45-ionpower-g5 CPU='-mcpu=G5 -D_PPC970_') ===
rm -f src/main.o src/node_compat/console.o src/node_compat/process.o src/node_compat/fs.o src/node_compat/path.o src/node_compat/buffer.o src/node_compat/require.o src/node_compat/timers.o src/node_compat/crypto.o src/node_compat/http.o src/node_compat/child_process.o src/node_compat/event_loop.o src/node_compat/net.o src/node_compat/zlib.o src/node_compat/globals.o node
ld: warning: can't find atom for N_GSYM stabs _ZNSt17integral_constantIbLb0EE5valueE:G(0,575) in src/node_compat/child_process.o
ld: warning: can't find atom for N_GSYM stabs _ZNSt17integral_constantIbLb1EE5valueE:G(0,575) in src/node_compat/child_process.o
ld: warning: can't find atom for N_GSYM stabs _ZN9__gnu_cxx24__numeric_traits_integerIiE5__minE:G(0,972) in src/node_compat/child_process.o
ld: warning: can't find atom for N_GSYM stabs _ZN9__gnu_cxx24__numeric_traits_integerIiE5__maxE:G(0,972) in src/node_compat/child_process.o
ld: warning: can't find atom for N_GSYM stabs _ZN9__gnu_cxx25__numeric_traits_floatingIfE16__max_exponent10E:G(0,972) in src/node_compat/child_process.o
ld: warning: can't find atom for N_GSYM stabs _ZN9__gnu_cxx25__numeric_traits_floatingIdE16__max_exponent10E:G(0,972) in src/node_compat/child_process.o
ld: warning: can't find atom for N_GSYM stabs _ZN9__gnu_cxx25__numeric_traits_floatingIeE16__max_exponent10E:G(0,972) in src/node_compat/child_process.o
ld: warning: can't find atom for N_GSYM stabs _ZNSt17integral_constantIbLb0EE5valueE:G(0,417) in src/node_compat/event_loop.o
ld: warning: can't find atom for N_GSYM stabs _ZNSt17integral_constantIbLb1EE5valueE:G(0,417) in src/node_compat/event_loop.o
ld: warning: can't find atom for N_GSYM stabs _ZN9__gnu_cxx24__numeric_traits_integerIiE5__minE:G(0,190) in src/node_compat/event_loop.o
ld: warning: can't find atom for N_GSYM stabs _ZN9__gnu_cxx24__numeric_traits_integerIiE5__maxE:G(0,190) in src/node_compat/event_loop.o
ld: warning: can't find atom for N_GSYM stabs _ZN9__gnu_cxx25__numeric_traits_floatingIfE16__max_exponent10E:G(0,190) in src/node_compat/event_loop.o
ld: warning: can't find atom for N_GSYM stabs _ZN9__gnu_cxx25__numeric_traits_floatingIdE16__max_exponent10E:G(0,190) in src/node_compat/event_loop.o
ld: warning: can't find atom for N_GSYM stabs _ZN9__gnu_cxx25__numeric_traits_floatingIeE16__max_exponent10E:G(0,190) in src/node_compat/event_loop.o
ld: warning: can't find atom for N_GSYM stabs _ZN9__gnu_cxx24__numeric_traits_integerIiE5__minE:G(0,1206)=k(0,46) in src/node_compat/net.o
ld: warning: can't find atom for N_GSYM stabs _ZN9__gnu_cxx24__numeric_traits_integerIiE5__maxE:G(0,1206) in src/node_compat/net.o
ld: warning: can't find atom for N_GSYM stabs _ZN9__gnu_cxx25__numeric_traits_floatingIfE16__max_exponent10E:G(0,1206) in src/node_compat/net.o
ld: warning: can't find atom for N_GSYM stabs _ZN9__gnu_cxx25__numeric_traits_floatingIdE16__max_exponent10E:G(0,1206) in src/node_compat/net.o
ld: warning: can't find atom for N_GSYM stabs _ZN9__gnu_cxx25__numeric_traits_floatingIeE16__max_exponent10E:G(0,1206) in src/node_compat/net.o
ld: warning: duplicate dylib /opt/gcc-4.9.4/lib/libstdc++.6.dylib
ld: warning: JS::CompileOptions::element() const has different visibility (hidden) in /opt/mozjs-45-ionpower-g5/lib/libjs_static.a(Unified_cpp_js_src19.o) and (default) in src/node_compat/buffer.o
ld: warning: JS::CompileOptions::elementAttributeName() const has different visibility (hidden) in /opt/mozjs-45-ionpower-g5/lib/libjs_static.a(Unified_cpp_js_src19.o) and (default) in src/node_compat/buffer.o
ld: warning: JS::CompileOptions::introductionScript() const has different visibility (hidden) in /opt/mozjs-45-ionpower-g5/lib/libjs_static.a(Unified_cpp_js_src19.o) and (default) in src/node_compat/buffer.o
ld: warning: mozilla::Vector<JS::Value, 8ul, js::TempAllocPolicy>::growStorageBy(unsigned long) has different visibility (hidden) in /opt/mozjs-45-ionpower-g5/lib/libjs_static.a(Unified_cpp_js_src19.o) and (default) in src/node_compat/timers.o
ld: warning: mozilla::Vector<JS::Value, 8ul, js::TempAllocPolicy>::growStorageBy(unsigned long) has different visibility (hidden) in /opt/mozjs-45-ionpower-g5/lib/libjs_static.a(Unified_cpp_js_src32.o) and (default) in src/node_compat/timers.o
ld: warning: mozilla::Vector<JS::Value, 8ul, js::TempAllocPolicy>::growStorageBy(unsigned long) has different visibility (hidden) in /opt/mozjs-45-ionpower-g5/lib/libjs_static.a(Unified_cpp_js_src21.o) and (default) in src/node_compat/timers.o
ld: warning: JS::CompileOptions::element() const has different visibility (hidden) in /opt/mozjs-45-ionpower-g5/lib/libjs_static.a(Unified_cpp_js_src25.o) and (default) in src/node_compat/buffer.o
ld: warning: JS::CompileOptions::introductionScript() const has different visibility (hidden) in /opt/mozjs-45-ionpower-g5/lib/libjs_static.a(Unified_cpp_js_src25.o) and (default) in src/node_compat/buffer.o
ld: warning: js::TraceableVector<jsid, 0ul, js::TempAllocPolicy, js::DefaultGCPolicy<jsid> >::trace(js::TraceableVector<jsid, 0ul, js::TempAllocPolicy, js::DefaultGCPolicy<jsid> >*, JSTracer*) has different visibility (hidden) in /opt/mozjs-45-ionpower-g5/lib/libjs_static.a(Unified_cpp_js_src3.o) and (default) in src/node_compat/http.o
  [install_name_tool] @executable_path -> /opt/mozjs-45-ionpower-g5/lib
=== [pmacg5/g5/0.73] test-all ===
ok: cluster is EventEmitter
ok: setupMaster / setupPrimary
ok: cluster.disconnect (single-process)

cluster stub smoke: all assertions passed
./node test/os_real_smoke.js
ok: os.cpus() = [{"model":"PowerPC G5 (970)","speed":2300,"times":{"user":0,"nice":0,"sys":0,"idle":0,"irq":0}},{"model":"PowerPC G5 (970)","speed":2300,"times":{"user":0,"nice":0,"sys":0,"idle":0,"irq":0}}]
ok: os.hostname() = pmacg5.home
ok: os.loadavg() = [6.73, 5.79, 5.27]
ok: os.totalmem() = 2147483648 bytes (2048 MB)
ok: os.freemem() = 808685568 bytes (771 MB)
ok: caching of expensive probes

os_real smoke: all assertions passed
./node test/fetch_binary_smoke.js
fetching https://registry.npmjs.org/mri/-/mri-1.2.0.tgz
ok: fetched 4448 bytes; gzip header intact
ok: gunzipped 18432 bytes, first entry: package/package.json

fetch_binary smoke: all assertions passed
=== [pmacg5/g5/0.73] install ===
ln -sf ionpower-node /opt/ionpower-node-0.73/bin/node
cp test/vendor/babel.js      /opt/ionpower-node-0.73/share/ionpower-node/vendor/
cp test/vendor/tweetnacl.js  /opt/ionpower-node-0.73/share/ionpower-node/vendor/
cp -r test/vendor/node-forge /opt/ionpower-node-0.73/share/ionpower-node/vendor/
cp README.md LICENSE   /opt/ionpower-node-0.73/share/ionpower-node/ 2>/dev/null || true

installed ionpower-node 0.73 to /opt/ionpower-node-0.73
  binary:   /opt/ionpower-node-0.73/bin/node (-> ionpower-node)
  babel:    /opt/ionpower-node-0.73/share/ionpower-node/vendor/babel.js
  mozjs:    expected at /opt/mozjs-45-ionpower-g5/

Run:  /opt/ionpower-node-0.73/bin/node <script.js>
=== [pmacg5/g5/0.73] tarball ===
-rw-r--r--   1 macuser  wheel  4940070 Apr 25 05:31 /tmp/ionpower-node-0.73-g5-ppc.tar.gz
=== [pmacg5/g5/0.73] DONE ===
