=== [pmacg5/g5/0.81] rsync source ===
Transfer starting: 2411 files
deleting test/fib-report.txt
./
docs/sessions/2026-04-25-session-1-v0.66-thru-v0.71-rsa-x509-zlib-jwt-mocks-ibookg37/build-logs/
Makefile
README.md
src/
docs/sessions/2026-04-25-session-1-v0.66-thru-v0.71-rsa-x509-zlib-jwt-mocks-ibookg37/build-logs/v0.80-g3.log
docs/sessions/2026-04-25-session-1-v0.66-thru-v0.71-rsa-x509-zlib-jwt-mocks-ibookg37/build-logs/v0.80-g4.log
src/node_compat/
docs/sessions/2026-04-25-session-1-v0.66-thru-v0.71-rsa-x509-zlib-jwt-mocks-ibookg37/build-logs/v0.80-g5.log
docs/sessions/2026-04-25-session-1-v0.66-thru-v0.71-rsa-x509-zlib-jwt-mocks-ibookg37/build-logs/v0.81-g3.log
docs/sessions/2026-04-25-session-1-v0.66-thru-v0.71-rsa-x509-zlib-jwt-mocks-ibookg37/build-logs/v0.81-g4.log
docs/sessions/2026-04-25-session-1-v0.66-thru-v0.71-rsa-x509-zlib-jwt-mocks-ibookg37/build-logs/v0.81-g5.log
src/main.cpp
src/node_compat/buffer.cpp
test/
src/node_compat/globals.cpp
src/node_compat/net.cpp
src/node_compat/process.cpp
test/subtle_ec_jwk_smoke.js

sent 201660 bytes  received 5372 bytes  277858 bytes/sec
total size is 40068323  speedup is 193.54
=== [pmacg5/g5/0.81] scp Makefile + process.cpp + globals.cpp + main.cpp + net.cpp (gremlin workaround) ===
=== [pmacg5/g5/0.81] clean + build  (MOZJS=/opt/mozjs-45-ionpower-g5 CPU='-mcpu=G5 -D_PPC970_') ===
rm -f src/main.o src/node_compat/console.o src/node_compat/process.o src/node_compat/fs.o src/node_compat/path.o src/node_compat/buffer.o src/node_compat/require.o src/node_compat/timers.o src/node_compat/crypto.o src/node_compat/http.o src/node_compat/child_process.o src/node_compat/event_loop.o src/node_compat/net.o src/node_compat/zlib.o src/node_compat/globals.o node
ld: warning: can't find atom for N_GSYM stabs _ZNSt17integral_constantIbLb0EE5valueE:G(0,575) in src/node_compat/child_process.o
ld: warning: can't find atom for N_GSYM stabs _ZNSt17integral_constantIbLb1EE5valueE:G(0,575) in src/node_compat/child_process.o
ld: warning: can't find atom for N_GSYM stabs _ZN9__gnu_cxx24__numeric_traits_integerIiE5__minE:G(0,972) in src/node_compat/child_process.o
ld: warning: can't find atom for N_GSYM stabs _ZN9__gnu_cxx24__numeric_traits_integerIiE5__maxE:G(0,972) in src/node_compat/child_process.o
ld: warning: can't find atom for N_GSYM stabs _ZN9__gnu_cxx25__numeric_traits_floatingIfE16__max_exponent10E:G(0,972) in src/node_compat/child_process.o
ld: warning: can't find atom for N_GSYM stabs _ZN9__gnu_cxx25__numeric_traits_floatingIdE16__max_exponent10E:G(0,972) in src/node_compat/child_process.o
ld: warning: can't find atom for N_GSYM stabs _ZN9__gnu_cxx25__numeric_traits_floatingIeE16__max_exponent10E:G(0,972) in src/node_compat/child_process.o
ld: warning: can't find atom for N_GSYM stabs _ZNSt17integral_constantIbLb0EE5valueE:G(0,417) in src/node_compat/event_loop.o
ld: warning: can't find atom for N_GSYM stabs _ZNSt17integral_constantIbLb1EE5valueE:G(0,417) in src/node_compat/event_loop.o
ld: warning: can't find atom for N_GSYM stabs _ZN9__gnu_cxx24__numeric_traits_integerIiE5__minE:G(0,190) in src/node_compat/event_loop.o
ld: warning: can't find atom for N_GSYM stabs _ZN9__gnu_cxx24__numeric_traits_integerIiE5__maxE:G(0,190) in src/node_compat/event_loop.o
ld: warning: can't find atom for N_GSYM stabs _ZN9__gnu_cxx25__numeric_traits_floatingIfE16__max_exponent10E:G(0,190) in src/node_compat/event_loop.o
ld: warning: can't find atom for N_GSYM stabs _ZN9__gnu_cxx25__numeric_traits_floatingIdE16__max_exponent10E:G(0,190) in src/node_compat/event_loop.o
ld: warning: can't find atom for N_GSYM stabs _ZN9__gnu_cxx25__numeric_traits_floatingIeE16__max_exponent10E:G(0,190) in src/node_compat/event_loop.o
ld: warning: can't find atom for N_GSYM stabs _ZN9__gnu_cxx24__numeric_traits_integerIiE5__minE:G(0,1206)=k(0,46) in src/node_compat/net.o
ld: warning: can't find atom for N_GSYM stabs _ZN9__gnu_cxx24__numeric_traits_integerIiE5__maxE:G(0,1206) in src/node_compat/net.o
ld: warning: can't find atom for N_GSYM stabs _ZN9__gnu_cxx25__numeric_traits_floatingIfE16__max_exponent10E:G(0,1206) in src/node_compat/net.o
ld: warning: can't find atom for N_GSYM stabs _ZN9__gnu_cxx25__numeric_traits_floatingIdE16__max_exponent10E:G(0,1206) in src/node_compat/net.o
ld: warning: can't find atom for N_GSYM stabs _ZN9__gnu_cxx25__numeric_traits_floatingIeE16__max_exponent10E:G(0,1206) in src/node_compat/net.o
ld: warning: duplicate dylib /opt/gcc-4.9.4/lib/libstdc++.6.dylib
ld: warning: JS::CompileOptions::element() const has different visibility (hidden) in /opt/mozjs-45-ionpower-g5/lib/libjs_static.a(Unified_cpp_js_src19.o) and (default) in src/node_compat/buffer.o
ld: warning: JS::CompileOptions::elementAttributeName() const has different visibility (hidden) in /opt/mozjs-45-ionpower-g5/lib/libjs_static.a(Unified_cpp_js_src19.o) and (default) in src/node_compat/buffer.o
ld: warning: JS::CompileOptions::introductionScript() const has different visibility (hidden) in /opt/mozjs-45-ionpower-g5/lib/libjs_static.a(Unified_cpp_js_src19.o) and (default) in src/node_compat/buffer.o
ld: warning: mozilla::Vector<JS::Value, 8ul, js::TempAllocPolicy>::growStorageBy(unsigned long) has different visibility (hidden) in /opt/mozjs-45-ionpower-g5/lib/libjs_static.a(Unified_cpp_js_src19.o) and (default) in src/node_compat/timers.o
ld: warning: mozilla::Vector<JS::Value, 8ul, js::TempAllocPolicy>::growStorageBy(unsigned long) has different visibility (hidden) in /opt/mozjs-45-ionpower-g5/lib/libjs_static.a(Unified_cpp_js_src32.o) and (default) in src/node_compat/timers.o
ld: warning: mozilla::Vector<JS::Value, 8ul, js::TempAllocPolicy>::growStorageBy(unsigned long) has different visibility (hidden) in /opt/mozjs-45-ionpower-g5/lib/libjs_static.a(Unified_cpp_js_src21.o) and (default) in src/node_compat/timers.o
ld: warning: JS::CompileOptions::element() const has different visibility (hidden) in /opt/mozjs-45-ionpower-g5/lib/libjs_static.a(Unified_cpp_js_src25.o) and (default) in src/node_compat/buffer.o
ld: warning: JS::CompileOptions::introductionScript() const has different visibility (hidden) in /opt/mozjs-45-ionpower-g5/lib/libjs_static.a(Unified_cpp_js_src25.o) and (default) in src/node_compat/buffer.o
ld: warning: js::TraceableVector<jsid, 0ul, js::TempAllocPolicy, js::DefaultGCPolicy<jsid> >::trace(js::TraceableVector<jsid, 0ul, js::TempAllocPolicy, js::DefaultGCPolicy<jsid> >*, JSTracer*) has different visibility (hidden) in /opt/mozjs-45-ionpower-g5/lib/libjs_static.a(Unified_cpp_js_src3.o) and (default) in src/node_compat/http.o
  [install_name_tool] @executable_path -> /opt/mozjs-45-ionpower-g5/lib
=== [pmacg5/g5/0.81] test-all ===

subtle_ecdsa smoke: all assertions passed
./node test/raw_mode_smoke.js
ok: process._setRawMode + _tty_size native bindings exposed
ok: setRawMode no-ops on non-TTY stdin
ok: tty_size returns null for non-TTY
ok: process.stdin.setRawMode flag toggling
ok: _setRawMode(0, false) doesn't throw
skip: stdout not a TTY (running under make/pipe)

raw_mode smoke: all assertions passed
./node test/subtle_ec_jwk_smoke.js
Generating P-256 keypair via subtle.generateKey...
ok: exportKey('jwk', publicKey) -> { kty: 'EC', crv: 'P-256', x, y }
ok: exportKey('jwk', privateKey) -> { kty, crv, x, y, d }
ok: importKey('jwk', ...) reproduces both halves
ok: round-trip JWK -> sign -> original pub verify
ok: exportKey('raw', publicKey) -> 65-byte uncompressed point

subtle_ec_jwk smoke: all assertions passed
=== [pmacg5/g5/0.81] install ===
cp test/vendor/babel.js      /opt/ionpower-node-0.81/share/ionpower-node/vendor/
cp test/vendor/tweetnacl.js  /opt/ionpower-node-0.81/share/ionpower-node/vendor/
cp -r test/vendor/node-forge /opt/ionpower-node-0.81/share/ionpower-node/vendor/
cp -r test/vendor/elliptic   /opt/ionpower-node-0.81/share/ionpower-node/vendor/
cp README.md LICENSE   /opt/ionpower-node-0.81/share/ionpower-node/ 2>/dev/null || true

installed ionpower-node 0.81 to /opt/ionpower-node-0.81
  binary:   /opt/ionpower-node-0.81/bin/node (-> ionpower-node)
  babel:    /opt/ionpower-node-0.81/share/ionpower-node/vendor/babel.js
  mozjs:    expected at /opt/mozjs-45-ionpower-g5/

Run:  /opt/ionpower-node-0.81/bin/node <script.js>
=== [pmacg5/g5/0.81] tarball ===
-rw-r--r--   1 macuser  wheel  5040463 Apr 25 08:02 /tmp/ionpower-node-0.81-g5-ppc.tar.gz
=== [pmacg5/g5/0.81] DONE ===
