Testing test/node10-streams/test-stream-pipe-manual-resume.js PASS
Testing test/node10-streams/test-stream-pipe-without-listenerCount.js PASS
Testing test/node10-streams/test-stream-objectmode-undefined.js PASS
Testing test/node10-streams/test-stream-transform-flush-data.js PASS
Testing test/node10-streams/test-stream-pipe-same-destination-twice.js PASS
Testing test/node10-streams/test-stream-unpipe-event.js PASS
Testing test/node10-streams/test-stream-readable-emittedReadable.js PASS
Testing test/node10-streams/test-stream-decoder-objectmode.js PASS
Testing test/node10-streams/test-stream-push-order.js PASS
Testing test/node10-streams/test-stream-readable-resumeScheduled.js PASS
Testing test/node10-streams/test-stream-pipe-cleanup.js PASS

495 passing tests
0 failing tests
=== [ibookg37/g3/0.96] install ===
cp -r test/vendor/elliptic   /opt/ionpower-node-0.96/share/ionpower-node/vendor/
cp README.md LICENSE   /opt/ionpower-node-0.96/share/ionpower-node/ 2>/dev/null || true
cp -r demos /opt/ionpower-node-0.96/share/ionpower-node/demos
mkdir -p /opt/ionpower-node-0.96/share/ionpower-node/test/vendor/nm/node_modules

installed ionpower-node 0.96 to /opt/ionpower-node-0.96
  binary:   /opt/ionpower-node-0.96/bin/node (-> ionpower-node)
  babel:    /opt/ionpower-node-0.96/share/ionpower-node/vendor/babel.js
  demos:    /opt/ionpower-node-0.96/share/ionpower-node/demos/
  mozjs:    expected at /opt/mozjs-45-ionpower-g3/

Run:  /opt/ionpower-node-0.96/bin/node <script.js>
=== [ibookg37/g3/0.96] tarball ===
-rw-r--r--   1 macuser  wheel  7602638 May 14 21:33 /tmp/ionpower-node-0.96-g3-ppc.tar.gz
=== [ibookg37/g3/0.96] DONE ===

real	14m28.950s
user	0m0.833s
sys	0m0.656s
