=== [imacg3/g3/0.26] rsync source ===
Transfer starting: 1753 files
deleting test/fib-report.txt
./
Makefile
README.md
src/
src/node_compat/
test/
src/node_compat/globals.cpp
src/node_compat/process.cpp
test/perf_hooks_smoke.js

sent 115619 bytes  received 2906 bytes  207902 bytes/sec
total size is 36641088  speedup is 309.14
=== [imacg3/g3/0.26] scp Makefile + process.cpp + globals.cpp (gremlin workaround) ===
=== [imacg3/g3/0.26] clean + build  (MOZJS=/opt/mozjs-45-ionpower-g3 CPU='-mcpu=750 -mtune=750') ===
rm -f src/main.o src/node_compat/console.o src/node_compat/process.o src/node_compat/fs.o src/node_compat/path.o src/node_compat/buffer.o src/node_compat/require.o src/node_compat/timers.o src/node_compat/crypto.o src/node_compat/http.o src/node_compat/child_process.o src/node_compat/event_loop.o src/node_compat/net.o src/node_compat/zlib.o src/node_compat/globals.o node
ld: warning: mozilla::Vector<JS::Value, 8ul, js::TempAllocPolicy>::growStorageBy(unsigned long) has different visibility (hidden) in /opt/mozjs-45-ionpower-g3/lib/libjs_static.a(Unified_cpp_js_src31.o) and (default) in src/node_compat/timers.o
ld: warning: mozilla::Vector<JS::Value, 8ul, js::TempAllocPolicy>::growStorageBy(unsigned long) has different visibility (hidden) in /opt/mozjs-45-ionpower-g3/lib/libjs_static.a(Unified_cpp_js_src26.o) and (default) in src/node_compat/timers.o
ld: warning: JS::CompileOptions::element() const has different visibility (hidden) in /opt/mozjs-45-ionpower-g3/lib/libjs_static.a(Unified_cpp_js_src1.o) and (default) in src/node_compat/buffer.o
ld: warning: JS::CompileOptions::elementAttributeName() const has different visibility (hidden) in /opt/mozjs-45-ionpower-g3/lib/libjs_static.a(Unified_cpp_js_src1.o) and (default) in src/node_compat/buffer.o
ld: warning: JS::CompileOptions::introductionScript() const has different visibility (hidden) in /opt/mozjs-45-ionpower-g3/lib/libjs_static.a(Unified_cpp_js_src1.o) and (default) in src/node_compat/buffer.o
ld: warning: mozilla::Vector<JS::Value, 8ul, js::TempAllocPolicy>::growStorageBy(unsigned long) has different visibility (hidden) in /opt/mozjs-45-ionpower-g3/lib/libjs_static.a(Unified_cpp_js_src1.o) and (default) in src/node_compat/timers.o
ld: warning: mozilla::Vector<JS::Value, 8ul, js::TempAllocPolicy>::growStorageBy(unsigned long) has different visibility (hidden) in /opt/mozjs-45-ionpower-g3/lib/libjs_static.a(Unified_cpp_js_src24.o) and (default) in src/node_compat/timers.o
ld: warning: JS::CompileOptions::element() const has different visibility (hidden) in /opt/mozjs-45-ionpower-g3/lib/libjs_static.a(Unified_cpp_js_src3.o) and (default) in src/node_compat/buffer.o
ld: warning: JS::CompileOptions::elementAttributeName() const has different visibility (hidden) in /opt/mozjs-45-ionpower-g3/lib/libjs_static.a(Unified_cpp_js_src3.o) and (default) in src/node_compat/buffer.o
ld: warning: JS::CompileOptions::introductionScript() const has different visibility (hidden) in /opt/mozjs-45-ionpower-g3/lib/libjs_static.a(Unified_cpp_js_src3.o) and (default) in src/node_compat/buffer.o
ld: warning: js::TraceableVector<jsid, 0ul, js::TempAllocPolicy, js::DefaultGCPolicy<jsid> >::trace(js::TraceableVector<jsid, 0ul, js::TempAllocPolicy, js::DefaultGCPolicy<jsid> >*, JSTracer*) has different visibility (hidden) in /opt/mozjs-45-ionpower-g3/lib/libjs_static.a(Unified_cpp_js_src3.o) and (default) in src/node_compat/http.o
ld: warning: mozilla::Vector<JS::Value, 8ul, js::TempAllocPolicy>::growStorageBy(unsigned long) has different visibility (hidden) in /opt/mozjs-45-ionpower-g3/lib/libjs_static.a(Unified_cpp_js_src3.o) and (default) in src/node_compat/timers.o
ld: warning: JS::CompileOptions::element() const has different visibility (hidden) in /opt/mozjs-45-ionpower-g3/lib/libjs_static.a(Unified_cpp_js_src4.o) and (default) in src/node_compat/buffer.o
ld: warning: JS::CompileOptions::elementAttributeName() const has different visibility (hidden) in /opt/mozjs-45-ionpower-g3/lib/libjs_static.a(Unified_cpp_js_src4.o) and (default) in src/node_compat/buffer.o
ld: warning: JS::CompileOptions::introductionScript() const has different visibility (hidden) in /opt/mozjs-45-ionpower-g3/lib/libjs_static.a(Unified_cpp_js_src4.o) and (default) in src/node_compat/buffer.o
ld: warning: mozilla::Vector<JS::Value, 8ul, js::TempAllocPolicy>::growStorageBy(unsigned long) has different visibility (hidden) in /opt/mozjs-45-ionpower-g3/lib/libjs_static.a(Unified_cpp_js_src4.o) and (default) in src/node_compat/timers.o
ld: warning: mozilla::Vector<JS::Value, 8ul, js::TempAllocPolicy>::growStorageBy(unsigned long) has different visibility (hidden) in /opt/mozjs-45-ionpower-g3/lib/libjs_static.a(jsarray.o) and (default) in src/node_compat/timers.o
ld: warning: mozilla::Vector<JS::Value, 8ul, js::TempAllocPolicy>::growStorageBy(unsigned long) has different visibility (hidden) in /opt/mozjs-45-ionpower-g3/lib/libjs_static.a(Unified_cpp_js_src12.o) and (default) in src/node_compat/timers.o
ld: warning: mozilla::Vector<JS::Value, 8ul, js::TempAllocPolicy>::growStorageBy(unsigned long) has different visibility (hidden) in /opt/mozjs-45-ionpower-g3/lib/libjs_static.a(Unified_cpp_js_src23.o) and (default) in src/node_compat/timers.o
ld: warning: JS::CompileOptions::element() const has different visibility (hidden) in /opt/mozjs-45-ionpower-g3/lib/libjs_static.a(RegExp.o) and (default) in src/node_compat/buffer.o
ld: warning: JS::CompileOptions::elementAttributeName() const has different visibility (hidden) in /opt/mozjs-45-ionpower-g3/lib/libjs_static.a(RegExp.o) and (default) in src/node_compat/buffer.o
ld: warning: JS::CompileOptions::introductionScript() const has different visibility (hidden) in /opt/mozjs-45-ionpower-g3/lib/libjs_static.a(RegExp.o) and (default) in src/node_compat/buffer.o
ld: warning: JS::CompileOptions::element() const has different visibility (hidden) in /opt/mozjs-45-ionpower-g3/lib/libjs_static.a(Unified_cpp_js_src2.o) and (default) in src/node_compat/buffer.o
ld: warning: JS::CompileOptions::elementAttributeName() const has different visibility (hidden) in /opt/mozjs-45-ionpower-g3/lib/libjs_static.a(Unified_cpp_js_src2.o) and (default) in src/node_compat/buffer.o
ld: warning: JS::CompileOptions::introductionScript() const has different visibility (hidden) in /opt/mozjs-45-ionpower-g3/lib/libjs_static.a(Unified_cpp_js_src2.o) and (default) in src/node_compat/buffer.o
ld: warning: mozilla::Vector<JS::Value, 8ul, js::TempAllocPolicy>::growStorageBy(unsigned long) has different visibility (hidden) in /opt/mozjs-45-ionpower-g3/lib/libjs_static.a(Unified_cpp_js_src2.o) and (default) in src/node_compat/timers.o
ld: warning: mozilla::Vector<JS::Value, 8ul, js::TempAllocPolicy>::growStorageBy(unsigned long) has different visibility (hidden) in /opt/mozjs-45-ionpower-g3/lib/libjs_static.a(Unified_cpp_js_src18.o) and (default) in src/node_compat/timers.o
ld: warning: mozilla::Vector<JS::Value, 8ul, js::TempAllocPolicy>::growStorageBy(unsigned long) has different visibility (hidden) in /opt/mozjs-45-ionpower-g3/lib/libjs_static.a(Unified_cpp_js_src9.o) and (default) in src/node_compat/timers.o
ld: warning: mozilla::Vector<JS::Value, 8ul, js::TempAllocPolicy>::growStorageBy(unsigned long) has different visibility (hidden) in /opt/mozjs-45-ionpower-g3/lib/libjs_static.a(Promise.o) and (default) in src/node_compat/timers.o
  [install_name_tool] @executable_path -> /opt/mozjs-45-ionpower-g3/lib
=== [imacg3/g3/0.26] test-all ===

webstreams smoke: done
./node test/module_smoke.js
ok: module core surface
ok: createRequire loads core module
ok: createRequire loads relative path
ok: createRequire accepts file:// URL
ok: require.resolve

module smoke: all assertions passed
./node test/perf_hooks_smoke.js
ok: perf_hooks surface
ok: performance.now basics
ok: globalThis.performance === perf_hooks.performance
ok: mark/measure/getEntries (stubs)
ok: PerformanceObserver shape
ok: timeOrigin reasonable
ok: now() around a loop (took 85ms, sum=4999950000)

perf_hooks smoke: all assertions passed
=== [imacg3/g3/0.26] install ===
mkdir -p /opt/ionpower-node-0.26/bin /opt/ionpower-node-0.26/share/ionpower-node/vendor
cp node /opt/ionpower-node-0.26/bin/ionpower-node
ln -sf ionpower-node /opt/ionpower-node-0.26/bin/node
cp test/vendor/babel.js /opt/ionpower-node-0.26/share/ionpower-node/vendor/
cp README.md LICENSE   /opt/ionpower-node-0.26/share/ionpower-node/ 2>/dev/null || true

installed ionpower-node 0.26 to /opt/ionpower-node-0.26
  binary:   /opt/ionpower-node-0.26/bin/node (-> ionpower-node)
  babel:    /opt/ionpower-node-0.26/share/ionpower-node/vendor/babel.js
  mozjs:    expected at /opt/mozjs-45-ionpower-g3/

Run:  /opt/ionpower-node-0.26/bin/node <script.js>
=== [imacg3/g3/0.26] tarball ===
-rw-r--r--   1 macuser  wheel  4511854 Apr 24 14:22 /tmp/ionpower-node-0.26-g3-ppc.tar.gz
=== [imacg3/g3/0.26] DONE ===
