=== [pmacg5/g5/0.32] rsync source ===
Transfer starting: 1765 files
deleting test/tiny-lru.js
deleting test/fib-report.txt
deleting test/charenc.js
deleting test/ansi-colors.js
./
src/
src/node_compat/
Makefile
README.md
test/
src/node_compat/globals.cpp
test/vendor/
src/node_compat/process.cpp
test/batch_wave_x_smoke.js
test/vendor/ansi-colors-symbols.js
test/vendor/ansi-colors.js
test/vendor/charenc.js
test/vendor/tiny-lru.js

sent 110371 bytes  received 3550 bytes  681753 bytes/sec
total size is 35608888  speedup is 312.58
=== [pmacg5/g5/0.32] scp Makefile + process.cpp + globals.cpp (gremlin workaround) ===
=== [pmacg5/g5/0.32] clean + build  (MOZJS=/opt/mozjs-45-ionpower-g5 CPU='-mcpu=G5 -D_PPC970_') ===
rm -f src/main.o src/node_compat/console.o src/node_compat/process.o src/node_compat/fs.o src/node_compat/path.o src/node_compat/buffer.o src/node_compat/require.o src/node_compat/timers.o src/node_compat/crypto.o src/node_compat/http.o src/node_compat/child_process.o src/node_compat/event_loop.o src/node_compat/net.o src/node_compat/zlib.o src/node_compat/globals.o node
ld: warning: can't find atom for N_GSYM stabs _ZNSt17integral_constantIbLb0EE5valueE:G(0,547) in src/node_compat/child_process.o
ld: warning: can't find atom for N_GSYM stabs _ZNSt17integral_constantIbLb1EE5valueE:G(0,547) in src/node_compat/child_process.o
ld: warning: can't find atom for N_GSYM stabs _ZN9__gnu_cxx24__numeric_traits_integerIiE5__minE:G(0,1554)=k(0,94) in src/node_compat/child_process.o
ld: warning: can't find atom for N_GSYM stabs _ZN9__gnu_cxx24__numeric_traits_integerIiE5__maxE:G(0,1554) in src/node_compat/child_process.o
ld: warning: can't find atom for N_GSYM stabs _ZN9__gnu_cxx25__numeric_traits_floatingIfE16__max_exponent10E:G(0,1554) in src/node_compat/child_process.o
ld: warning: can't find atom for N_GSYM stabs _ZN9__gnu_cxx25__numeric_traits_floatingIdE16__max_exponent10E:G(0,1554) in src/node_compat/child_process.o
ld: warning: can't find atom for N_GSYM stabs _ZN9__gnu_cxx25__numeric_traits_floatingIeE16__max_exponent10E:G(0,1554) in src/node_compat/child_process.o
ld: warning: can't find atom for N_GSYM stabs _ZNSt17integral_constantIbLb0EE5valueE:G(0,417) in src/node_compat/event_loop.o
ld: warning: can't find atom for N_GSYM stabs _ZNSt17integral_constantIbLb1EE5valueE:G(0,417) in src/node_compat/event_loop.o
ld: warning: can't find atom for N_GSYM stabs _ZN9__gnu_cxx24__numeric_traits_integerIiE5__minE:G(0,190) in src/node_compat/event_loop.o
ld: warning: can't find atom for N_GSYM stabs _ZN9__gnu_cxx24__numeric_traits_integerIiE5__maxE:G(0,190) in src/node_compat/event_loop.o
ld: warning: can't find atom for N_GSYM stabs _ZN9__gnu_cxx25__numeric_traits_floatingIfE16__max_exponent10E:G(0,190) in src/node_compat/event_loop.o
ld: warning: can't find atom for N_GSYM stabs _ZN9__gnu_cxx25__numeric_traits_floatingIdE16__max_exponent10E:G(0,190) in src/node_compat/event_loop.o
ld: warning: can't find atom for N_GSYM stabs _ZN9__gnu_cxx25__numeric_traits_floatingIeE16__max_exponent10E:G(0,190) in src/node_compat/event_loop.o
ld: warning: can't find atom for N_GSYM stabs _ZN9__gnu_cxx24__numeric_traits_integerIiE5__minE:G(0,1206)=k(0,46) in src/node_compat/net.o
ld: warning: can't find atom for N_GSYM stabs _ZN9__gnu_cxx24__numeric_traits_integerIiE5__maxE:G(0,1206) in src/node_compat/net.o
ld: warning: can't find atom for N_GSYM stabs _ZN9__gnu_cxx25__numeric_traits_floatingIfE16__max_exponent10E:G(0,1206) in src/node_compat/net.o
ld: warning: can't find atom for N_GSYM stabs _ZN9__gnu_cxx25__numeric_traits_floatingIdE16__max_exponent10E:G(0,1206) in src/node_compat/net.o
ld: warning: can't find atom for N_GSYM stabs _ZN9__gnu_cxx25__numeric_traits_floatingIeE16__max_exponent10E:G(0,1206) in src/node_compat/net.o
ld: warning: duplicate dylib /opt/gcc-4.9.4/lib/libstdc++.6.dylib
ld: warning: JS::CompileOptions::element() const has different visibility (hidden) in /opt/mozjs-45-ionpower-g5/lib/libjs_static.a(Unified_cpp_js_src19.o) and (default) in src/node_compat/buffer.o
ld: warning: JS::CompileOptions::elementAttributeName() const has different visibility (hidden) in /opt/mozjs-45-ionpower-g5/lib/libjs_static.a(Unified_cpp_js_src19.o) and (default) in src/node_compat/buffer.o
ld: warning: JS::CompileOptions::introductionScript() const has different visibility (hidden) in /opt/mozjs-45-ionpower-g5/lib/libjs_static.a(Unified_cpp_js_src19.o) and (default) in src/node_compat/buffer.o
ld: warning: mozilla::Vector<JS::Value, 8ul, js::TempAllocPolicy>::growStorageBy(unsigned long) has different visibility (hidden) in /opt/mozjs-45-ionpower-g5/lib/libjs_static.a(Unified_cpp_js_src19.o) and (default) in src/node_compat/timers.o
ld: warning: mozilla::Vector<JS::Value, 8ul, js::TempAllocPolicy>::growStorageBy(unsigned long) has different visibility (hidden) in /opt/mozjs-45-ionpower-g5/lib/libjs_static.a(Unified_cpp_js_src32.o) and (default) in src/node_compat/timers.o
ld: warning: mozilla::Vector<JS::Value, 8ul, js::TempAllocPolicy>::growStorageBy(unsigned long) has different visibility (hidden) in /opt/mozjs-45-ionpower-g5/lib/libjs_static.a(Unified_cpp_js_src21.o) and (default) in src/node_compat/timers.o
ld: warning: JS::CompileOptions::element() const has different visibility (hidden) in /opt/mozjs-45-ionpower-g5/lib/libjs_static.a(Unified_cpp_js_src25.o) and (default) in src/node_compat/buffer.o
ld: warning: JS::CompileOptions::introductionScript() const has different visibility (hidden) in /opt/mozjs-45-ionpower-g5/lib/libjs_static.a(Unified_cpp_js_src25.o) and (default) in src/node_compat/buffer.o
ld: warning: js::TraceableVector<jsid, 0ul, js::TempAllocPolicy, js::DefaultGCPolicy<jsid> >::trace(js::TraceableVector<jsid, 0ul, js::TempAllocPolicy, js::DefaultGCPolicy<jsid> >*, JSTracer*) has different visibility (hidden) in /opt/mozjs-45-ionpower-g5/lib/libjs_static.a(Unified_cpp_js_src3.o) and (default) in src/node_compat/http.o
  [install_name_tool] @executable_path -> /opt/mozjs-45-ionpower-g5/lib
=== [pmacg5/g5/0.32] test-all ===
./node test/wave3_child_process_smoke.js
ok: execSync
ok: spawnSync
ok: execFileSync
ok: zlib (compression + constants)
ok: process.stdin shape

wave3_child_process smoke: all assertions passed
./node test/wave5_libs_smoke.js
ok: filter-obj
ok: is-relative-url
ok: titleize

wave5_libs smoke: all assertions passed
./node test/event_loop_smoke.js
ok: setImmediate vs setTimeout
ok: clearTimeout
ok: setTimeout wallclock (elapsed 107ms)
FAIL: earlier timer first
make: *** [Makefile:490: test-libs] Error 1
=== [pmacg5/g5/0.32] install ===
cp node /opt/ionpower-node-0.32/bin/ionpower-node
ln -sf ionpower-node /opt/ionpower-node-0.32/bin/node
cp test/vendor/babel.js      /opt/ionpower-node-0.32/share/ionpower-node/vendor/
cp test/vendor/tweetnacl.js  /opt/ionpower-node-0.32/share/ionpower-node/vendor/
cp README.md LICENSE   /opt/ionpower-node-0.32/share/ionpower-node/ 2>/dev/null || true

installed ionpower-node 0.32 to /opt/ionpower-node-0.32
  binary:   /opt/ionpower-node-0.32/bin/node (-> ionpower-node)
  babel:    /opt/ionpower-node-0.32/share/ionpower-node/vendor/babel.js
  mozjs:    expected at /opt/mozjs-45-ionpower-g5/

Run:  /opt/ionpower-node-0.32/bin/node <script.js>
=== [pmacg5/g5/0.32] tarball ===
-rw-r--r--   1 macuser  wheel  4677581 Apr 24 15:44 /tmp/ionpower-node-0.32-g5-ppc.tar.gz
=== [pmacg5/g5/0.32] DONE ===
