npm WARN notsup Unsupported engine for serve-static@2.2.1: wanted: {"node":">= 18"} (current: {"node":"10.24.1","npm":"6.14.18"})
npm WARN notsup Not compatible with your version of node/npm: serve-static@2.2.1
npm verb notsup Not compatible with your version of node/npm: serve-static@2.2.1
npm verb notsup Required: {"node":">= 18"}
npm verb notsup Actual:   {"npm":"6.14.18","node":"10.24.1"}
npm WARN notsup Unsupported engine for merge-descriptors@2.0.0: wanted: {"node":">=18"} (current: {"node":"10.24.1","npm":"6.14.18"})
npm WARN notsup Not compatible with your version of node/npm: merge-descriptors@2.0.0
npm verb notsup Not compatible with your version of node/npm: merge-descriptors@2.0.0
npm verb notsup Required: {"node":">=18"}
npm verb notsup Actual:   {"npm":"6.14.18","node":"10.24.1"}
npm WARN notsup Unsupported engine for content-disposition@1.1.0: wanted: {"node":">=18"} (current: {"node":"10.24.1","npm":"6.14.18"})
npm WARN notsup Not compatible with your version of node/npm: content-disposition@1.1.0
npm verb notsup Not compatible with your version of node/npm: content-disposition@1.1.0
npm verb notsup Required: {"node":">=18"}
npm verb notsup Actual:   {"npm":"6.14.18","node":"10.24.1"}
npm WARN notsup Unsupported engine for router@2.2.0: wanted: {"node":">= 18"} (current: {"node":"10.24.1","npm":"6.14.18"})
npm WARN notsup Not compatible with your version of node/npm: router@2.2.0
npm verb notsup Not compatible with your version of node/npm: router@2.2.0
npm verb notsup Required: {"node":">= 18"}
npm verb notsup Actual:   {"npm":"6.14.18","node":"10.24.1"}

npm verb type system
npm verb stack Error.captureStackTrace@<ionpower-node bootstrap>:4486:17
npm verb stack FetchError@/Users/macuser/tmp/npm-6.14.18/node_modules/node-fetch-npm/src/fetch-error.js:30:3
npm verb stack consumeBody/</<@/Users/macuser/tmp/npm-6.14.18/node_modules/node-fetch-npm/src/body.js:195:14
npm verb stack EventEmitter.prototype.emit@<ionpower-node bootstrap>:528:43
npm verb stack put/<@/Users/macuser/tmp/npm-6.14.18/node_modules/make-fetch-happen/cache.js:187:23
npm verb stack pump/destroys</<@/Users/macuser/tmp/npm-6.14.18/node_modules/pump/index.js:75:7
npm verb stack once/f@/Users/macuser/tmp/npm-6.14.18/node_modules/once/once.js:25:22
npm verb stack destroyer/<@/Users/macuser/tmp/npm-6.14.18/node_modules/pump/index.js:31:1
npm verb stack once/f@/Users/macuser/tmp/npm-6.14.18/node_modules/once/once.js:25:22
npm verb stack eos/onclose@/Users/macuser/tmp/npm-6.14.18/node_modules/end-of-stream/index.js:48:45
npm verb stack EventEmitter.prototype.emit@<ionpower-node bootstrap>:528:43
npm verb stack WriteStream.prototype.destroy@/Users/macuser/tmp/npm-6.14.18/node_modules/flush-write-stream/index.js:53:3
npm verb stack destroyer/<@/Users/macuser/tmp/npm-6.14.18/node_modules/pump/index.js:45:1
npm verb stack call@/Users/macuser/tmp/npm-6.14.18/node_modules/pump/index.js:52:3
npm verb stack pump/destroys</<@/Users/macuser/tmp/npm-6.14.18/node_modules/pump/index.js:72:16
npm verb stack once/f@/Users/macuser/tmp/npm-6.14.18/node_modules/once/once.js:25:22
npm verb stack destroyer/<@/Users/macuser/tmp/npm-6.14.18/node_modules/pump/index.js:31:1
npm verb stack once/f@/Users/macuser/tmp/npm-6.14.18/node_modules/once/once.js:25:22
npm verb stack eos/onerror@/Users/macuser/tmp/npm-6.14.18/node_modules/end-of-stream/index.js:43:3
npm verb stack EventEmitter.prototype.emit@<ionpower-node bootstrap>:528:43
npm verb stack put/<@/Users/macuser/tmp/npm-6.14.18/node_modules/make-fetch-happen/cache.js:175:34
npm verb stack wrap@<ionpower-node bootstrap>:491:54
npm verb stack EventEmitter.prototype.emit@<ionpower-node bootstrap>:528:43
npm verb stack put/<@/Users/macuser/tmp/npm-6.14.18/node_modules/make-fetch-happen/cache.js:174:34
npm verb stack wrap@<ionpower-node bootstrap>:491:54
npm verb stack EventEmitter.prototype.emit@<ionpower-node bootstrap>:528:43
npm verb stack flush@<ionpower-node bootstrap>:6624:30
npm verb stack _mkInflateTransform/</s.end/<@<ionpower-node bootstrap>:6655:30
npm verb stack this.__fire_due_timers__@<ionpower-node bootstrap>:4799:13
npm verb stack 
npm verb cwd /Users/macuser/tmp/express-discovery
npm verb Darwin 8.11.0
npm verb argv "/Users/macuser/tmp/ionpower-node/node" "/Users/macuser/tmp/npm-6.14.18/run-npm.js" "install" "express" "--registry=https://registry.npmjs.org" "--loglevel=silly"
npm verb node v10.24.1
npm verb npm  v6.14.18
npm ERR! Invalid response body while trying to fetch https://registry.npmjs.org/raw-body: Data error
npm verb exit [ 1, true ]
npm timing npm Completed in '141435ms'
