=== survey-one.sh PKG=joi REQUIRE=joi ===
Fri May 15 02:56:53 CDT 2026

--- npm install joi ---
/Users/macuser/tmp/npm-6.14.18/node_modules/graceful-fs/polyfills.js:145: mutating the [[Prototype]] of an object will cause your code to run very slowly; instead create the object with the correct initial [[Prototype]] value using Object.create
/Users/macuser/tmp/npm-6.14.18/node_modules/bluebird/js/release/util.js:205: unreachable code after return statement
/Users/macuser/tmp/npm-6.14.18/node_modules/bluebird/js/release/util.js:205: unreachable code after return statement
npm notice This endpoint is being retired. Use the bulk advisory endpoint instead. See the following docs for more info: https://api-docs.npmjs.com/#tag/Audit
npm WARN saveError fs.fsync is not a function
npm WARN saveError fs.fsync is not a function
npm WARN notsup Unsupported engine for joi@18.2.1: wanted: {"node":">= 20"} (current: {"node":"10.24.1","npm":"6.14.18"})
npm WARN notsup Not compatible with your version of node/npm: joi@18.2.1
npm WARN notsup Unsupported engine for @hapi/tlds@1.1.6: wanted: {"node":">=14.0.0"} (current: {"node":"10.24.1","npm":"6.14.18"})
npm WARN notsup Not compatible with your version of node/npm: @hapi/tlds@1.1.6
npm WARN notsup Unsupported engine for @hapi/address@5.1.1: wanted: {"node":">=14.0.0"} (current: {"node":"10.24.1","npm":"6.14.18"})
npm WARN notsup Not compatible with your version of node/npm: @hapi/address@5.1.1

+ joi@18.2.1
added 8 packages from 1 contributor in 61.991s


--- install exit=0 dt=67s ---

--- require('joi') ---
/Users/macuser/tmp/ionpower-node/test/vendor/babel.js:1: mutating the [[Prototype]] of an object will cause your code to run very slowly; instead create the object with the correct initial [[Prototype]] value using Object.create
REQUIRE_OK typeof=object first_keys=["_types","alternatives","any","array","boolean","date","function","link"]
--- require exit=0 dt=219s ---
