=== [imacg3/g3/0.37] rsync source ===
Transfer starting: 1774 files
deleting test/fib-report.txt
./
docs/
src/
src/node_compat/
Makefile
README.md
docs/session-2026-04-24-v-summary.md
src/main.cpp
test/
src/node_compat/globals.cpp
src/node_compat/net.cpp
src/node_compat/process.cpp
test/websocket_smoke.js

sent 135256 bytes  received 3602 bytes  386683 bytes/sec
total size is 35680709  speedup is 256.96
=== [imacg3/g3/0.37] scp Makefile + process.cpp + globals.cpp + main.cpp + net.cpp (gremlin workaround) ===
=== [imacg3/g3/0.37] clean + build  (MOZJS=/opt/mozjs-45-ionpower-g3 CPU='-mcpu=750 -mtune=750') ===
rm -f src/main.o src/node_compat/console.o src/node_compat/process.o src/node_compat/fs.o src/node_compat/path.o src/node_compat/buffer.o src/node_compat/require.o src/node_compat/timers.o src/node_compat/crypto.o src/node_compat/http.o src/node_compat/child_process.o src/node_compat/event_loop.o src/node_compat/net.o src/node_compat/zlib.o src/node_compat/globals.o node
ld: warning: mozilla::Vector<JS::Value, 8ul, js::TempAllocPolicy>::growStorageBy(unsigned long) has different visibility (hidden) in /opt/mozjs-45-ionpower-g3/lib/libjs_static.a(Unified_cpp_js_src31.o) and (default) in src/node_compat/timers.o
ld: warning: mozilla::Vector<JS::Value, 8ul, js::TempAllocPolicy>::growStorageBy(unsigned long) has different visibility (hidden) in /opt/mozjs-45-ionpower-g3/lib/libjs_static.a(Unified_cpp_js_src26.o) and (default) in src/node_compat/timers.o
ld: warning: JS::CompileOptions::element() const has different visibility (hidden) in /opt/mozjs-45-ionpower-g3/lib/libjs_static.a(Unified_cpp_js_src1.o) and (default) in src/node_compat/buffer.o
ld: warning: JS::CompileOptions::elementAttributeName() const has different visibility (hidden) in /opt/mozjs-45-ionpower-g3/lib/libjs_static.a(Unified_cpp_js_src1.o) and (default) in src/node_compat/buffer.o
ld: warning: JS::CompileOptions::introductionScript() const has different visibility (hidden) in /opt/mozjs-45-ionpower-g3/lib/libjs_static.a(Unified_cpp_js_src1.o) and (default) in src/node_compat/buffer.o
ld: warning: mozilla::Vector<JS::Value, 8ul, js::TempAllocPolicy>::growStorageBy(unsigned long) has different visibility (hidden) in /opt/mozjs-45-ionpower-g3/lib/libjs_static.a(Unified_cpp_js_src1.o) and (default) in src/node_compat/timers.o
ld: warning: mozilla::Vector<JS::Value, 8ul, js::TempAllocPolicy>::growStorageBy(unsigned long) has different visibility (hidden) in /opt/mozjs-45-ionpower-g3/lib/libjs_static.a(Unified_cpp_js_src24.o) and (default) in src/node_compat/timers.o
ld: warning: JS::CompileOptions::element() const has different visibility (hidden) in /opt/mozjs-45-ionpower-g3/lib/libjs_static.a(Unified_cpp_js_src3.o) and (default) in src/node_compat/buffer.o
ld: warning: JS::CompileOptions::elementAttributeName() const has different visibility (hidden) in /opt/mozjs-45-ionpower-g3/lib/libjs_static.a(Unified_cpp_js_src3.o) and (default) in src/node_compat/buffer.o
ld: warning: JS::CompileOptions::introductionScript() const has different visibility (hidden) in /opt/mozjs-45-ionpower-g3/lib/libjs_static.a(Unified_cpp_js_src3.o) and (default) in src/node_compat/buffer.o
ld: warning: js::TraceableVector<jsid, 0ul, js::TempAllocPolicy, js::DefaultGCPolicy<jsid> >::trace(js::TraceableVector<jsid, 0ul, js::TempAllocPolicy, js::DefaultGCPolicy<jsid> >*, JSTracer*) has different visibility (hidden) in /opt/mozjs-45-ionpower-g3/lib/libjs_static.a(Unified_cpp_js_src3.o) and (default) in src/node_compat/http.o
ld: warning: mozilla::Vector<JS::Value, 8ul, js::TempAllocPolicy>::growStorageBy(unsigned long) has different visibility (hidden) in /opt/mozjs-45-ionpower-g3/lib/libjs_static.a(Unified_cpp_js_src3.o) and (default) in src/node_compat/timers.o
ld: warning: JS::CompileOptions::element() const has different visibility (hidden) in /opt/mozjs-45-ionpower-g3/lib/libjs_static.a(Unified_cpp_js_src4.o) and (default) in src/node_compat/buffer.o
ld: warning: JS::CompileOptions::elementAttributeName() const has different visibility (hidden) in /opt/mozjs-45-ionpower-g3/lib/libjs_static.a(Unified_cpp_js_src4.o) and (default) in src/node_compat/buffer.o
ld: warning: JS::CompileOptions::introductionScript() const has different visibility (hidden) in /opt/mozjs-45-ionpower-g3/lib/libjs_static.a(Unified_cpp_js_src4.o) and (default) in src/node_compat/buffer.o
ld: warning: mozilla::Vector<JS::Value, 8ul, js::TempAllocPolicy>::growStorageBy(unsigned long) has different visibility (hidden) in /opt/mozjs-45-ionpower-g3/lib/libjs_static.a(Unified_cpp_js_src4.o) and (default) in src/node_compat/timers.o
ld: warning: mozilla::Vector<JS::Value, 8ul, js::TempAllocPolicy>::growStorageBy(unsigned long) has different visibility (hidden) in /opt/mozjs-45-ionpower-g3/lib/libjs_static.a(jsarray.o) and (default) in src/node_compat/timers.o
ld: warning: mozilla::Vector<JS::Value, 8ul, js::TempAllocPolicy>::growStorageBy(unsigned long) has different visibility (hidden) in /opt/mozjs-45-ionpower-g3/lib/libjs_static.a(Unified_cpp_js_src12.o) and (default) in src/node_compat/timers.o
ld: warning: mozilla::Vector<JS::Value, 8ul, js::TempAllocPolicy>::growStorageBy(unsigned long) has different visibility (hidden) in /opt/mozjs-45-ionpower-g3/lib/libjs_static.a(Unified_cpp_js_src23.o) and (default) in src/node_compat/timers.o
ld: warning: JS::CompileOptions::element() const has different visibility (hidden) in /opt/mozjs-45-ionpower-g3/lib/libjs_static.a(RegExp.o) and (default) in src/node_compat/buffer.o
ld: warning: JS::CompileOptions::elementAttributeName() const has different visibility (hidden) in /opt/mozjs-45-ionpower-g3/lib/libjs_static.a(RegExp.o) and (default) in src/node_compat/buffer.o
ld: warning: JS::CompileOptions::introductionScript() const has different visibility (hidden) in /opt/mozjs-45-ionpower-g3/lib/libjs_static.a(RegExp.o) and (default) in src/node_compat/buffer.o
ld: warning: JS::CompileOptions::element() const has different visibility (hidden) in /opt/mozjs-45-ionpower-g3/lib/libjs_static.a(Unified_cpp_js_src2.o) and (default) in src/node_compat/buffer.o
ld: warning: JS::CompileOptions::elementAttributeName() const has different visibility (hidden) in /opt/mozjs-45-ionpower-g3/lib/libjs_static.a(Unified_cpp_js_src2.o) and (default) in src/node_compat/buffer.o
ld: warning: JS::CompileOptions::introductionScript() const has different visibility (hidden) in /opt/mozjs-45-ionpower-g3/lib/libjs_static.a(Unified_cpp_js_src2.o) and (default) in src/node_compat/buffer.o
ld: warning: mozilla::Vector<JS::Value, 8ul, js::TempAllocPolicy>::growStorageBy(unsigned long) has different visibility (hidden) in /opt/mozjs-45-ionpower-g3/lib/libjs_static.a(Unified_cpp_js_src2.o) and (default) in src/node_compat/timers.o
ld: warning: mozilla::Vector<JS::Value, 8ul, js::TempAllocPolicy>::growStorageBy(unsigned long) has different visibility (hidden) in /opt/mozjs-45-ionpower-g3/lib/libjs_static.a(Unified_cpp_js_src18.o) and (default) in src/node_compat/timers.o
ld: warning: mozilla::Vector<JS::Value, 8ul, js::TempAllocPolicy>::growStorageBy(unsigned long) has different visibility (hidden) in /opt/mozjs-45-ionpower-g3/lib/libjs_static.a(Unified_cpp_js_src9.o) and (default) in src/node_compat/timers.o
ld: warning: mozilla::Vector<JS::Value, 8ul, js::TempAllocPolicy>::growStorageBy(unsigned long) has different visibility (hidden) in /opt/mozjs-45-ionpower-g3/lib/libjs_static.a(Promise.o) and (default) in src/node_compat/timers.o
  [install_name_tool] @executable_path -> /opt/mozjs-45-ionpower-g3/lib
=== [imacg3/g3/0.37] test-all ===
ok: mitt
ok: tiny-emitter
ok: is-number
ok: hexoid
ok: jsesc
/Users/macuser/tmp/ionpower-node/test/vendor/js-tokens.js:8: mutating the [[Prototype]] of an object will cause your code to run very slowly; instead create the object with the correct initial [[Prototype]] value using Object.create
ok: js-tokens (loaded)
ok: seedrandom
ok: assert.rejects / doesNotReject / match

batch_wave_y smoke: done
./node test/node_test_smoke.js
ok: node:test runner TAP output
ok: node: prefix alias

node_test smoke: all assertions passed
./node test/websocket_smoke.js
ok: WebSocket round-trip (text + binary) + close

websocket smoke: all assertions passed
=== [imacg3/g3/0.37] install ===
cp node /opt/ionpower-node-0.37/bin/ionpower-node
ln -sf ionpower-node /opt/ionpower-node-0.37/bin/node
cp test/vendor/babel.js      /opt/ionpower-node-0.37/share/ionpower-node/vendor/
cp test/vendor/tweetnacl.js  /opt/ionpower-node-0.37/share/ionpower-node/vendor/
cp README.md LICENSE   /opt/ionpower-node-0.37/share/ionpower-node/ 2>/dev/null || true

installed ionpower-node 0.37 to /opt/ionpower-node-0.37
  binary:   /opt/ionpower-node-0.37/bin/node (-> ionpower-node)
  babel:    /opt/ionpower-node-0.37/share/ionpower-node/vendor/babel.js
  mozjs:    expected at /opt/mozjs-45-ionpower-g3/

Run:  /opt/ionpower-node-0.37/bin/node <script.js>
=== [imacg3/g3/0.37] tarball ===
tar: ionpower-node-0.37/bin/ionpower-node: file changed as we read it
-rw-r--r--   1 macuser  wheel  4544657 Apr 24 17:11 /tmp/ionpower-node-0.37-g3-ppc.tar.gz
=== [imacg3/g3/0.37] DONE ===
